Current Python version 3.10 is below the recommended 3.11 version. It is recommended to upgrade to Python 3.11 or higher for the best experience.
Loading weights:   0%|          | 0/617 [00:00<?, ?it/s]Loading weights: 100%|██████████| 617/617 [00:00<00:00, 12466.15it/s]
{"pair_completed": 0, "total_complete": 1, "A": 0.0, "B": 0.0, "audit": {"input_prefix_matched": true, "action_prefix_matched": true, "logits_bitwise_equal": true, "max_logit_delta": 0.0, "relative_max_logit_delta": 0.0, "argmax_flip_count": 0, "prefix_decisions": 31, "first_override": null}}
{"pair_completed": 1, "total_complete": 2, "A": 1.0, "B": 1.0, "audit": {"input_prefix_matched": true, "action_prefix_matched": true, "logits_bitwise_equal": true, "max_logit_delta": 0.0, "relative_max_logit_delta": 0.0, "argmax_flip_count": 0, "prefix_decisions": 63, "first_override": null}}
{"pair_completed": 2, "total_complete": 3, "A": 0.0, "B": 0.0, "audit": {"input_prefix_matched": true, "action_prefix_matched": true, "logits_bitwise_equal": true, "max_logit_delta": 0.0, "relative_max_logit_delta": 0.0, "argmax_flip_count": 0, "prefix_decisions": 88, "first_override": null}}
{"pair_completed": 3, "total_complete": 4, "A": 0.0, "B": 0.0, "audit": {"input_prefix_matched": true, "action_prefix_matched": true, "logits_bitwise_equal": true, "max_logit_delta": 0.0, "relative_max_logit_delta": 0.0, "argmax_flip_count": 0, "prefix_decisions": 59, "first_override": 59}}
{"pair_completed": 4, "total_complete": 5, "A": 1.0, "B": 1.0, "audit": {"input_prefix_matched": true, "action_prefix_matched": true, "logits_bitwise_equal": true, "max_logit_delta": 0.0, "relative_max_logit_delta": 0.0, "argmax_flip_count": 0, "prefix_decisions": 64, "first_override": null}}
{'complete_pairs': 5, 'delta_sr': 0.0, 'wins': 0, 'losses': 0, 'gpu_hours': 0.08926307189776303}
{"pair_completed": 5, "total_complete": 6, "A": 0.0, "B": 0.0, "audit": {"input_prefix_matched": true, "action_prefix_matched": true, "logits_bitwise_equal": true, "max_logit_delta": 0.0, "relative_max_logit_delta": 0.0, "argmax_flip_count": 0, "prefix_decisions": 12, "first_override": null}}
{"pair_completed": 6, "total_complete": 7, "A": 0.0, "B": 0.0, "audit": {"input_prefix_matched": true, "action_prefix_matched": true, "logits_bitwise_equal": true, "max_logit_delta": 0.0, "relative_max_logit_delta": 0.0, "argmax_flip_count": 0, "prefix_decisions": 63, "first_override": null}}
{"pair_completed": 7, "total_complete": 8, "A": 0.0, "B": 0.0, "audit": {"input_prefix_matched": true, "action_prefix_matched": true, "logits_bitwise_equal": true, "max_logit_delta": 0.0, "relative_max_logit_delta": 0.0, "argmax_flip_count": 0, "prefix_decisions": 26, "first_override": null}}
{"pair_completed": 8, "total_complete": 9, "A": 0.0, "B": 0.0, "audit": {"input_prefix_matched": true, "action_prefix_matched": true, "logits_bitwise_equal": true, "max_logit_delta": 0.0, "relative_max_logit_delta": 0.0, "argmax_flip_count": 0, "prefix_decisions": 11, "first_override": 11}}
{"pair_completed": 9, "total_complete": 10, "A": 0.0, "B": 0.0, "audit": {"input_prefix_matched": true, "action_prefix_matched": true, "logits_bitwise_equal": true, "max_logit_delta": 0.0, "relative_max_logit_delta": 0.0, "argmax_flip_count": 0, "prefix_decisions": 46, "first_override": null}}
{"pair_completed": 10, "total_complete": 11, "A": 0.0, "B": 0.0, "audit": {"input_prefix_matched": true, "action_prefix_matched": true, "logits_bitwise_equal": true, "max_logit_delta": 0.0, "relative_max_logit_delta": 0.0, "argmax_flip_count": 0, "prefix_decisions": 84, "first_override": 84}}
{"pair_completed": 11, "total_complete": 12, "A": 1.0, "B": 1.0, "audit": {"input_prefix_matched": true, "action_prefix_matched": true, "logits_bitwise_equal": true, "max_logit_delta": 0.0, "relative_max_logit_delta": 0.0, "argmax_flip_count": 0, "prefix_decisions": 29, "first_override": null}}
{"pair_completed": 12, "total_complete": 13, "A": 0.0, "B": 0.0, "audit": {"input_prefix_matched": true, "action_prefix_matched": true, "logits_bitwise_equal": true, "max_logit_delta": 0.0, "relative_max_logit_delta": 0.0, "argmax_flip_count": 0, "prefix_decisions": 175, "first_override": null}}
{"pair_completed": 13, "total_complete": 14, "A": 0.0, "B": 0.0, "audit": {"input_prefix_matched": true, "action_prefix_matched": true, "logits_bitwise_equal": true, "max_logit_delta": 0.0, "relative_max_logit_delta": 0.0, "argmax_flip_count": 0, "prefix_decisions": 10, "first_override": null}}
{"pair_completed": 14, "total_complete": 15, "A": 0.0, "B": 0.0, "audit": {"input_prefix_matched": true, "action_prefix_matched": true, "logits_bitwise_equal": true, "max_logit_delta": 0.0, "relative_max_logit_delta": 0.0, "argmax_flip_count": 0, "prefix_decisions": 50, "first_override": null}}
{"pair_completed": 15, "total_complete": 16, "A": 1.0, "B": 1.0, "audit": {"input_prefix_matched": true, "action_prefix_matched": true, "logits_bitwise_equal": true, "max_logit_delta": 0.0, "relative_max_logit_delta": 0.0, "argmax_flip_count": 0, "prefix_decisions": 110, "first_override": null}}
{"pair_completed": 16, "total_complete": 17, "A": 0.0, "B": 0.0, "audit": {"input_prefix_matched": true, "action_prefix_matched": true, "logits_bitwise_equal": true, "max_logit_delta": 0.0, "relative_max_logit_delta": 0.0, "argmax_flip_count": 0, "prefix_decisions": 37, "first_override": 37}}
{"pair_completed": 17, "total_complete": 18, "A": 0.0, "B": 0.0, "audit": {"input_prefix_matched": true, "action_prefix_matched": true, "logits_bitwise_equal": true, "max_logit_delta": 0.0, "relative_max_logit_delta": 0.0, "argmax_flip_count": 0, "prefix_decisions": 234, "first_override": 234}}
{"pair_completed": 18, "total_complete": 19, "A": 0.0, "B": 0.0, "audit": {"input_prefix_matched": true, "action_prefix_matched": true, "logits_bitwise_equal": true, "max_logit_delta": 0.0, "relative_max_logit_delta": 0.0, "argmax_flip_count": 0, "prefix_decisions": 500, "first_override": null}}
{"pair_completed": 19, "total_complete": 20, "A": 0.0, "B": 0.0, "audit": {"input_prefix_matched": true, "action_prefix_matched": true, "logits_bitwise_equal": true, "max_logit_delta": 0.0, "relative_max_logit_delta": 0.0, "argmax_flip_count": 0, "prefix_decisions": 27, "first_override": null}}
{'complete_pairs': 20, 'delta_sr': 0.0, 'wins': 0, 'losses': 0, 'gpu_hours': 0.2627428934221906}
{"pair_completed": 20, "total_complete": 21, "A": 0.0, "B": 0.0, "audit": {"input_prefix_matched": true, "action_prefix_matched": true, "logits_bitwise_equal": true, "max_logit_delta": 0.0, "relative_max_logit_delta": 0.0, "argmax_flip_count": 0, "prefix_decisions": 57, "first_override": null}}
{"pair_completed": 21, "total_complete": 22, "A": 0.0, "B": 0.0, "audit": {"input_prefix_matched": true, "action_prefix_matched": true, "logits_bitwise_equal": true, "max_logit_delta": 0.0, "relative_max_logit_delta": 0.0, "argmax_flip_count": 0, "prefix_decisions": 133, "first_override": null}}
{"pair_completed": 22, "total_complete": 23, "A": 0.0, "B": 0.0, "audit": {"input_prefix_matched": true, "action_prefix_matched": true, "logits_bitwise_equal": true, "max_logit_delta": 0.0, "relative_max_logit_delta": 0.0, "argmax_flip_count": 0, "prefix_decisions": 122, "first_override": null}}
{"pair_completed": 23, "total_complete": 24, "A": 0.0, "B": 0.0, "audit": {"input_prefix_matched": true, "action_prefix_matched": true, "logits_bitwise_equal": true, "max_logit_delta": 0.0, "relative_max_logit_delta": 0.0, "argmax_flip_count": 0, "prefix_decisions": 105, "first_override": 105}}
{"pair_completed": 24, "total_complete": 25, "A": 0.0, "B": 0.0, "audit": {"input_prefix_matched": true, "action_prefix_matched": true, "logits_bitwise_equal": true, "max_logit_delta": 0.0, "relative_max_logit_delta": 0.0, "argmax_flip_count": 0, "prefix_decisions": 83, "first_override": 83}}
{"pair_completed": 25, "total_complete": 26, "A": 1.0, "B": 1.0, "audit": {"input_prefix_matched": true, "action_prefix_matched": true, "logits_bitwise_equal": true, "max_logit_delta": 0.0, "relative_max_logit_delta": 0.0, "argmax_flip_count": 0, "prefix_decisions": 55, "first_override": null}}
{"pair_completed": 26, "total_complete": 27, "A": 0.0, "B": 0.0, "audit": {"input_prefix_matched": true, "action_prefix_matched": true, "logits_bitwise_equal": true, "max_logit_delta": 0.0, "relative_max_logit_delta": 0.0, "argmax_flip_count": 0, "prefix_decisions": 44, "first_override": 44}}
{"pair_completed": 27, "total_complete": 28, "A": 0.0, "B": 0.0, "audit": {"input_prefix_matched": true, "action_prefix_matched": true, "logits_bitwise_equal": true, "max_logit_delta": 0.0, "relative_max_logit_delta": 0.0, "argmax_flip_count": 0, "prefix_decisions": 91, "first_override": null}}
{"pair_completed": 28, "total_complete": 29, "A": 0.0, "B": 0.0, "audit": {"input_prefix_matched": true, "action_prefix_matched": true, "logits_bitwise_equal": true, "max_logit_delta": 0.0, "relative_max_logit_delta": 0.0, "argmax_flip_count": 0, "prefix_decisions": 41, "first_override": null}}
{"pair_completed": 29, "total_complete": 30, "A": 1.0, "B": 1.0, "audit": {"input_prefix_matched": true, "action_prefix_matched": true, "logits_bitwise_equal": true, "max_logit_delta": 0.0, "relative_max_logit_delta": 0.0, "argmax_flip_count": 0, "prefix_decisions": 53, "first_override": null}}
{"pair_completed": 30, "total_complete": 31, "A": 0.0, "B": 0.0, "audit": {"input_prefix_matched": true, "action_prefix_matched": true, "logits_bitwise_equal": true, "max_logit_delta": 0.0, "relative_max_logit_delta": 0.0, "argmax_flip_count": 0, "prefix_decisions": 34, "first_override": 34}}
{"pair_completed": 31, "total_complete": 32, "A": 0.0, "B": 0.0, "audit": {"input_prefix_matched": true, "action_prefix_matched": true, "logits_bitwise_equal": true, "max_logit_delta": 0.0, "relative_max_logit_delta": 0.0, "argmax_flip_count": 0, "prefix_decisions": 213, "first_override": null}}
{"pair_completed": 32, "total_complete": 33, "A": 0.0, "B": 0.0, "audit": {"input_prefix_matched": true, "action_prefix_matched": true, "logits_bitwise_equal": true, "max_logit_delta": 0.0, "relative_max_logit_delta": 0.0, "argmax_flip_count": 0, "prefix_decisions": 423, "first_override": 423}}
{"pair_completed": 33, "total_complete": 34, "A": 0.0, "B": 0.0, "audit": {"input_prefix_matched": true, "action_prefix_matched": true, "logits_bitwise_equal": true, "max_logit_delta": 0.0, "relative_max_logit_delta": 0.0, "argmax_flip_count": 0, "prefix_decisions": 100, "first_override": null}}
{"pair_completed": 34, "total_complete": 35, "A": 0.0, "B": 0.0, "audit": {"input_prefix_matched": true, "action_prefix_matched": true, "logits_bitwise_equal": true, "max_logit_delta": 0.0, "relative_max_logit_delta": 0.0, "argmax_flip_count": 0, "prefix_decisions": 239, "first_override": null}}
{"pair_completed": 35, "total_complete": 36, "A": 1.0, "B": 1.0, "audit": {"input_prefix_matched": true, "action_prefix_matched": true, "logits_bitwise_equal": true, "max_logit_delta": 0.0, "relative_max_logit_delta": 0.0, "argmax_flip_count": 0, "prefix_decisions": 58, "first_override": null}}
{"pair_completed": 36, "total_complete": 37, "A": 0.0, "B": 0.0, "audit": {"input_prefix_matched": true, "action_prefix_matched": true, "logits_bitwise_equal": true, "max_logit_delta": 0.0, "relative_max_logit_delta": 0.0, "argmax_flip_count": 0, "prefix_decisions": 110, "first_override": 110}}
{"pair_completed": 37, "total_complete": 38, "A": 1.0, "B": 1.0, "audit": {"input_prefix_matched": true, "action_prefix_matched": true, "logits_bitwise_equal": true, "max_logit_delta": 0.0, "relative_max_logit_delta": 0.0, "argmax_flip_count": 0, "prefix_decisions": 37, "first_override": null}}
{"pair_completed": 38, "total_complete": 39, "A": 0.0, "B": 0.0, "audit": {"input_prefix_matched": true, "action_prefix_matched": true, "logits_bitwise_equal": true, "max_logit_delta": 0.0, "relative_max_logit_delta": 0.0, "argmax_flip_count": 0, "prefix_decisions": 125, "first_override": null}}
{"pair_completed": 39, "total_complete": 40, "A": 1.0, "B": 1.0, "audit": {"input_prefix_matched": true, "action_prefix_matched": true, "logits_bitwise_equal": true, "max_logit_delta": 0.0, "relative_max_logit_delta": 0.0, "argmax_flip_count": 0, "prefix_decisions": 64, "first_override": null}}
{"pair_completed": 40, "total_complete": 41, "A": 0.0, "B": 0.0, "audit": {"input_prefix_matched": true, "action_prefix_matched": true, "logits_bitwise_equal": true, "max_logit_delta": 0.0, "relative_max_logit_delta": 0.0, "argmax_flip_count": 0, "prefix_decisions": 95, "first_override": null}}
{"pair_completed": 41, "total_complete": 42, "A": 0.0, "B": 0.0, "audit": {"input_prefix_matched": true, "action_prefix_matched": true, "logits_bitwise_equal": true, "max_logit_delta": 0.0, "relative_max_logit_delta": 0.0, "argmax_flip_count": 0, "prefix_decisions": 22, "first_override": null}}
{"pair_completed": 42, "total_complete": 43, "A": 0.0, "B": 0.0, "audit": {"input_prefix_matched": true, "action_prefix_matched": true, "logits_bitwise_equal": true, "max_logit_delta": 0.0, "relative_max_logit_delta": 0.0, "argmax_flip_count": 0, "prefix_decisions": 87, "first_override": null}}
{"pair_completed": 43, "total_complete": 44, "A": 0.0, "B": 0.0, "audit": {"input_prefix_matched": true, "action_prefix_matched": true, "logits_bitwise_equal": true, "max_logit_delta": 0.0, "relative_max_logit_delta": 0.0, "argmax_flip_count": 0, "prefix_decisions": 161, "first_override": null}}
{"pair_completed": 44, "total_complete": 45, "A": 0.0, "B": 0.0, "audit": {"input_prefix_matched": true, "action_prefix_matched": true, "logits_bitwise_equal": true, "max_logit_delta": 0.0, "relative_max_logit_delta": 0.0, "argmax_flip_count": 0, "prefix_decisions": 500, "first_override": null}}
{"pair_completed": 45, "total_complete": 46, "A": 0.0, "B": 0.0, "audit": {"input_prefix_matched": true, "action_prefix_matched": true, "logits_bitwise_equal": true, "max_logit_delta": 0.0, "relative_max_logit_delta": 0.0, "argmax_flip_count": 0, "prefix_decisions": 50, "first_override": null}}
{"pair_completed": 46, "total_complete": 47, "A": 0.0, "B": 0.0, "audit": {"input_prefix_matched": true, "action_prefix_matched": true, "logits_bitwise_equal": true, "max_logit_delta": 0.0, "relative_max_logit_delta": 0.0, "argmax_flip_count": 0, "prefix_decisions": 131, "first_override": null}}
{"pair_completed": 47, "total_complete": 48, "A": 0.0, "B": 0.0, "audit": {"input_prefix_matched": true, "action_prefix_matched": true, "logits_bitwise_equal": true, "max_logit_delta": 0.0, "relative_max_logit_delta": 0.0, "argmax_flip_count": 0, "prefix_decisions": 500, "first_override": null}}
{"pair_completed": 48, "total_complete": 49, "A": 0.0, "B": 0.0, "audit": {"input_prefix_matched": true, "action_prefix_matched": true, "logits_bitwise_equal": true, "max_logit_delta": 0.0, "relative_max_logit_delta": 0.0, "argmax_flip_count": 0, "prefix_decisions": 218, "first_override": 218}}
{"pair_completed": 49, "total_complete": 50, "A": 0.0, "B": 0.0, "audit": {"input_prefix_matched": true, "action_prefix_matched": true, "logits_bitwise_equal": true, "max_logit_delta": 0.0, "relative_max_logit_delta": 0.0, "argmax_flip_count": 0, "prefix_decisions": 23, "first_override": null}}
{"pair_completed": 50, "total_complete": 51, "A": 0.0, "B": 0.0, "audit": {"input_prefix_matched": true, "action_prefix_matched": true, "logits_bitwise_equal": true, "max_logit_delta": 0.0, "relative_max_logit_delta": 0.0, "argmax_flip_count": 0, "prefix_decisions": 45, "first_override": null}}
{"pair_completed": 51, "total_complete": 52, "A": 0.0, "B": 0.0, "audit": {"input_prefix_matched": true, "action_prefix_matched": true, "logits_bitwise_equal": true, "max_logit_delta": 0.0, "relative_max_logit_delta": 0.0, "argmax_flip_count": 0, "prefix_decisions": 166, "first_override": null}}
{"pair_completed": 52, "total_complete": 53, "A": 0.0, "B": 0.0, "audit": {"input_prefix_matched": true, "action_prefix_matched": true, "logits_bitwise_equal": true, "max_logit_delta": 0.0, "relative_max_logit_delta": 0.0, "argmax_flip_count": 0, "prefix_decisions": 23, "first_override": 23}}
{"pair_completed": 53, "total_complete": 54, "A": 0.0, "B": 0.0, "audit": {"input_prefix_matched": true, "action_prefix_matched": true, "logits_bitwise_equal": true, "max_logit_delta": 0.0, "relative_max_logit_delta": 0.0, "argmax_flip_count": 0, "prefix_decisions": 16, "first_override": null}}
{"pair_completed": 54, "total_complete": 55, "A": 0.0, "B": 0.0, "audit": {"input_prefix_matched": true, "action_prefix_matched": true, "logits_bitwise_equal": true, "max_logit_delta": 0.0, "relative_max_logit_delta": 0.0, "argmax_flip_count": 0, "prefix_decisions": 65, "first_override": null}}
{"pair_completed": 55, "total_complete": 56, "A": 1.0, "B": 1.0, "audit": {"input_prefix_matched": true, "action_prefix_matched": true, "logits_bitwise_equal": true, "max_logit_delta": 0.0, "relative_max_logit_delta": 0.0, "argmax_flip_count": 0, "prefix_decisions": 64, "first_override": null}}
{"pair_completed": 56, "total_complete": 57, "A": 0.0, "B": 0.0, "audit": {"input_prefix_matched": true, "action_prefix_matched": true, "logits_bitwise_equal": true, "max_logit_delta": 0.0, "relative_max_logit_delta": 0.0, "argmax_flip_count": 0, "prefix_decisions": 15, "first_override": 15}}
{"pair_completed": 57, "total_complete": 58, "A": 0.0, "B": 0.0, "audit": {"input_prefix_matched": true, "action_prefix_matched": true, "logits_bitwise_equal": true, "max_logit_delta": 0.0, "relative_max_logit_delta": 0.0, "argmax_flip_count": 0, "prefix_decisions": 150, "first_override": null}}
{"pair_completed": 58, "total_complete": 59, "A": 0.0, "B": 0.0, "audit": {"input_prefix_matched": true, "action_prefix_matched": true, "logits_bitwise_equal": true, "max_logit_delta": 0.0, "relative_max_logit_delta": 0.0, "argmax_flip_count": 0, "prefix_decisions": 135, "first_override": null}}
{"pair_completed": 59, "total_complete": 60, "A": 1.0, "B": 1.0, "audit": {"input_prefix_matched": true, "action_prefix_matched": true, "logits_bitwise_equal": true, "max_logit_delta": 0.0, "relative_max_logit_delta": 0.0, "argmax_flip_count": 0, "prefix_decisions": 62, "first_override": null}}
{"pair_completed": 60, "total_complete": 61, "A": 0.0, "B": 0.0, "audit": {"input_prefix_matched": true, "action_prefix_matched": true, "logits_bitwise_equal": true, "max_logit_delta": 0.0, "relative_max_logit_delta": 0.0, "argmax_flip_count": 0, "prefix_decisions": 268, "first_override": null}}
{"pair_completed": 61, "total_complete": 62, "A": 0.0, "B": 0.0, "audit": {"input_prefix_matched": true, "action_prefix_matched": true, "logits_bitwise_equal": true, "max_logit_delta": 0.0, "relative_max_logit_delta": 0.0, "argmax_flip_count": 0, "prefix_decisions": 92, "first_override": null}}
{"pair_completed": 62, "total_complete": 63, "A": 0.0, "B": 0.0, "audit": {"input_prefix_matched": true, "action_prefix_matched": true, "logits_bitwise_equal": true, "max_logit_delta": 0.0, "relative_max_logit_delta": 0.0, "argmax_flip_count": 0, "prefix_decisions": 91, "first_override": 91}}
{"pair_completed": 63, "total_complete": 64, "A": 0.0, "B": 0.0, "audit": {"input_prefix_matched": true, "action_prefix_matched": true, "logits_bitwise_equal": true, "max_logit_delta": 0.0, "relative_max_logit_delta": 0.0, "argmax_flip_count": 0, "prefix_decisions": 350, "first_override": null}}
{"pair_completed": 64, "total_complete": 65, "A": 0.0, "B": 0.0, "audit": {"input_prefix_matched": true, "action_prefix_matched": true, "logits_bitwise_equal": true, "max_logit_delta": 0.0, "relative_max_logit_delta": 0.0, "argmax_flip_count": 0, "prefix_decisions": 333, "first_override": 333}}
{"pair_completed": 65, "total_complete": 66, "A": 0.0, "B": 0.0, "audit": {"input_prefix_matched": true, "action_prefix_matched": true, "logits_bitwise_equal": true, "max_logit_delta": 0.0, "relative_max_logit_delta": 0.0, "argmax_flip_count": 0, "prefix_decisions": 44, "first_override": null}}
{"pair_completed": 66, "total_complete": 67, "A": 0.0, "B": 0.0, "audit": {"input_prefix_matched": true, "action_prefix_matched": true, "logits_bitwise_equal": true, "max_logit_delta": 0.0, "relative_max_logit_delta": 0.0, "argmax_flip_count": 0, "prefix_decisions": 109, "first_override": null}}
{"pair_completed": 67, "total_complete": 68, "A": 0.0, "B": 0.0, "audit": {"input_prefix_matched": true, "action_prefix_matched": true, "logits_bitwise_equal": true, "max_logit_delta": 0.0, "relative_max_logit_delta": 0.0, "argmax_flip_count": 0, "prefix_decisions": 36, "first_override": null}}
{"pair_completed": 68, "total_complete": 69, "A": 0.0, "B": 0.0, "audit": {"input_prefix_matched": true, "action_prefix_matched": true, "logits_bitwise_equal": true, "max_logit_delta": 0.0, "relative_max_logit_delta": 0.0, "argmax_flip_count": 0, "prefix_decisions": 59, "first_override": null}}
{"pair_completed": 69, "total_complete": 70, "A": 1.0, "B": 1.0, "audit": {"input_prefix_matched": true, "action_prefix_matched": true, "logits_bitwise_equal": true, "max_logit_delta": 0.0, "relative_max_logit_delta": 0.0, "argmax_flip_count": 0, "prefix_decisions": 60, "first_override": null}}
{"pair_completed": 70, "total_complete": 71, "A": 0.0, "B": 0.0, "audit": {"input_prefix_matched": true, "action_prefix_matched": true, "logits_bitwise_equal": true, "max_logit_delta": 0.0, "relative_max_logit_delta": 0.0, "argmax_flip_count": 0, "prefix_decisions": 186, "first_override": 186}}
{"pair_completed": 71, "total_complete": 72, "A": 0.0, "B": 0.0, "audit": {"input_prefix_matched": true, "action_prefix_matched": true, "logits_bitwise_equal": true, "max_logit_delta": 0.0, "relative_max_logit_delta": 0.0, "argmax_flip_count": 0, "prefix_decisions": 383, "first_override": null}}
{"pair_completed": 72, "total_complete": 73, "A": 0.0, "B": 0.0, "audit": {"input_prefix_matched": true, "action_prefix_matched": true, "logits_bitwise_equal": true, "max_logit_delta": 0.0, "relative_max_logit_delta": 0.0, "argmax_flip_count": 0, "prefix_decisions": 23, "first_override": 23}}
{"pair_completed": 73, "total_complete": 74, "A": 0.0, "B": 0.0, "audit": {"input_prefix_matched": true, "action_prefix_matched": true, "logits_bitwise_equal": true, "max_logit_delta": 0.0, "relative_max_logit_delta": 0.0, "argmax_flip_count": 0, "prefix_decisions": 24, "first_override": 24}}
{"pair_completed": 74, "total_complete": 75, "A": 0.0, "B": 0.0, "audit": {"input_prefix_matched": true, "action_prefix_matched": true, "logits_bitwise_equal": true, "max_logit_delta": 0.0, "relative_max_logit_delta": 0.0, "argmax_flip_count": 0, "prefix_decisions": 117, "first_override": null}}
{"pair_completed": 75, "total_complete": 76, "A": 0.0, "B": 0.0, "audit": {"input_prefix_matched": true, "action_prefix_matched": true, "logits_bitwise_equal": true, "max_logit_delta": 0.0, "relative_max_logit_delta": 0.0, "argmax_flip_count": 0, "prefix_decisions": 183, "first_override": null}}
{"pair_completed": 76, "total_complete": 77, "A": 0.0, "B": 0.0, "audit": {"input_prefix_matched": true, "action_prefix_matched": true, "logits_bitwise_equal": true, "max_logit_delta": 0.0, "relative_max_logit_delta": 0.0, "argmax_flip_count": 0, "prefix_decisions": 13, "first_override": 13}}
{"pair_completed": 77, "total_complete": 78, "A": 1.0, "B": 1.0, "audit": {"input_prefix_matched": true, "action_prefix_matched": true, "logits_bitwise_equal": true, "max_logit_delta": 0.0, "relative_max_logit_delta": 0.0, "argmax_flip_count": 0, "prefix_decisions": 62, "first_override": null}}
{"pair_completed": 78, "total_complete": 79, "A": 1.0, "B": 1.0, "audit": {"input_prefix_matched": true, "action_prefix_matched": true, "logits_bitwise_equal": true, "max_logit_delta": 0.0, "relative_max_logit_delta": 0.0, "argmax_flip_count": 0, "prefix_decisions": 62, "first_override": null}}
{"pair_completed": 79, "total_complete": 80, "A": 0.0, "B": 0.0, "audit": {"input_prefix_matched": true, "action_prefix_matched": true, "logits_bitwise_equal": true, "max_logit_delta": 0.0, "relative_max_logit_delta": 0.0, "argmax_flip_count": 0, "prefix_decisions": 11, "first_override": null}}
{"pair_completed": 80, "total_complete": 81, "A": 0.0, "B": 0.0, "audit": {"input_prefix_matched": true, "action_prefix_matched": true, "logits_bitwise_equal": true, "max_logit_delta": 0.0, "relative_max_logit_delta": 0.0, "argmax_flip_count": 0, "prefix_decisions": 199, "first_override": null}}
{"pair_completed": 81, "total_complete": 82, "A": 0.0, "B": 0.0, "audit": {"input_prefix_matched": true, "action_prefix_matched": true, "logits_bitwise_equal": true, "max_logit_delta": 0.0, "relative_max_logit_delta": 0.0, "argmax_flip_count": 0, "prefix_decisions": 111, "first_override": 111}}
{"pair_completed": 82, "total_complete": 83, "A": 0.0, "B": 0.0, "audit": {"input_prefix_matched": true, "action_prefix_matched": true, "logits_bitwise_equal": true, "max_logit_delta": 0.0, "relative_max_logit_delta": 0.0, "argmax_flip_count": 0, "prefix_decisions": 33, "first_override": null}}
{"pair_completed": 83, "total_complete": 84, "A": 0.0, "B": 0.0, "audit": {"input_prefix_matched": true, "action_prefix_matched": true, "logits_bitwise_equal": true, "max_logit_delta": 0.0, "relative_max_logit_delta": 0.0, "argmax_flip_count": 0, "prefix_decisions": 95, "first_override": null}}
{"pair_completed": 84, "total_complete": 85, "A": 0.0, "B": 0.0, "audit": {"input_prefix_matched": true, "action_prefix_matched": true, "logits_bitwise_equal": true, "max_logit_delta": 0.0, "relative_max_logit_delta": 0.0, "argmax_flip_count": 0, "prefix_decisions": 49, "first_override": null}}
{"pair_completed": 85, "total_complete": 86, "A": 1.0, "B": 1.0, "audit": {"input_prefix_matched": true, "action_prefix_matched": true, "logits_bitwise_equal": true, "max_logit_delta": 0.0, "relative_max_logit_delta": 0.0, "argmax_flip_count": 0, "prefix_decisions": 62, "first_override": null}}
{"pair_completed": 86, "total_complete": 87, "A": 0.0, "B": 0.0, "audit": {"input_prefix_matched": true, "action_prefix_matched": true, "logits_bitwise_equal": true, "max_logit_delta": 0.0, "relative_max_logit_delta": 0.0, "argmax_flip_count": 0, "prefix_decisions": 58, "first_override": null}}
{"pair_completed": 87, "total_complete": 88, "A": 0.0, "B": 0.0, "audit": {"input_prefix_matched": true, "action_prefix_matched": true, "logits_bitwise_equal": true, "max_logit_delta": 0.0, "relative_max_logit_delta": 0.0, "argmax_flip_count": 0, "prefix_decisions": 25, "first_override": 25}}
{"pair_completed": 88, "total_complete": 89, "A": 0.0, "B": 0.0, "audit": {"input_prefix_matched": true, "action_prefix_matched": true, "logits_bitwise_equal": true, "max_logit_delta": 0.0, "relative_max_logit_delta": 0.0, "argmax_flip_count": 0, "prefix_decisions": 29, "first_override": null}}
{"pair_completed": 89, "total_complete": 90, "A": 1.0, "B": 1.0, "audit": {"input_prefix_matched": true, "action_prefix_matched": true, "logits_bitwise_equal": true, "max_logit_delta": 0.0, "relative_max_logit_delta": 0.0, "argmax_flip_count": 0, "prefix_decisions": 57, "first_override": null}}
{"pair_completed": 90, "total_complete": 91, "A": 1.0, "B": 1.0, "audit": {"input_prefix_matched": true, "action_prefix_matched": true, "logits_bitwise_equal": true, "max_logit_delta": 0.0, "relative_max_logit_delta": 0.0, "argmax_flip_count": 0, "prefix_decisions": 46, "first_override": null}}
{"pair_completed": 91, "total_complete": 92, "A": 1.0, "B": 1.0, "audit": {"input_prefix_matched": true, "action_prefix_matched": true, "logits_bitwise_equal": true, "max_logit_delta": 0.0, "relative_max_logit_delta": 0.0, "argmax_flip_count": 0, "prefix_decisions": 59, "first_override": null}}
{"pair_completed": 92, "total_complete": 93, "A": 0.0, "B": 0.0, "audit": {"input_prefix_matched": true, "action_prefix_matched": true, "logits_bitwise_equal": true, "max_logit_delta": 0.0, "relative_max_logit_delta": 0.0, "argmax_flip_count": 0, "prefix_decisions": 133, "first_override": null}}
{"pair_completed": 93, "total_complete": 94, "A": 0.0, "B": 0.0, "audit": {"input_prefix_matched": true, "action_prefix_matched": true, "logits_bitwise_equal": true, "max_logit_delta": 0.0, "relative_max_logit_delta": 0.0, "argmax_flip_count": 0, "prefix_decisions": 78, "first_override": null}}
{"pair_completed": 94, "total_complete": 95, "A": 0.0, "B": 0.0, "audit": {"input_prefix_matched": true, "action_prefix_matched": true, "logits_bitwise_equal": true, "max_logit_delta": 0.0, "relative_max_logit_delta": 0.0, "argmax_flip_count": 0, "prefix_decisions": 108, "first_override": null}}
{"pair_completed": 95, "total_complete": 96, "A": 0.0, "B": 0.0, "audit": {"input_prefix_matched": true, "action_prefix_matched": true, "logits_bitwise_equal": true, "max_logit_delta": 0.0, "relative_max_logit_delta": 0.0, "argmax_flip_count": 0, "prefix_decisions": 159, "first_override": 159}}
{"pair_completed": 96, "total_complete": 97, "A": 1.0, "B": 1.0, "audit": {"input_prefix_matched": true, "action_prefix_matched": true, "logits_bitwise_equal": true, "max_logit_delta": 0.0, "relative_max_logit_delta": 0.0, "argmax_flip_count": 0, "prefix_decisions": 44, "first_override": null}}
{"pair_completed": 97, "total_complete": 98, "A": 0.0, "B": 0.0, "audit": {"input_prefix_matched": true, "action_prefix_matched": true, "logits_bitwise_equal": true, "max_logit_delta": 0.0, "relative_max_logit_delta": 0.0, "argmax_flip_count": 0, "prefix_decisions": 101, "first_override": null}}
{"pair_completed": 98, "total_complete": 99, "A": 0.0, "B": 0.0, "audit": {"input_prefix_matched": true, "action_prefix_matched": true, "logits_bitwise_equal": true, "max_logit_delta": 0.0, "relative_max_logit_delta": 0.0, "argmax_flip_count": 0, "prefix_decisions": 289, "first_override": null}}
{"pair_completed": 99, "total_complete": 100, "A": 1.0, "B": 1.0, "audit": {"input_prefix_matched": true, "action_prefix_matched": true, "logits_bitwise_equal": true, "max_logit_delta": 0.0, "relative_max_logit_delta": 0.0, "argmax_flip_count": 0, "prefix_decisions": 47, "first_override": null}}
{'complete_pairs': 100, 'delta_sr': 0.0, 'wins': 0, 'losses': 0, 'gpu_hours': 1.3587723876755142}
