Current Python version 3.10 is below the recommended 3.11 version. It is recommended to upgrade to Python 3.11 or higher for the best experience.
Loading weights:   0%|          | 0/617 [00:00<?, ?it/s]Loading weights: 100%|██████████| 617/617 [00:00<00:00, 12690.69it/s]
{"completed": 1, "rank": 0, "success": {"A": 0.0, "B": 0.0, "C": 0.0, "D": 0.0, "E": 0.0}}
{"completed": 2, "rank": 1, "success": {"A": 1.0, "B": 0.0, "C": 0.0, "D": 0.0, "E": 0.0}}
{"completed": 3, "rank": 2, "success": {"A": 0.0, "B": 0.0, "C": 0.0, "D": 0.0, "E": 0.0}}
{"completed": 4, "rank": 3, "success": {"A": 0.0, "B": 0.0, "C": 1.0, "D": 0.0, "E": 0.0}}
{"completed": 5, "rank": 4, "success": {"A": 1.0, "B": 0.0, "C": 0.0, "D": 1.0, "E": 0.0}}
{"completed": 6, "rank": 5, "success": {"A": 0.0, "B": 0.0, "C": 0.0, "D": 0.0, "E": 0.0}}
{"completed": 7, "rank": 6, "success": {"A": 0.0, "B": 0.0, "C": 0.0, "D": 0.0, "E": 0.0}}
{"completed": 8, "rank": 7, "success": {"A": 0.0, "B": 0.0, "C": 0.0, "D": 0.0, "E": 0.0}}
{"completed": 9, "rank": 8, "success": {"A": 0.0, "B": 1.0, "C": 1.0, "D": 1.0, "E": 1.0}}
{"completed": 10, "rank": 9, "success": {"A": 0.0, "B": 0.0, "C": 0.0, "D": 0.0, "E": 0.0}}
{"completed": 11, "rank": 10, "success": {"A": 0.0, "B": 0.0, "C": 0.0, "D": 0.0, "E": 0.0}}
{"completed": 12, "rank": 11, "success": {"A": 1.0, "B": 1.0, "C": 1.0, "D": 1.0, "E": 1.0}}
{"completed": 13, "rank": 12, "success": {"A": 0.0, "B": 0.0, "C": 0.0, "D": 0.0, "E": 1.0}}
{"completed": 14, "rank": 13, "success": {"A": 0.0, "B": 0.0, "C": 0.0, "D": 0.0, "E": 0.0}}
{"completed": 15, "rank": 14, "success": {"A": 0.0, "B": 0.0, "C": 0.0, "D": 0.0, "E": 0.0}}
{"completed": 16, "rank": 15, "success": {"A": 1.0, "B": 0.0, "C": 0.0, "D": 0.0, "E": 0.0}}
{"completed": 17, "rank": 16, "success": {"A": 0.0, "B": 0.0, "C": 0.0, "D": 0.0, "E": 0.0}}
{"completed": 18, "rank": 17, "success": {"A": 0.0, "B": 0.0, "C": 0.0, "D": 0.0, "E": 0.0}}
{"completed": 19, "rank": 18, "success": {"A": 0.0, "B": 0.0, "C": 0.0, "D": 0.0, "E": 0.0}}
{"completed": 20, "rank": 19, "success": {"A": 0.0, "B": 1.0, "C": 0.0, "D": 0.0, "E": 0.0}}
{"completed": 21, "rank": 20, "success": {"A": 0.0, "B": 0.0, "C": 0.0, "D": 0.0, "E": 0.0}}
{"completed": 22, "rank": 21, "success": {"A": 0.0, "B": 0.0, "C": 0.0, "D": 0.0, "E": 0.0}}
{"completed": 23, "rank": 22, "success": {"A": 0.0, "B": 0.0, "C": 0.0, "D": 0.0, "E": 0.0}}
{"completed": 24, "rank": 23, "success": {"A": 0.0, "B": 0.0, "C": 0.0, "D": 0.0, "E": 0.0}}
{"completed": 25, "rank": 24, "success": {"A": 0.0, "B": 0.0, "C": 0.0, "D": 0.0, "E": 0.0}}
{"completed": 26, "rank": 25, "success": {"A": 1.0, "B": 0.0, "C": 0.0, "D": 1.0, "E": 0.0}}
Traceback (most recent call last):
  File "/mnt/data_nas/deeprobotics/daiyang/vla/projects/qwen35_indoor_nav/closed_loop_bench/ordinary_memory_transfer_v10/evaluate.py", line 224, in <module>
    if __name__=='__main__':main(Path(sys.argv[1]))
  File "/mnt/data_nas/deeprobotics/daiyang/vla/projects/qwen35_indoor_nav/closed_loop_bench/ordinary_memory_transfer_v10/evaluate.py", line 135, in main
    if stop:raise InterruptedError('GRACEFUL_RESOURCE_STOP')
InterruptedError: GRACEFUL_RESOURCE_STOP
