WARNING: Logging before InitGoogleLogging() is written to STDERR
I0923 21:31:19.462258 2579673 ManagedContainerBase.cpp:19] ManagedContainerBase::convertFilenameToJSON : Filename : default changed to proposed JSON configuration filename : default.scene_dataset_config.json
I0923 21:31:19.462316 2579673 AttributesManagerBase.h:283] AttributesManager<T>::createFromJsonOrDefaultInternal  (Dataset) : Proposing JSON name : default.scene_dataset_config.json from original name : default | This file  does not exist.
I0923 21:31:19.462405 2579673 AssetAttributesManager.cpp:117] Asset attributes (capsule3DSolid : capsule3DSolid_hemiRings_4_cylRings_1_segments_12_halfLen_0.75_useTexCoords_false_useTangents_false) created and registered.
I0923 21:31:19.462432 2579673 AssetAttributesManager.cpp:117] Asset attributes (capsule3DWireframe : capsule3DWireframe_hemiRings_8_cylRings_1_segments_16_halfLen_1) created and registered.
I0923 21:31:19.462457 2579673 AssetAttributesManager.cpp:117] Asset attributes (coneSolid : coneSolid_segments_12_halfLen_1.25_rings_1_useTexCoords_false_useTangents_false_capEnd_true) created and registered.
I0923 21:31:19.462472 2579673 AssetAttributesManager.cpp:117] Asset attributes (coneWireframe : coneWireframe_segments_32_halfLen_1.25) created and registered.
I0923 21:31:19.462481 2579673 AssetAttributesManager.cpp:117] Asset attributes (cubeSolid : cubeSolid) created and registered.
I0923 21:31:19.462487 2579673 AssetAttributesManager.cpp:117] Asset attributes (cubeWireframe : cubeWireframe) created and registered.
I0923 21:31:19.462507 2579673 AssetAttributesManager.cpp:117] Asset attributes (cylinderSolid : cylinderSolid_rings_1_segments_12_halfLen_1_useTexCoords_false_useTangents_false_capEnds_true) created and registered.
I0923 21:31:19.462525 2579673 AssetAttributesManager.cpp:117] Asset attributes (cylinderWireframe : cylinderWireframe_rings_1_segments_32_halfLen_1) created and registered.
I0923 21:31:19.462536 2579673 AssetAttributesManager.cpp:117] Asset attributes (icosphereSolid : icosphereSolid_subdivs_1) created and registered.
I0923 21:31:19.462545 2579673 AssetAttributesManager.cpp:117] Asset attributes (icosphereWireframe : icosphereWireframe_subdivs_1) created and registered.
I0923 21:31:19.462558 2579673 AssetAttributesManager.cpp:117] Asset attributes (uvSphereSolid : uvSphereSolid_rings_8_segments_16_useTexCoords_false_useTangents_false) created and registered.
I0923 21:31:19.462571 2579673 AssetAttributesManager.cpp:117] Asset attributes (uvSphereWireframe : uvSphereWireframe_rings_16_segments_32) created and registered.
I0923 21:31:19.462576 2579673 AssetAttributesManager.cpp:105] AssetAttributesManager::buildCtorFuncPtrMaps : Built default primitive asset templates : 12
I0923 21:31:19.462972 2579673 SceneDatasetAttributesManager.cpp:23] File (default) not found, so new default dataset attributes created and registered.
I0923 21:31:19.462975 2579673 MetadataMediator.cpp:47] MetadataMediator::createDataset : Dataset default successfully created.
I0923 21:31:19.465684 2579673 AttributesManagerBase.h:283] AttributesManager<T>::createFromJsonOrDefaultInternal  (Physics Manager) : Proposing JSON name : ./data/default.physics_config.json from original name : ./data/default.physics_config.json | This file  does not exist.
I0923 21:31:19.465698 2579673 PhysicsAttributesManager.cpp:27] File (./data/default.physics_config.json) not found, so new default physics manager attributes created and registered.
I0923 21:31:19.465701 2579673 AbstractObjectAttributesManagerBase.h:175] AbstractObjectAttributesManager<T>::createObject  (Stage) : Making attributes with handle : /mnt/data_nas/deeprobotics/daiyang/vla/third_party/ETP-R1/data/scene_datasets/mp3d/VVfe2KiqLaN/VVfe2KiqLaN.glb
I0923 21:31:19.465705 2579673 ManagedContainerBase.cpp:19] ManagedContainerBase::convertFilenameToJSON : Filename : /mnt/data_nas/deeprobotics/daiyang/vla/third_party/ETP-R1/data/scene_datasets/mp3d/VVfe2KiqLaN/VVfe2KiqLaN.glb changed to proposed JSON configuration filename : /mnt/data_nas/deeprobotics/daiyang/vla/third_party/ETP-R1/data/scene_datasets/mp3d/VVfe2KiqLaN/VVfe2KiqLaN.stage_config.json
I0923 21:31:19.469686 2579673 AttributesManagerBase.h:283] AttributesManager<T>::createFromJsonOrDefaultInternal  (Stage) : Proposing JSON name : /mnt/data_nas/deeprobotics/daiyang/vla/third_party/ETP-R1/data/scene_datasets/mp3d/VVfe2KiqLaN/VVfe2KiqLaN.stage_config.json from original name : /mnt/data_nas/deeprobotics/daiyang/vla/third_party/ETP-R1/data/scene_datasets/mp3d/VVfe2KiqLaN/VVfe2KiqLaN.glb | This file  does not exist.
I0923 21:31:19.469735 2579673 AbstractObjectAttributesManagerBase.h:181] AbstractObjectAttributesManager<T>::createObject  (Stage) : Done making attributes with handle : /mnt/data_nas/deeprobotics/daiyang/vla/third_party/ETP-R1/data/scene_datasets/mp3d/VVfe2KiqLaN/VVfe2KiqLaN.glb
I0923 21:31:19.469738 2579673 AbstractObjectAttributesManagerBase.h:188] File (/mnt/data_nas/deeprobotics/daiyang/vla/third_party/ETP-R1/data/scene_datasets/mp3d/VVfe2KiqLaN/VVfe2KiqLaN.glb) exists but is not a recognized config filename extension, so new default Stage attributes created and registered.
I0923 21:31:19.469749 2579673 Simulator.cpp:156] Loading navmesh from /mnt/data_nas/deeprobotics/daiyang/vla/third_party/ETP-R1/data/scene_datasets/mp3d/VVfe2KiqLaN/VVfe2KiqLaN.navmesh
I0923 21:31:19.470623 2579673 Simulator.cpp:158] Loaded.
I0923 21:31:19.470636 2579673 SceneGraph.h:93] Created DrawableGroup: 
Renderer: NVIDIA GeForce RTX 5090/PCIe/SSE2 by NVIDIA Corporation
OpenGL version: 4.6.0 NVIDIA 580.126.09
Using optional features:
    GL_ARB_ES2_compatibility
    GL_ARB_direct_state_access
    GL_ARB_get_texture_sub_image
    GL_ARB_invalidate_subdata
    GL_ARB_multi_bind
    GL_ARB_robustness
    GL_ARB_separate_shader_objects
    GL_ARB_texture_filter_anisotropic
    GL_ARB_texture_storage
    GL_ARB_texture_storage_multisample
    GL_ARB_vertex_array_object
    GL_KHR_debug
Using driver workarounds:
    no-forward-compatible-core-context
    nv-egl-incorrect-gl11-function-pointers
    no-layout-qualifiers-on-old-glsl
    nv-zero-context-profile-mask
    nv-implementation-color-read-format-dsa-broken
    nv-cubemap-inconsistent-compressed-image-size
    nv-cubemap-broken-full-compressed-image-query
    nv-compressed-block-size-in-bits
I0923 21:31:20.374785 2579673 ResourceManager.cpp:234] ResourceManager::loadStage : Not loading semantic mesh
I0923 21:31:20.374820 2579673 ResourceManager.cpp:262] ResourceManager::loadStage : start load render asset /mnt/data_nas/deeprobotics/daiyang/vla/third_party/ETP-R1/data/scene_datasets/mp3d/VVfe2KiqLaN/VVfe2KiqLaN.glb.
I0923 21:31:20.374822 2579673 ResourceManager.cpp:569] ResourceManager::loadStageInternal : Attempting to load stage /mnt/data_nas/deeprobotics/daiyang/vla/third_party/ETP-R1/data/scene_datasets/mp3d/VVfe2KiqLaN/VVfe2KiqLaN.glb 
I0923 21:31:20.374914 2579673 ResourceManager.cpp:1119] Importing Basis files as BC7 for VVfe2KiqLaN.glb
W0923 21:31:21.542667 2579673 Simulator.cpp:248] :
---
 The active scene does not contain semantic annotations. 
---
I0923 21:31:21.572724 2579673 simulator.py:213] Loaded navmesh /mnt/data_nas/deeprobotics/daiyang/vla/third_party/ETP-R1/data/scene_datasets/mp3d/VVfe2KiqLaN/VVfe2KiqLaN.navmesh
I0923 21:31:21.713469 2579673 PhysicsManager.cpp:33] Deconstructing PhysicsManager
I0923 21:31:21.713486 2579673 SemanticScene.h:41] Deconstructing SemanticScene
I0923 21:31:21.714418 2579673 SceneManager.h:25] Deconstructing SceneManager
I0923 21:31:21.714423 2579673 SceneGraph.h:26] Deconstructing SceneGraph
I0923 21:31:21.714514 2579673 Sensor.h:87] Deconstructing Sensor
I0923 21:31:21.716522 2579673 Renderer.cpp:34] Deconstructing Renderer
I0923 21:31:21.716538 2579673 WindowlessContext.h:17] Deconstructing WindowlessContext
I0923 21:31:21.720199 2579673 ManagedContainerBase.cpp:19] ManagedContainerBase::convertFilenameToJSON : Filename : default changed to proposed JSON configuration filename : default.scene_dataset_config.json
I0923 21:31:21.720212 2579673 AttributesManagerBase.h:283] AttributesManager<T>::createFromJsonOrDefaultInternal  (Dataset) : Proposing JSON name : default.scene_dataset_config.json from original name : default | This file  does not exist.
I0923 21:31:21.720299 2579673 AssetAttributesManager.cpp:117] Asset attributes (capsule3DSolid : capsule3DSolid_hemiRings_4_cylRings_1_segments_12_halfLen_0.75_useTexCoords_false_useTangents_false) created and registered.
I0923 21:31:21.720322 2579673 AssetAttributesManager.cpp:117] Asset attributes (capsule3DWireframe : capsule3DWireframe_hemiRings_8_cylRings_1_segments_16_halfLen_1) created and registered.
I0923 21:31:21.720350 2579673 AssetAttributesManager.cpp:117] Asset attributes (coneSolid : coneSolid_segments_12_halfLen_1.25_rings_1_useTexCoords_false_useTangents_false_capEnd_true) created and registered.
I0923 21:31:21.720362 2579673 AssetAttributesManager.cpp:117] Asset attributes (coneWireframe : coneWireframe_segments_32_halfLen_1.25) created and registered.
I0923 21:31:21.720369 2579673 AssetAttributesManager.cpp:117] Asset attributes (cubeSolid : cubeSolid) created and registered.
I0923 21:31:21.720376 2579673 AssetAttributesManager.cpp:117] Asset attributes (cubeWireframe : cubeWireframe) created and registered.
I0923 21:31:21.720394 2579673 AssetAttributesManager.cpp:117] Asset attributes (cylinderSolid : cylinderSolid_rings_1_segments_12_halfLen_1_useTexCoords_false_useTangents_false_capEnds_true) created and registered.
I0923 21:31:21.720410 2579673 AssetAttributesManager.cpp:117] Asset attributes (cylinderWireframe : cylinderWireframe_rings_1_segments_32_halfLen_1) created and registered.
I0923 21:31:21.720422 2579673 AssetAttributesManager.cpp:117] Asset attributes (icosphereSolid : icosphereSolid_subdivs_1) created and registered.
I0923 21:31:21.720431 2579673 AssetAttributesManager.cpp:117] Asset attributes (icosphereWireframe : icosphereWireframe_subdivs_1) created and registered.
I0923 21:31:21.720450 2579673 AssetAttributesManager.cpp:117] Asset attributes (uvSphereSolid : uvSphereSolid_rings_8_segments_16_useTexCoords_false_useTangents_false) created and registered.
I0923 21:31:21.720463 2579673 AssetAttributesManager.cpp:117] Asset attributes (uvSphereWireframe : uvSphereWireframe_rings_16_segments_32) created and registered.
I0923 21:31:21.720471 2579673 AssetAttributesManager.cpp:105] AssetAttributesManager::buildCtorFuncPtrMaps : Built default primitive asset templates : 12
I0923 21:31:21.720850 2579673 SceneDatasetAttributesManager.cpp:23] File (default) not found, so new default dataset attributes created and registered.
I0923 21:31:21.720852 2579673 MetadataMediator.cpp:47] MetadataMediator::createDataset : Dataset default successfully created.
I0923 21:31:21.721000 2579673 AttributesManagerBase.h:283] AttributesManager<T>::createFromJsonOrDefaultInternal  (Physics Manager) : Proposing JSON name : ./data/default.physics_config.json from original name : ./data/default.physics_config.json | This file  does not exist.
I0923 21:31:21.721009 2579673 PhysicsAttributesManager.cpp:27] File (./data/default.physics_config.json) not found, so new default physics manager attributes created and registered.
I0923 21:31:21.721012 2579673 AbstractObjectAttributesManagerBase.h:175] AbstractObjectAttributesManager<T>::createObject  (Stage) : Making attributes with handle : /mnt/data_nas/deeprobotics/daiyang/vla/third_party/ETP-R1/data/scene_datasets/mp3d/VVfe2KiqLaN/VVfe2KiqLaN.glb
I0923 21:31:21.721015 2579673 ManagedContainerBase.cpp:19] ManagedContainerBase::convertFilenameToJSON : Filename : /mnt/data_nas/deeprobotics/daiyang/vla/third_party/ETP-R1/data/scene_datasets/mp3d/VVfe2KiqLaN/VVfe2KiqLaN.glb changed to proposed JSON configuration filename : /mnt/data_nas/deeprobotics/daiyang/vla/third_party/ETP-R1/data/scene_datasets/mp3d/VVfe2KiqLaN/VVfe2KiqLaN.stage_config.json
I0923 21:31:21.721024 2579673 AttributesManagerBase.h:283] AttributesManager<T>::createFromJsonOrDefaultInternal  (Stage) : Proposing JSON name : /mnt/data_nas/deeprobotics/daiyang/vla/third_party/ETP-R1/data/scene_datasets/mp3d/VVfe2KiqLaN/VVfe2KiqLaN.stage_config.json from original name : /mnt/data_nas/deeprobotics/daiyang/vla/third_party/ETP-R1/data/scene_datasets/mp3d/VVfe2KiqLaN/VVfe2KiqLaN.glb | This file  does not exist.
I0923 21:31:21.721071 2579673 AbstractObjectAttributesManagerBase.h:181] AbstractObjectAttributesManager<T>::createObject  (Stage) : Done making attributes with handle : /mnt/data_nas/deeprobotics/daiyang/vla/third_party/ETP-R1/data/scene_datasets/mp3d/VVfe2KiqLaN/VVfe2KiqLaN.glb
I0923 21:31:21.721072 2579673 AbstractObjectAttributesManagerBase.h:188] File (/mnt/data_nas/deeprobotics/daiyang/vla/third_party/ETP-R1/data/scene_datasets/mp3d/VVfe2KiqLaN/VVfe2KiqLaN.glb) exists but is not a recognized config filename extension, so new default Stage attributes created and registered.
I0923 21:31:21.721076 2579673 Simulator.cpp:156] Loading navmesh from /mnt/data_nas/deeprobotics/daiyang/vla/third_party/ETP-R1/data/scene_datasets/mp3d/VVfe2KiqLaN/VVfe2KiqLaN.navmesh
I0923 21:31:21.721760 2579673 Simulator.cpp:158] Loaded.
I0923 21:31:21.721764 2579673 SceneGraph.h:93] Created DrawableGroup: 
Renderer: NVIDIA GeForce RTX 5090/PCIe/SSE2 by NVIDIA Corporation
OpenGL version: 4.6.0 NVIDIA 580.126.09
Using optional features:
    GL_ARB_ES2_compatibility
    GL_ARB_direct_state_access
    GL_ARB_get_texture_sub_image
    GL_ARB_invalidate_subdata
    GL_ARB_multi_bind
    GL_ARB_robustness
    GL_ARB_separate_shader_objects
    GL_ARB_texture_filter_anisotropic
    GL_ARB_texture_storage
    GL_ARB_texture_storage_multisample
    GL_ARB_vertex_array_object
    GL_KHR_debug
Using driver workarounds:
    no-forward-compatible-core-context
    nv-egl-incorrect-gl11-function-pointers
    no-layout-qualifiers-on-old-glsl
    nv-zero-context-profile-mask
    nv-implementation-color-read-format-dsa-broken
    nv-cubemap-inconsistent-compressed-image-size
    nv-cubemap-broken-full-compressed-image-query
    nv-compressed-block-size-in-bits
I0923 21:31:21.724776 2579673 ResourceManager.cpp:234] ResourceManager::loadStage : Not loading semantic mesh
I0923 21:31:21.724783 2579673 ResourceManager.cpp:262] ResourceManager::loadStage : start load render asset /mnt/data_nas/deeprobotics/daiyang/vla/third_party/ETP-R1/data/scene_datasets/mp3d/VVfe2KiqLaN/VVfe2KiqLaN.glb.
I0923 21:31:21.724785 2579673 ResourceManager.cpp:569] ResourceManager::loadStageInternal : Attempting to load stage /mnt/data_nas/deeprobotics/daiyang/vla/third_party/ETP-R1/data/scene_datasets/mp3d/VVfe2KiqLaN/VVfe2KiqLaN.glb 
I0923 21:31:21.724798 2579673 ResourceManager.cpp:1119] Importing Basis files as BC7 for VVfe2KiqLaN.glb
W0923 21:31:22.845871 2579673 Simulator.cpp:248] :
---
 The active scene does not contain semantic annotations. 
---
I0923 21:31:22.876048 2579673 simulator.py:213] Loaded navmesh /mnt/data_nas/deeprobotics/daiyang/vla/third_party/ETP-R1/data/scene_datasets/mp3d/VVfe2KiqLaN/VVfe2KiqLaN.navmesh
I0923 21:31:22.878844 2579673 Simulator.cpp:49] Deconstructing Simulator
I0923 21:31:22.971541 2579673 PhysicsManager.cpp:33] Deconstructing PhysicsManager
I0923 21:31:22.971560 2579673 SemanticScene.h:41] Deconstructing SemanticScene
I0923 21:31:22.972882 2579673 SceneManager.h:25] Deconstructing SceneManager
I0923 21:31:22.972886 2579673 SceneGraph.h:26] Deconstructing SceneGraph
I0923 21:31:22.972981 2579673 Sensor.h:87] Deconstructing Sensor
I0923 21:31:22.974962 2579673 Renderer.cpp:34] Deconstructing Renderer
I0923 21:31:22.974984 2579673 WindowlessContext.h:17] Deconstructing WindowlessContext
[{"tag": "fresh", "index": 139, "episode_id": 2040, "read": 0, "shape": [224, 224, 3], "dtype": "uint8", "min": 0, "max": 0, "std": 0.0, "sha256": "0a3f0ee9e3cbab26f89ed53b7b20e22cb985b650fd4c52ef57e4aeb27560d773", "position": [-3.393440008163452, 0.01564939320087433, 9.284130096435547], "rotation": [0.258819043636322, -0.0, 0.9659258127212524, 0.0], "camera_transform": [[-0.8660253286361694, 0.0, 0.5, -3.393440008163452], [0.0, 1.0, 0.0, 1.265649437904358], [-0.5, 0.0, -0.8660253286361694, 9.284130096435547], [0.0, 0.0, 0.0, 1.0]], "agent_navigable": true, "camera_height": 1.25}, {"tag": "fresh", "index": 139, "episode_id": 2040, "read": 1, "shape": [224, 224, 3], "dtype": "uint8", "min": 0, "max": 0, "std": 0.0, "sha256": "0a3f0ee9e3cbab26f89ed53b7b20e22cb985b650fd4c52ef57e4aeb27560d773", "position": [-3.393440008163452, 0.01564939320087433, 9.284130096435547], "rotation": [0.258819043636322, -0.0, 0.9659258127212524, 0.0], "camera_transform": [[-0.8660253286361694, 0.0, 0.5, -3.393440008163452], [0.0, 1.0, 0.0, 1.265649437904358], [-0.5, 0.0, -0.8660253286361694, 9.284130096435547], [0.0, 0.0, 0.0, 1.0]], "agent_navigable": true, "camera_height": 1.25}, {"tag": "fresh", "index": 139, "episode_id": 2040, "read": 2, "shape": [224, 224, 3], "dtype": "uint8", "min": 0, "max": 0, "std": 0.0, "sha256": "0a3f0ee9e3cbab26f89ed53b7b20e22cb985b650fd4c52ef57e4aeb27560d773", "position": [-3.393440008163452, 0.01564939320087433, 9.284130096435547], "rotation": [0.258819043636322, -0.0, 0.9659258127212524, 0.0], "camera_transform": [[-0.8660253286361694, 0.0, 0.5, -3.393440008163452], [0.0, 1.0, 0.0, 1.265649437904358], [-0.5, 0.0, -0.8660253286361694, 9.284130096435547], [0.0, 0.0, 0.0, 1.0]], "agent_navigable": true, "camera_height": 1.25}, {"diagnostic_action": "turn_left", "step": 1, "std": 0.0, "min": 0, "max": 0, "position": [-3.393440008163452, 0.01564939320087433, 9.284130096435547], "sha256": "0a3f0ee9e3cbab26f89ed53b7b20e22cb985b650fd4c52ef57e4aeb27560d773"}, {"diagnostic_action": "turn_left", "step": 2, "std": 16.344471266525556, "min": 0, "max": 193, "position": [-3.393440008163452, 0.01564939320087433, 9.284130096435547], "sha256": "2e6b79c3e97e3b48ec9ce9be6bd726fb32c1ead4aa17af878b8a7ef309e3518b"}, {"diagnostic_action": "turn_left", "step": 3, "std": 43.42352301372553, "min": 0, "max": 243, "position": [-3.393440008163452, 0.01564939320087433, 9.284130096435547], "sha256": "db9762f4fa5ee5b3d46c1bd0d00a549140ccae9af7ba760308f6b75476d4e972"}, {"diagnostic_action": "turn_left", "step": 4, "std": 54.909949222285256, "min": 0, "max": 255, "position": [-3.393440008163452, 0.01564939320087433, 9.284130096435547], "sha256": "2287633c18ae369d08d0f47807633cb26603d3197f608925ae1bcc0a0b517a67"}, {"diagnostic_action": "turn_left", "step": 5, "std": 63.10105435095245, "min": 0, "max": 255, "position": [-3.393440008163452, 0.01564939320087433, 9.284130096435547], "sha256": "adecbf8da7c44b1058877ce0d3261f7c627ca686cc5ad2ae1ea900fa5fbb7a16"}, {"diagnostic_action": "turn_left", "step": 6, "std": 69.10585911675798, "min": 0, "max": 255, "position": [-3.393440008163452, 0.01564939320087433, 9.284130096435547], "sha256": "d442099c5b65e0c5f9fad6ae8cdc0c49d1df25a7cff928131980d7ad4215931f"}, {"tag": "control", "index": 136, "episode_id": 2246, "read": 0, "shape": [224, 224, 3], "dtype": "uint8", "min": 0, "max": 254, "std": 63.142844846785906, "sha256": "5b585d5d0e257c8b5a0450a3a2ab2a7920cd9b298992b1a33f39467ab2fe5874", "position": [-0.3500030040740967, 0.03376687318086624, 8.719940185546875], "rotation": [0.258819043636322, -0.0, 0.9659258127212524, 0.0], "camera_transform": [[-0.8660253286361694, 0.0, 0.5, -0.3500030040740967], [0.0, 1.0, 0.0, 1.2837668657302856], [-0.5, 0.0, -0.8660253286361694, 8.719940185546875], [0.0, 0.0, 0.0, 1.0]], "agent_navigable": true, "camera_height": 1.25}, {"tag": "control", "index": 136, "episode_id": 2246, "read": 1, "shape": [224, 224, 3], "dtype": "uint8", "min": 0, "max": 254, "std": 63.142844846785906, "sha256": "5b585d5d0e257c8b5a0450a3a2ab2a7920cd9b298992b1a33f39467ab2fe5874", "position": [-0.3500030040740967, 0.03376687318086624, 8.719940185546875], "rotation": [0.258819043636322, -0.0, 0.9659258127212524, 0.0], "camera_transform": [[-0.8660253286361694, 0.0, 0.5, -0.3500030040740967], [0.0, 1.0, 0.0, 1.2837668657302856], [-0.5, 0.0, -0.8660253286361694, 8.719940185546875], [0.0, 0.0, 0.0, 1.0]], "agent_navigable": true, "camera_height": 1.25}, {"tag": "control", "index": 136, "episode_id": 2246, "read": 2, "shape": [224, 224, 3], "dtype": "uint8", "min": 0, "max": 254, "std": 63.142844846785906, "sha256": "5b585d5d0e257c8b5a0450a3a2ab2a7920cd9b298992b1a33f39467ab2fe5874", "position": [-0.3500030040740967, 0.03376687318086624, 8.719940185546875], "rotation": [0.258819043636322, -0.0, 0.9659258127212524, 0.0], "camera_transform": [[-0.8660253286361694, 0.0, 0.5, -0.3500030040740967], [0.0, 1.0, 0.0, 1.2837668657302856], [-0.5, 0.0, -0.8660253286361694, 8.719940185546875], [0.0, 0.0, 0.0, 1.0]], "agent_navigable": true, "camera_height": 1.25}, {"tag": "warm", "index": 139, "episode_id": 2040, "read": 0, "shape": [224, 224, 3], "dtype": "uint8", "min": 0, "max": 0, "std": 0.0, "sha256": "0a3f0ee9e3cbab26f89ed53b7b20e22cb985b650fd4c52ef57e4aeb27560d773", "position": [-3.393440008163452, 0.01564939320087433, 9.284130096435547], "rotation": [0.258819043636322, -0.0, 0.9659258127212524, 0.0], "camera_transform": [[-0.8660253286361694, 0.0, 0.5, -3.393440008163452], [0.0, 1.0, 0.0, 1.265649437904358], [-0.5, 0.0, -0.8660253286361694, 9.284130096435547], [0.0, 0.0, 0.0, 1.0]], "agent_navigable": true, "camera_height": 1.25}, {"tag": "warm", "index": 139, "episode_id": 2040, "read": 1, "shape": [224, 224, 3], "dtype": "uint8", "min": 0, "max": 0, "std": 0.0, "sha256": "0a3f0ee9e3cbab26f89ed53b7b20e22cb985b650fd4c52ef57e4aeb27560d773", "position": [-3.393440008163452, 0.01564939320087433, 9.284130096435547], "rotation": [0.258819043636322, -0.0, 0.9659258127212524, 0.0], "camera_transform": [[-0.8660253286361694, 0.0, 0.5, -3.393440008163452], [0.0, 1.0, 0.0, 1.265649437904358], [-0.5, 0.0, -0.8660253286361694, 9.284130096435547], [0.0, 0.0, 0.0, 1.0]], "agent_navigable": true, "camera_height": 1.25}, {"tag": "warm", "index": 139, "episode_id": 2040, "read": 2, "shape": [224, 224, 3], "dtype": "uint8", "min": 0, "max": 0, "std": 0.0, "sha256": "0a3f0ee9e3cbab26f89ed53b7b20e22cb985b650fd4c52ef57e4aeb27560d773", "position": [-3.393440008163452, 0.01564939320087433, 9.284130096435547], "rotation": [0.258819043636322, -0.0, 0.9659258127212524, 0.0], "camera_transform": [[-0.8660253286361694, 0.0, 0.5, -3.393440008163452], [0.0, 1.0, 0.0, 1.265649437904358], [-0.5, 0.0, -0.8660253286361694, 9.284130096435547], [0.0, 0.0, 0.0, 1.0]], "agent_navigable": true, "camera_height": 1.25}]
I0923 21:31:23.075218 2579673 Simulator.cpp:49] Deconstructing Simulator
