WARNING: Logging before InitGoogleLogging() is written to STDERR
I0923 21:30:16.373052 2579059 ManagedContainerBase.cpp:19] ManagedContainerBase::convertFilenameToJSON : Filename : default changed to proposed JSON configuration filename : default.scene_dataset_config.json
I0923 21:30:16.373943 2579059 AttributesManagerBase.h:283] AttributesManager<T>::createFromJsonOrDefaultInternal  (Dataset) : Proposing JSON name : default.scene_dataset_config.json from original name : default | This file  does not exist.
I0923 21:30:16.374037 2579059 AssetAttributesManager.cpp:117] Asset attributes (capsule3DSolid : capsule3DSolid_hemiRings_4_cylRings_1_segments_12_halfLen_0.75_useTexCoords_false_useTangents_false) created and registered.
I0923 21:30:16.374064 2579059 AssetAttributesManager.cpp:117] Asset attributes (capsule3DWireframe : capsule3DWireframe_hemiRings_8_cylRings_1_segments_16_halfLen_1) created and registered.
I0923 21:30:16.374090 2579059 AssetAttributesManager.cpp:117] Asset attributes (coneSolid : coneSolid_segments_12_halfLen_1.25_rings_1_useTexCoords_false_useTangents_false_capEnd_true) created and registered.
I0923 21:30:16.374105 2579059 AssetAttributesManager.cpp:117] Asset attributes (coneWireframe : coneWireframe_segments_32_halfLen_1.25) created and registered.
I0923 21:30:16.374114 2579059 AssetAttributesManager.cpp:117] Asset attributes (cubeSolid : cubeSolid) created and registered.
I0923 21:30:16.374119 2579059 AssetAttributesManager.cpp:117] Asset attributes (cubeWireframe : cubeWireframe) created and registered.
I0923 21:30:16.374140 2579059 AssetAttributesManager.cpp:117] Asset attributes (cylinderSolid : cylinderSolid_rings_1_segments_12_halfLen_1_useTexCoords_false_useTangents_false_capEnds_true) created and registered.
I0923 21:30:16.374157 2579059 AssetAttributesManager.cpp:117] Asset attributes (cylinderWireframe : cylinderWireframe_rings_1_segments_32_halfLen_1) created and registered.
I0923 21:30:16.374167 2579059 AssetAttributesManager.cpp:117] Asset attributes (icosphereSolid : icosphereSolid_subdivs_1) created and registered.
I0923 21:30:16.374176 2579059 AssetAttributesManager.cpp:117] Asset attributes (icosphereWireframe : icosphereWireframe_subdivs_1) created and registered.
I0923 21:30:16.374190 2579059 AssetAttributesManager.cpp:117] Asset attributes (uvSphereSolid : uvSphereSolid_rings_8_segments_16_useTexCoords_false_useTangents_false) created and registered.
I0923 21:30:16.374203 2579059 AssetAttributesManager.cpp:117] Asset attributes (uvSphereWireframe : uvSphereWireframe_rings_16_segments_32) created and registered.
I0923 21:30:16.374209 2579059 AssetAttributesManager.cpp:105] AssetAttributesManager::buildCtorFuncPtrMaps : Built default primitive asset templates : 12
I0923 21:30:16.377518 2579059 SceneDatasetAttributesManager.cpp:23] File (default) not found, so new default dataset attributes created and registered.
I0923 21:30:16.377521 2579059 MetadataMediator.cpp:47] MetadataMediator::createDataset : Dataset default successfully created.
I0923 21:30:16.381790 2579059 AttributesManagerBase.h:283] AttributesManager<T>::createFromJsonOrDefaultInternal  (Physics Manager) : Proposing JSON name : ./data/default.physics_config.json from original name : ./data/default.physics_config.json | This file  does not exist.
I0923 21:30:16.381805 2579059 PhysicsAttributesManager.cpp:27] File (./data/default.physics_config.json) not found, so new default physics manager attributes created and registered.
I0923 21:30:16.381808 2579059 AbstractObjectAttributesManagerBase.h:175] AbstractObjectAttributesManager<T>::createObject  (Stage) : Making attributes with handle : /mnt/data_nas/deeprobotics/daiyang/vla/third_party/ETP-R1/data/scene_datasets/mp3d/VVfe2KiqLaN/VVfe2KiqLaN.glb
I0923 21:30:16.381814 2579059 ManagedContainerBase.cpp:19] ManagedContainerBase::convertFilenameToJSON : Filename : /mnt/data_nas/deeprobotics/daiyang/vla/third_party/ETP-R1/data/scene_datasets/mp3d/VVfe2KiqLaN/VVfe2KiqLaN.glb changed to proposed JSON configuration filename : /mnt/data_nas/deeprobotics/daiyang/vla/third_party/ETP-R1/data/scene_datasets/mp3d/VVfe2KiqLaN/VVfe2KiqLaN.stage_config.json
I0923 21:30:16.388203 2579059 AttributesManagerBase.h:283] AttributesManager<T>::createFromJsonOrDefaultInternal  (Stage) : Proposing JSON name : /mnt/data_nas/deeprobotics/daiyang/vla/third_party/ETP-R1/data/scene_datasets/mp3d/VVfe2KiqLaN/VVfe2KiqLaN.stage_config.json from original name : /mnt/data_nas/deeprobotics/daiyang/vla/third_party/ETP-R1/data/scene_datasets/mp3d/VVfe2KiqLaN/VVfe2KiqLaN.glb | This file  does not exist.
I0923 21:30:16.388253 2579059 AbstractObjectAttributesManagerBase.h:181] AbstractObjectAttributesManager<T>::createObject  (Stage) : Done making attributes with handle : /mnt/data_nas/deeprobotics/daiyang/vla/third_party/ETP-R1/data/scene_datasets/mp3d/VVfe2KiqLaN/VVfe2KiqLaN.glb
I0923 21:30:16.388257 2579059 AbstractObjectAttributesManagerBase.h:188] File (/mnt/data_nas/deeprobotics/daiyang/vla/third_party/ETP-R1/data/scene_datasets/mp3d/VVfe2KiqLaN/VVfe2KiqLaN.glb) exists but is not a recognized config filename extension, so new default Stage attributes created and registered.
I0923 21:30:16.388271 2579059 Simulator.cpp:156] Loading navmesh from /mnt/data_nas/deeprobotics/daiyang/vla/third_party/ETP-R1/data/scene_datasets/mp3d/VVfe2KiqLaN/VVfe2KiqLaN.navmesh
I0923 21:30:16.390913 2579059 Simulator.cpp:158] Loaded.
I0923 21:30:16.390928 2579059 SceneGraph.h:93] Created DrawableGroup: 
Renderer: NVIDIA GeForce RTX 5090/PCIe/SSE2 by NVIDIA Corporation
OpenGL version: 4.6.0 NVIDIA 580.126.09
Using optional features:
    GL_ARB_ES2_compatibility
    GL_ARB_direct_state_access
    GL_ARB_get_texture_sub_image
    GL_ARB_invalidate_subdata
    GL_ARB_multi_bind
    GL_ARB_robustness
    GL_ARB_separate_shader_objects
    GL_ARB_texture_filter_anisotropic
    GL_ARB_texture_storage
    GL_ARB_texture_storage_multisample
    GL_ARB_vertex_array_object
    GL_KHR_debug
Using driver workarounds:
    no-forward-compatible-core-context
    nv-egl-incorrect-gl11-function-pointers
    no-layout-qualifiers-on-old-glsl
    nv-zero-context-profile-mask
    nv-implementation-color-read-format-dsa-broken
    nv-cubemap-inconsistent-compressed-image-size
    nv-cubemap-broken-full-compressed-image-query
    nv-compressed-block-size-in-bits
I0923 21:30:17.049520 2579059 ResourceManager.cpp:234] ResourceManager::loadStage : Not loading semantic mesh
I0923 21:30:17.049557 2579059 ResourceManager.cpp:262] ResourceManager::loadStage : start load render asset /mnt/data_nas/deeprobotics/daiyang/vla/third_party/ETP-R1/data/scene_datasets/mp3d/VVfe2KiqLaN/VVfe2KiqLaN.glb.
I0923 21:30:17.049559 2579059 ResourceManager.cpp:569] ResourceManager::loadStageInternal : Attempting to load stage /mnt/data_nas/deeprobotics/daiyang/vla/third_party/ETP-R1/data/scene_datasets/mp3d/VVfe2KiqLaN/VVfe2KiqLaN.glb 
I0923 21:30:17.049651 2579059 ResourceManager.cpp:1119] Importing Basis files as BC7 for VVfe2KiqLaN.glb
W0923 21:30:18.213183 2579059 Simulator.cpp:248] :
---
 The active scene does not contain semantic annotations. 
---
I0923 21:30:18.243266 2579059 simulator.py:213] Loaded navmesh /mnt/data_nas/deeprobotics/daiyang/vla/third_party/ETP-R1/data/scene_datasets/mp3d/VVfe2KiqLaN/VVfe2KiqLaN.navmesh
I0923 21:30:18.334448 2579059 PhysicsManager.cpp:33] Deconstructing PhysicsManager
I0923 21:30:18.334467 2579059 SemanticScene.h:41] Deconstructing SemanticScene
I0923 21:30:18.335418 2579059 SceneManager.h:25] Deconstructing SceneManager
I0923 21:30:18.335424 2579059 SceneGraph.h:26] Deconstructing SceneGraph
I0923 21:30:18.335515 2579059 Sensor.h:87] Deconstructing Sensor
I0923 21:30:18.337587 2579059 Renderer.cpp:34] Deconstructing Renderer
I0923 21:30:18.337607 2579059 WindowlessContext.h:17] Deconstructing WindowlessContext
I0923 21:30:18.341181 2579059 ManagedContainerBase.cpp:19] ManagedContainerBase::convertFilenameToJSON : Filename : default changed to proposed JSON configuration filename : default.scene_dataset_config.json
I0923 21:30:18.341193 2579059 AttributesManagerBase.h:283] AttributesManager<T>::createFromJsonOrDefaultInternal  (Dataset) : Proposing JSON name : default.scene_dataset_config.json from original name : default | This file  does not exist.
I0923 21:30:18.341265 2579059 AssetAttributesManager.cpp:117] Asset attributes (capsule3DSolid : capsule3DSolid_hemiRings_4_cylRings_1_segments_12_halfLen_0.75_useTexCoords_false_useTangents_false) created and registered.
I0923 21:30:18.341295 2579059 AssetAttributesManager.cpp:117] Asset attributes (capsule3DWireframe : capsule3DWireframe_hemiRings_8_cylRings_1_segments_16_halfLen_1) created and registered.
I0923 21:30:18.341316 2579059 AssetAttributesManager.cpp:117] Asset attributes (coneSolid : coneSolid_segments_12_halfLen_1.25_rings_1_useTexCoords_false_useTangents_false_capEnd_true) created and registered.
I0923 21:30:18.341331 2579059 AssetAttributesManager.cpp:117] Asset attributes (coneWireframe : coneWireframe_segments_32_halfLen_1.25) created and registered.
I0923 21:30:18.341341 2579059 AssetAttributesManager.cpp:117] Asset attributes (cubeSolid : cubeSolid) created and registered.
I0923 21:30:18.341347 2579059 AssetAttributesManager.cpp:117] Asset attributes (cubeWireframe : cubeWireframe) created and registered.
I0923 21:30:18.341367 2579059 AssetAttributesManager.cpp:117] Asset attributes (cylinderSolid : cylinderSolid_rings_1_segments_12_halfLen_1_useTexCoords_false_useTangents_false_capEnds_true) created and registered.
I0923 21:30:18.341382 2579059 AssetAttributesManager.cpp:117] Asset attributes (cylinderWireframe : cylinderWireframe_rings_1_segments_32_halfLen_1) created and registered.
I0923 21:30:18.341398 2579059 AssetAttributesManager.cpp:117] Asset attributes (icosphereSolid : icosphereSolid_subdivs_1) created and registered.
I0923 21:30:18.341414 2579059 AssetAttributesManager.cpp:117] Asset attributes (icosphereWireframe : icosphereWireframe_subdivs_1) created and registered.
I0923 21:30:18.341430 2579059 AssetAttributesManager.cpp:117] Asset attributes (uvSphereSolid : uvSphereSolid_rings_8_segments_16_useTexCoords_false_useTangents_false) created and registered.
I0923 21:30:18.341442 2579059 AssetAttributesManager.cpp:117] Asset attributes (uvSphereWireframe : uvSphereWireframe_rings_16_segments_32) created and registered.
I0923 21:30:18.341451 2579059 AssetAttributesManager.cpp:105] AssetAttributesManager::buildCtorFuncPtrMaps : Built default primitive asset templates : 12
I0923 21:30:18.341832 2579059 SceneDatasetAttributesManager.cpp:23] File (default) not found, so new default dataset attributes created and registered.
I0923 21:30:18.341835 2579059 MetadataMediator.cpp:47] MetadataMediator::createDataset : Dataset default successfully created.
I0923 21:30:18.341981 2579059 AttributesManagerBase.h:283] AttributesManager<T>::createFromJsonOrDefaultInternal  (Physics Manager) : Proposing JSON name : ./data/default.physics_config.json from original name : ./data/default.physics_config.json | This file  does not exist.
I0923 21:30:18.341992 2579059 PhysicsAttributesManager.cpp:27] File (./data/default.physics_config.json) not found, so new default physics manager attributes created and registered.
I0923 21:30:18.341995 2579059 AbstractObjectAttributesManagerBase.h:175] AbstractObjectAttributesManager<T>::createObject  (Stage) : Making attributes with handle : /mnt/data_nas/deeprobotics/daiyang/vla/third_party/ETP-R1/data/scene_datasets/mp3d/VVfe2KiqLaN/VVfe2KiqLaN.glb
I0923 21:30:18.341998 2579059 ManagedContainerBase.cpp:19] ManagedContainerBase::convertFilenameToJSON : Filename : /mnt/data_nas/deeprobotics/daiyang/vla/third_party/ETP-R1/data/scene_datasets/mp3d/VVfe2KiqLaN/VVfe2KiqLaN.glb changed to proposed JSON configuration filename : /mnt/data_nas/deeprobotics/daiyang/vla/third_party/ETP-R1/data/scene_datasets/mp3d/VVfe2KiqLaN/VVfe2KiqLaN.stage_config.json
I0923 21:30:18.342007 2579059 AttributesManagerBase.h:283] AttributesManager<T>::createFromJsonOrDefaultInternal  (Stage) : Proposing JSON name : /mnt/data_nas/deeprobotics/daiyang/vla/third_party/ETP-R1/data/scene_datasets/mp3d/VVfe2KiqLaN/VVfe2KiqLaN.stage_config.json from original name : /mnt/data_nas/deeprobotics/daiyang/vla/third_party/ETP-R1/data/scene_datasets/mp3d/VVfe2KiqLaN/VVfe2KiqLaN.glb | This file  does not exist.
I0923 21:30:18.342054 2579059 AbstractObjectAttributesManagerBase.h:181] AbstractObjectAttributesManager<T>::createObject  (Stage) : Done making attributes with handle : /mnt/data_nas/deeprobotics/daiyang/vla/third_party/ETP-R1/data/scene_datasets/mp3d/VVfe2KiqLaN/VVfe2KiqLaN.glb
I0923 21:30:18.342056 2579059 AbstractObjectAttributesManagerBase.h:188] File (/mnt/data_nas/deeprobotics/daiyang/vla/third_party/ETP-R1/data/scene_datasets/mp3d/VVfe2KiqLaN/VVfe2KiqLaN.glb) exists but is not a recognized config filename extension, so new default Stage attributes created and registered.
I0923 21:30:18.342059 2579059 Simulator.cpp:156] Loading navmesh from /mnt/data_nas/deeprobotics/daiyang/vla/third_party/ETP-R1/data/scene_datasets/mp3d/VVfe2KiqLaN/VVfe2KiqLaN.navmesh
I0923 21:30:18.342769 2579059 Simulator.cpp:158] Loaded.
I0923 21:30:18.342773 2579059 SceneGraph.h:93] Created DrawableGroup: 
Renderer: NVIDIA GeForce RTX 5090/PCIe/SSE2 by NVIDIA Corporation
OpenGL version: 4.6.0 NVIDIA 580.126.09
Using optional features:
    GL_ARB_ES2_compatibility
    GL_ARB_direct_state_access
    GL_ARB_get_texture_sub_image
    GL_ARB_invalidate_subdata
    GL_ARB_multi_bind
    GL_ARB_robustness
    GL_ARB_separate_shader_objects
    GL_ARB_texture_filter_anisotropic
    GL_ARB_texture_storage
    GL_ARB_texture_storage_multisample
    GL_ARB_vertex_array_object
    GL_KHR_debug
Using driver workarounds:
    no-forward-compatible-core-context
    nv-egl-incorrect-gl11-function-pointers
    no-layout-qualifiers-on-old-glsl
    nv-zero-context-profile-mask
    nv-implementation-color-read-format-dsa-broken
    nv-cubemap-inconsistent-compressed-image-size
    nv-cubemap-broken-full-compressed-image-query
    nv-compressed-block-size-in-bits
I0923 21:30:18.345794 2579059 ResourceManager.cpp:234] ResourceManager::loadStage : Not loading semantic mesh
I0923 21:30:18.345803 2579059 ResourceManager.cpp:262] ResourceManager::loadStage : start load render asset /mnt/data_nas/deeprobotics/daiyang/vla/third_party/ETP-R1/data/scene_datasets/mp3d/VVfe2KiqLaN/VVfe2KiqLaN.glb.
I0923 21:30:18.345805 2579059 ResourceManager.cpp:569] ResourceManager::loadStageInternal : Attempting to load stage /mnt/data_nas/deeprobotics/daiyang/vla/third_party/ETP-R1/data/scene_datasets/mp3d/VVfe2KiqLaN/VVfe2KiqLaN.glb 
I0923 21:30:18.345819 2579059 ResourceManager.cpp:1119] Importing Basis files as BC7 for VVfe2KiqLaN.glb
W0923 21:30:19.467173 2579059 Simulator.cpp:248] :
---
 The active scene does not contain semantic annotations. 
---
I0923 21:30:19.495246 2579059 simulator.py:213] Loaded navmesh /mnt/data_nas/deeprobotics/daiyang/vla/third_party/ETP-R1/data/scene_datasets/mp3d/VVfe2KiqLaN/VVfe2KiqLaN.navmesh
I0923 21:30:19.498250 2579059 Simulator.cpp:49] Deconstructing Simulator
I0923 21:30:19.572364 2579059 PhysicsManager.cpp:33] Deconstructing PhysicsManager
I0923 21:30:19.572381 2579059 SemanticScene.h:41] Deconstructing SemanticScene
I0923 21:30:19.573288 2579059 SceneManager.h:25] Deconstructing SceneManager
I0923 21:30:19.573293 2579059 SceneGraph.h:26] Deconstructing SceneGraph
I0923 21:30:19.573378 2579059 Sensor.h:87] Deconstructing Sensor
I0923 21:30:19.580382 2579059 Renderer.cpp:34] Deconstructing Renderer
I0923 21:30:19.580399 2579059 WindowlessContext.h:17] Deconstructing WindowlessContext
[{"tag": "fresh", "index": 139, "episode_id": 2040, "read": 0, "shape": [224, 224, 3], "dtype": "uint8", "min": 0, "max": 0, "std": 0.0, "sha256": "0a3f0ee9e3cbab26f89ed53b7b20e22cb985b650fd4c52ef57e4aeb27560d773", "position": [-3.393440008163452, 0.01564939320087433, 9.284130096435547], "rotation": [0.258819043636322, -0.0, 0.9659258127212524, 0.0], "camera_transform": [[-0.8660253286361694, 0.0, 0.5, -3.393440008163452], [0.0, 1.0, 0.0, 1.265649437904358], [-0.5, 0.0, -0.8660253286361694, 9.284130096435547], [0.0, 0.0, 0.0, 1.0]], "agent_navigable": true, "camera_height": 1.25}, {"tag": "fresh", "index": 139, "episode_id": 2040, "read": 1, "shape": [224, 224, 3], "dtype": "uint8", "min": 0, "max": 0, "std": 0.0, "sha256": "0a3f0ee9e3cbab26f89ed53b7b20e22cb985b650fd4c52ef57e4aeb27560d773", "position": [-3.393440008163452, 0.01564939320087433, 9.284130096435547], "rotation": [0.258819043636322, -0.0, 0.9659258127212524, 0.0], "camera_transform": [[-0.8660253286361694, 0.0, 0.5, -3.393440008163452], [0.0, 1.0, 0.0, 1.265649437904358], [-0.5, 0.0, -0.8660253286361694, 9.284130096435547], [0.0, 0.0, 0.0, 1.0]], "agent_navigable": true, "camera_height": 1.25}, {"tag": "fresh", "index": 139, "episode_id": 2040, "read": 2, "shape": [224, 224, 3], "dtype": "uint8", "min": 0, "max": 0, "std": 0.0, "sha256": "0a3f0ee9e3cbab26f89ed53b7b20e22cb985b650fd4c52ef57e4aeb27560d773", "position": [-3.393440008163452, 0.01564939320087433, 9.284130096435547], "rotation": [0.258819043636322, -0.0, 0.9659258127212524, 0.0], "camera_transform": [[-0.8660253286361694, 0.0, 0.5, -3.393440008163452], [0.0, 1.0, 0.0, 1.265649437904358], [-0.5, 0.0, -0.8660253286361694, 9.284130096435547], [0.0, 0.0, 0.0, 1.0]], "agent_navigable": true, "camera_height": 1.25}, {"tag": "control", "index": 136, "episode_id": 2246, "read": 0, "shape": [224, 224, 3], "dtype": "uint8", "min": 0, "max": 254, "std": 63.142844846785906, "sha256": "5b585d5d0e257c8b5a0450a3a2ab2a7920cd9b298992b1a33f39467ab2fe5874", "position": [-0.3500030040740967, 0.03376687318086624, 8.719940185546875], "rotation": [0.258819043636322, -0.0, 0.9659258127212524, 0.0], "camera_transform": [[-0.8660253286361694, 0.0, 0.5, -0.3500030040740967], [0.0, 1.0, 0.0, 1.2837668657302856], [-0.5, 0.0, -0.8660253286361694, 8.719940185546875], [0.0, 0.0, 0.0, 1.0]], "agent_navigable": true, "camera_height": 1.25}, {"tag": "control", "index": 136, "episode_id": 2246, "read": 1, "shape": [224, 224, 3], "dtype": "uint8", "min": 0, "max": 254, "std": 63.142844846785906, "sha256": "5b585d5d0e257c8b5a0450a3a2ab2a7920cd9b298992b1a33f39467ab2fe5874", "position": [-0.3500030040740967, 0.03376687318086624, 8.719940185546875], "rotation": [0.258819043636322, -0.0, 0.9659258127212524, 0.0], "camera_transform": [[-0.8660253286361694, 0.0, 0.5, -0.3500030040740967], [0.0, 1.0, 0.0, 1.2837668657302856], [-0.5, 0.0, -0.8660253286361694, 8.719940185546875], [0.0, 0.0, 0.0, 1.0]], "agent_navigable": true, "camera_height": 1.25}, {"tag": "control", "index": 136, "episode_id": 2246, "read": 2, "shape": [224, 224, 3], "dtype": "uint8", "min": 0, "max": 254, "std": 63.142844846785906, "sha256": "5b585d5d0e257c8b5a0450a3a2ab2a7920cd9b298992b1a33f39467ab2fe5874", "position": [-0.3500030040740967, 0.03376687318086624, 8.719940185546875], "rotation": [0.258819043636322, -0.0, 0.9659258127212524, 0.0], "camera_transform": [[-0.8660253286361694, 0.0, 0.5, -0.3500030040740967], [0.0, 1.0, 0.0, 1.2837668657302856], [-0.5, 0.0, -0.8660253286361694, 8.719940185546875], [0.0, 0.0, 0.0, 1.0]], "agent_navigable": true, "camera_height": 1.25}, {"tag": "warm", "index": 139, "episode_id": 2040, "read": 0, "shape": [224, 224, 3], "dtype": "uint8", "min": 0, "max": 0, "std": 0.0, "sha256": "0a3f0ee9e3cbab26f89ed53b7b20e22cb985b650fd4c52ef57e4aeb27560d773", "position": [-3.393440008163452, 0.01564939320087433, 9.284130096435547], "rotation": [0.258819043636322, -0.0, 0.9659258127212524, 0.0], "camera_transform": [[-0.8660253286361694, 0.0, 0.5, -3.393440008163452], [0.0, 1.0, 0.0, 1.265649437904358], [-0.5, 0.0, -0.8660253286361694, 9.284130096435547], [0.0, 0.0, 0.0, 1.0]], "agent_navigable": true, "camera_height": 1.25}, {"tag": "warm", "index": 139, "episode_id": 2040, "read": 1, "shape": [224, 224, 3], "dtype": "uint8", "min": 0, "max": 0, "std": 0.0, "sha256": "0a3f0ee9e3cbab26f89ed53b7b20e22cb985b650fd4c52ef57e4aeb27560d773", "position": [-3.393440008163452, 0.01564939320087433, 9.284130096435547], "rotation": [0.258819043636322, -0.0, 0.9659258127212524, 0.0], "camera_transform": [[-0.8660253286361694, 0.0, 0.5, -3.393440008163452], [0.0, 1.0, 0.0, 1.265649437904358], [-0.5, 0.0, -0.8660253286361694, 9.284130096435547], [0.0, 0.0, 0.0, 1.0]], "agent_navigable": true, "camera_height": 1.25}, {"tag": "warm", "index": 139, "episode_id": 2040, "read": 2, "shape": [224, 224, 3], "dtype": "uint8", "min": 0, "max": 0, "std": 0.0, "sha256": "0a3f0ee9e3cbab26f89ed53b7b20e22cb985b650fd4c52ef57e4aeb27560d773", "position": [-3.393440008163452, 0.01564939320087433, 9.284130096435547], "rotation": [0.258819043636322, -0.0, 0.9659258127212524, 0.0], "camera_transform": [[-0.8660253286361694, 0.0, 0.5, -3.393440008163452], [0.0, 1.0, 0.0, 1.265649437904358], [-0.5, 0.0, -0.8660253286361694, 9.284130096435547], [0.0, 0.0, 0.0, 1.0]], "agent_navigable": true, "camera_height": 1.25}]
I0923 21:30:19.696735 2579059 Simulator.cpp:49] Deconstructing Simulator
