----------------------------------------
Exception occurred during processing of request from ('127.0.0.1', 38818)
Traceback (most recent call last):
  File "/mnt/data_nas/deeprobotics/daiyang/RevealVLN_q35n_v16_fitdev_training_unblock_v1/projects/qwen35_indoor_nav/research/continuation_memory_v1/evidence_state_policy_v1/expanded_longtrain_v1/monitor.py", line 43, in do_GET
    self.send_response(200);self.send_header('Content-Type',mime);self.send_header('Cache-Control','no-store');self.send_header('Content-Length',str(len(body)));self.end_headers();self.wfile.write(body)
  File "/mnt/data_nas/deeprobotics/daiyang/vla/.tools/python/cpython-3.10.20-linux-x86_64-gnu/lib/python3.10/socketserver.py", line 826, in write
    self._sock.sendall(b)
BrokenPipeError: [Errno 32] Broken pipe

During handling of the above exception, another exception occurred:

Traceback (most recent call last):
  File "/mnt/data_nas/deeprobotics/daiyang/vla/.tools/python/cpython-3.10.20-linux-x86_64-gnu/lib/python3.10/socketserver.py", line 316, in _handle_request_noblock
    self.process_request(request, client_address)
  File "/mnt/data_nas/deeprobotics/daiyang/vla/.tools/python/cpython-3.10.20-linux-x86_64-gnu/lib/python3.10/socketserver.py", line 347, in process_request
    self.finish_request(request, client_address)
  File "/mnt/data_nas/deeprobotics/daiyang/vla/.tools/python/cpython-3.10.20-linux-x86_64-gnu/lib/python3.10/socketserver.py", line 360, in finish_request
    self.RequestHandlerClass(request, client_address, self)
  File "/mnt/data_nas/deeprobotics/daiyang/vla/.tools/python/cpython-3.10.20-linux-x86_64-gnu/lib/python3.10/socketserver.py", line 747, in __init__
    self.handle()
  File "/mnt/data_nas/deeprobotics/daiyang/vla/.tools/python/cpython-3.10.20-linux-x86_64-gnu/lib/python3.10/http/server.py", line 437, in handle
    self.handle_one_request()
  File "/mnt/data_nas/deeprobotics/daiyang/vla/.tools/python/cpython-3.10.20-linux-x86_64-gnu/lib/python3.10/http/server.py", line 425, in handle_one_request
    method()
  File "/mnt/data_nas/deeprobotics/daiyang/RevealVLN_q35n_v16_fitdev_training_unblock_v1/projects/qwen35_indoor_nav/sft_acceptance/ordinary_stop_refit_v13/monitor.py", line 14, in do_GET
    if self.path not in ('/','/api/ordinary'):return super().do_GET()
  File "/mnt/data_nas/deeprobotics/daiyang/RevealVLN_q35n_v16_fitdev_training_unblock_v1/projects/qwen35_indoor_nav/research/continuation_memory_v1/evidence_state_policy_v1/expanded_longtrain_v1/monitor.py", line 44, in do_GET
    except Exception as e:self.send_error(503);print(repr(e),flush=True)
  File "/mnt/data_nas/deeprobotics/daiyang/vla/.tools/python/cpython-3.10.20-linux-x86_64-gnu/lib/python3.10/http/server.py", line 489, in send_error
    self.end_headers()
  File "/mnt/data_nas/deeprobotics/daiyang/vla/.tools/python/cpython-3.10.20-linux-x86_64-gnu/lib/python3.10/http/server.py", line 539, in end_headers
    self.flush_headers()
  File "/mnt/data_nas/deeprobotics/daiyang/vla/.tools/python/cpython-3.10.20-linux-x86_64-gnu/lib/python3.10/http/server.py", line 543, in flush_headers
    self.wfile.write(b"".join(self._headers_buffer))
  File "/mnt/data_nas/deeprobotics/daiyang/vla/.tools/python/cpython-3.10.20-linux-x86_64-gnu/lib/python3.10/socketserver.py", line 826, in write
    self._sock.sendall(b)
BrokenPipeError: [Errno 32] Broken pipe
----------------------------------------
