WARNING: Logging before InitGoogleLogging() is written to STDERR
I0924 10:12:02.866806 2919684 ManagedContainerBase.cpp:19] ManagedContainerBase::convertFilenameToJSON : Filename : default changed to proposed JSON configuration filename : default.scene_dataset_config.json
I0924 10:12:02.866832 2919684 AttributesManagerBase.h:283] AttributesManager<T>::createFromJsonOrDefaultInternal  (Dataset) : Proposing JSON name : default.scene_dataset_config.json from original name : default | This file  does not exist.
I0924 10:12:02.866895 2919684 AssetAttributesManager.cpp:117] Asset attributes (capsule3DSolid : capsule3DSolid_hemiRings_4_cylRings_1_segments_12_halfLen_0.75_useTexCoords_false_useTangents_false) created and registered.
I0924 10:12:02.866919 2919684 AssetAttributesManager.cpp:117] Asset attributes (capsule3DWireframe : capsule3DWireframe_hemiRings_8_cylRings_1_segments_16_halfLen_1) created and registered.
I0924 10:12:02.866941 2919684 AssetAttributesManager.cpp:117] Asset attributes (coneSolid : coneSolid_segments_12_halfLen_1.25_rings_1_useTexCoords_false_useTangents_false_capEnd_true) created and registered.
I0924 10:12:02.866954 2919684 AssetAttributesManager.cpp:117] Asset attributes (coneWireframe : coneWireframe_segments_32_halfLen_1.25) created and registered.
I0924 10:12:02.866961 2919684 AssetAttributesManager.cpp:117] Asset attributes (cubeSolid : cubeSolid) created and registered.
I0924 10:12:02.866967 2919684 AssetAttributesManager.cpp:117] Asset attributes (cubeWireframe : cubeWireframe) created and registered.
I0924 10:12:02.866986 2919684 AssetAttributesManager.cpp:117] Asset attributes (cylinderSolid : cylinderSolid_rings_1_segments_12_halfLen_1_useTexCoords_false_useTangents_false_capEnds_true) created and registered.
I0924 10:12:02.867002 2919684 AssetAttributesManager.cpp:117] Asset attributes (cylinderWireframe : cylinderWireframe_rings_1_segments_32_halfLen_1) created and registered.
I0924 10:12:02.867012 2919684 AssetAttributesManager.cpp:117] Asset attributes (icosphereSolid : icosphereSolid_subdivs_1) created and registered.
I0924 10:12:02.867019 2919684 AssetAttributesManager.cpp:117] Asset attributes (icosphereWireframe : icosphereWireframe_subdivs_1) created and registered.
I0924 10:12:02.867031 2919684 AssetAttributesManager.cpp:117] Asset attributes (uvSphereSolid : uvSphereSolid_rings_8_segments_16_useTexCoords_false_useTangents_false) created and registered.
I0924 10:12:02.867043 2919684 AssetAttributesManager.cpp:117] Asset attributes (uvSphereWireframe : uvSphereWireframe_rings_16_segments_32) created and registered.
I0924 10:12:02.867048 2919684 AssetAttributesManager.cpp:105] AssetAttributesManager::buildCtorFuncPtrMaps : Built default primitive asset templates : 12
I0924 10:12:02.867450 2919684 SceneDatasetAttributesManager.cpp:23] File (default) not found, so new default dataset attributes created and registered.
I0924 10:12:02.867452 2919684 MetadataMediator.cpp:47] MetadataMediator::createDataset : Dataset default successfully created.
I0924 10:12:02.870193 2919684 AttributesManagerBase.h:283] AttributesManager<T>::createFromJsonOrDefaultInternal  (Physics Manager) : Proposing JSON name : ./data/default.physics_config.json from original name : ./data/default.physics_config.json | This file  does not exist.
I0924 10:12:02.870205 2919684 PhysicsAttributesManager.cpp:27] File (./data/default.physics_config.json) not found, so new default physics manager attributes created and registered.
I0924 10:12:02.870208 2919684 AbstractObjectAttributesManagerBase.h:175] AbstractObjectAttributesManager<T>::createObject  (Stage) : Making attributes with handle : /mnt/data_nas/deeprobotics/daiyang/vla/third_party/ETP-R1/data/scene_datasets/mp3d/2azQ1b91cZZ/2azQ1b91cZZ.glb
I0924 10:12:02.870213 2919684 ManagedContainerBase.cpp:19] ManagedContainerBase::convertFilenameToJSON : Filename : /mnt/data_nas/deeprobotics/daiyang/vla/third_party/ETP-R1/data/scene_datasets/mp3d/2azQ1b91cZZ/2azQ1b91cZZ.glb changed to proposed JSON configuration filename : /mnt/data_nas/deeprobotics/daiyang/vla/third_party/ETP-R1/data/scene_datasets/mp3d/2azQ1b91cZZ/2azQ1b91cZZ.stage_config.json
I0924 10:12:02.872773 2919684 AttributesManagerBase.h:283] AttributesManager<T>::createFromJsonOrDefaultInternal  (Stage) : Proposing JSON name : /mnt/data_nas/deeprobotics/daiyang/vla/third_party/ETP-R1/data/scene_datasets/mp3d/2azQ1b91cZZ/2azQ1b91cZZ.stage_config.json from original name : /mnt/data_nas/deeprobotics/daiyang/vla/third_party/ETP-R1/data/scene_datasets/mp3d/2azQ1b91cZZ/2azQ1b91cZZ.glb | This file  does not exist.
I0924 10:12:02.872825 2919684 AbstractObjectAttributesManagerBase.h:181] AbstractObjectAttributesManager<T>::createObject  (Stage) : Done making attributes with handle : /mnt/data_nas/deeprobotics/daiyang/vla/third_party/ETP-R1/data/scene_datasets/mp3d/2azQ1b91cZZ/2azQ1b91cZZ.glb
I0924 10:12:02.872828 2919684 AbstractObjectAttributesManagerBase.h:188] File (/mnt/data_nas/deeprobotics/daiyang/vla/third_party/ETP-R1/data/scene_datasets/mp3d/2azQ1b91cZZ/2azQ1b91cZZ.glb) exists but is not a recognized config filename extension, so new default Stage attributes created and registered.
I0924 10:12:02.872838 2919684 Simulator.cpp:156] Loading navmesh from /mnt/data_nas/deeprobotics/daiyang/vla/third_party/ETP-R1/data/scene_datasets/mp3d/2azQ1b91cZZ/2azQ1b91cZZ.navmesh
I0924 10:12:02.874533 2919684 Simulator.cpp:158] Loaded.
I0924 10:12:02.874545 2919684 SceneGraph.h:93] Created DrawableGroup: 
Renderer: NVIDIA GeForce RTX 5090/PCIe/SSE2 by NVIDIA Corporation
OpenGL version: 4.6.0 NVIDIA 580.126.09
Using optional features:
    GL_ARB_ES2_compatibility
    GL_ARB_direct_state_access
    GL_ARB_get_texture_sub_image
    GL_ARB_invalidate_subdata
    GL_ARB_multi_bind
    GL_ARB_robustness
    GL_ARB_separate_shader_objects
    GL_ARB_texture_filter_anisotropic
    GL_ARB_texture_storage
    GL_ARB_texture_storage_multisample
    GL_ARB_vertex_array_object
    GL_KHR_debug
Using driver workarounds:
    no-forward-compatible-core-context
    nv-egl-incorrect-gl11-function-pointers
    no-layout-qualifiers-on-old-glsl
    nv-zero-context-profile-mask
    nv-implementation-color-read-format-dsa-broken
    nv-cubemap-inconsistent-compressed-image-size
    nv-cubemap-broken-full-compressed-image-query
    nv-compressed-block-size-in-bits
I0924 10:12:03.229313 2919684 ResourceManager.cpp:234] ResourceManager::loadStage : Not loading semantic mesh
I0924 10:12:03.229328 2919684 ResourceManager.cpp:262] ResourceManager::loadStage : start load render asset /mnt/data_nas/deeprobotics/daiyang/vla/third_party/ETP-R1/data/scene_datasets/mp3d/2azQ1b91cZZ/2azQ1b91cZZ.glb.
I0924 10:12:03.229331 2919684 ResourceManager.cpp:569] ResourceManager::loadStageInternal : Attempting to load stage /mnt/data_nas/deeprobotics/daiyang/vla/third_party/ETP-R1/data/scene_datasets/mp3d/2azQ1b91cZZ/2azQ1b91cZZ.glb 
I0924 10:12:03.229355 2919684 ResourceManager.cpp:1119] Importing Basis files as BC7 for 2azQ1b91cZZ.glb
W0924 10:12:07.892264 2919684 Simulator.cpp:248] :
---
 The active scene does not contain semantic annotations. 
---
I0924 10:12:07.978799 2919684 simulator.py:213] Loaded navmesh /mnt/data_nas/deeprobotics/daiyang/vla/third_party/ETP-R1/data/scene_datasets/mp3d/2azQ1b91cZZ/2azQ1b91cZZ.navmesh
I0924 10:55:28.854166 2919684 PhysicsManager.cpp:33] Deconstructing PhysicsManager
I0924 10:55:28.854214 2919684 SemanticScene.h:41] Deconstructing SemanticScene
I0924 10:55:28.858996 2919684 SceneManager.h:25] Deconstructing SceneManager
I0924 10:55:28.859005 2919684 SceneGraph.h:26] Deconstructing SceneGraph
I0924 10:55:28.859272 2919684 Sensor.h:87] Deconstructing Sensor
I0924 10:55:28.865345 2919684 Renderer.cpp:34] Deconstructing Renderer
I0924 10:55:28.865373 2919684 WindowlessContext.h:17] Deconstructing WindowlessContext
I0924 10:55:28.877604 2919684 ManagedContainerBase.cpp:19] ManagedContainerBase::convertFilenameToJSON : Filename : default changed to proposed JSON configuration filename : default.scene_dataset_config.json
I0924 10:55:28.877624 2919684 AttributesManagerBase.h:283] AttributesManager<T>::createFromJsonOrDefaultInternal  (Dataset) : Proposing JSON name : default.scene_dataset_config.json from original name : default | This file  does not exist.
I0924 10:55:28.877717 2919684 AssetAttributesManager.cpp:117] Asset attributes (capsule3DSolid : capsule3DSolid_hemiRings_4_cylRings_1_segments_12_halfLen_0.75_useTexCoords_false_useTangents_false) created and registered.
I0924 10:55:28.877743 2919684 AssetAttributesManager.cpp:117] Asset attributes (capsule3DWireframe : capsule3DWireframe_hemiRings_8_cylRings_1_segments_16_halfLen_1) created and registered.
I0924 10:55:28.877766 2919684 AssetAttributesManager.cpp:117] Asset attributes (coneSolid : coneSolid_segments_12_halfLen_1.25_rings_1_useTexCoords_false_useTangents_false_capEnd_true) created and registered.
I0924 10:55:28.877781 2919684 AssetAttributesManager.cpp:117] Asset attributes (coneWireframe : coneWireframe_segments_32_halfLen_1.25) created and registered.
I0924 10:55:28.877790 2919684 AssetAttributesManager.cpp:117] Asset attributes (cubeSolid : cubeSolid) created and registered.
I0924 10:55:28.877797 2919684 AssetAttributesManager.cpp:117] Asset attributes (cubeWireframe : cubeWireframe) created and registered.
I0924 10:55:28.877817 2919684 AssetAttributesManager.cpp:117] Asset attributes (cylinderSolid : cylinderSolid_rings_1_segments_12_halfLen_1_useTexCoords_false_useTangents_false_capEnds_true) created and registered.
I0924 10:55:28.877835 2919684 AssetAttributesManager.cpp:117] Asset attributes (cylinderWireframe : cylinderWireframe_rings_1_segments_32_halfLen_1) created and registered.
I0924 10:55:28.877846 2919684 AssetAttributesManager.cpp:117] Asset attributes (icosphereSolid : icosphereSolid_subdivs_1) created and registered.
I0924 10:55:28.877856 2919684 AssetAttributesManager.cpp:117] Asset attributes (icosphereWireframe : icosphereWireframe_subdivs_1) created and registered.
I0924 10:55:28.877871 2919684 AssetAttributesManager.cpp:117] Asset attributes (uvSphereSolid : uvSphereSolid_rings_8_segments_16_useTexCoords_false_useTangents_false) created and registered.
I0924 10:55:28.877884 2919684 AssetAttributesManager.cpp:117] Asset attributes (uvSphereWireframe : uvSphereWireframe_rings_16_segments_32) created and registered.
I0924 10:55:28.877890 2919684 AssetAttributesManager.cpp:105] AssetAttributesManager::buildCtorFuncPtrMaps : Built default primitive asset templates : 12
I0924 10:55:28.878296 2919684 SceneDatasetAttributesManager.cpp:23] File (default) not found, so new default dataset attributes created and registered.
I0924 10:55:28.878298 2919684 MetadataMediator.cpp:47] MetadataMediator::createDataset : Dataset default successfully created.
I0924 10:55:28.878499 2919684 AttributesManagerBase.h:283] AttributesManager<T>::createFromJsonOrDefaultInternal  (Physics Manager) : Proposing JSON name : ./data/default.physics_config.json from original name : ./data/default.physics_config.json | This file  does not exist.
I0924 10:55:28.878510 2919684 PhysicsAttributesManager.cpp:27] File (./data/default.physics_config.json) not found, so new default physics manager attributes created and registered.
I0924 10:55:28.878513 2919684 AbstractObjectAttributesManagerBase.h:175] AbstractObjectAttributesManager<T>::createObject  (Stage) : Making attributes with handle : /mnt/data_nas/deeprobotics/daiyang/vla/third_party/ETP-R1/data/scene_datasets/mp3d/8194nk5LbLH/8194nk5LbLH.glb
I0924 10:55:28.878517 2919684 ManagedContainerBase.cpp:19] ManagedContainerBase::convertFilenameToJSON : Filename : /mnt/data_nas/deeprobotics/daiyang/vla/third_party/ETP-R1/data/scene_datasets/mp3d/8194nk5LbLH/8194nk5LbLH.glb changed to proposed JSON configuration filename : /mnt/data_nas/deeprobotics/daiyang/vla/third_party/ETP-R1/data/scene_datasets/mp3d/8194nk5LbLH/8194nk5LbLH.stage_config.json
I0924 10:55:28.882958 2919684 AttributesManagerBase.h:283] AttributesManager<T>::createFromJsonOrDefaultInternal  (Stage) : Proposing JSON name : /mnt/data_nas/deeprobotics/daiyang/vla/third_party/ETP-R1/data/scene_datasets/mp3d/8194nk5LbLH/8194nk5LbLH.stage_config.json from original name : /mnt/data_nas/deeprobotics/daiyang/vla/third_party/ETP-R1/data/scene_datasets/mp3d/8194nk5LbLH/8194nk5LbLH.glb | This file  does not exist.
I0924 10:55:28.883013 2919684 AbstractObjectAttributesManagerBase.h:181] AbstractObjectAttributesManager<T>::createObject  (Stage) : Done making attributes with handle : /mnt/data_nas/deeprobotics/daiyang/vla/third_party/ETP-R1/data/scene_datasets/mp3d/8194nk5LbLH/8194nk5LbLH.glb
I0924 10:55:28.883014 2919684 AbstractObjectAttributesManagerBase.h:188] File (/mnt/data_nas/deeprobotics/daiyang/vla/third_party/ETP-R1/data/scene_datasets/mp3d/8194nk5LbLH/8194nk5LbLH.glb) exists but is not a recognized config filename extension, so new default Stage attributes created and registered.
I0924 10:55:28.883019 2919684 Simulator.cpp:156] Loading navmesh from /mnt/data_nas/deeprobotics/daiyang/vla/third_party/ETP-R1/data/scene_datasets/mp3d/8194nk5LbLH/8194nk5LbLH.navmesh
I0924 10:55:28.885535 2919684 Simulator.cpp:158] Loaded.
I0924 10:55:28.885542 2919684 SceneGraph.h:93] Created DrawableGroup: 
Renderer: NVIDIA GeForce RTX 5090/PCIe/SSE2 by NVIDIA Corporation
OpenGL version: 4.6.0 NVIDIA 580.126.09
Using optional features:
    GL_ARB_ES2_compatibility
    GL_ARB_direct_state_access
    GL_ARB_get_texture_sub_image
    GL_ARB_invalidate_subdata
    GL_ARB_multi_bind
    GL_ARB_robustness
    GL_ARB_separate_shader_objects
    GL_ARB_texture_filter_anisotropic
    GL_ARB_texture_storage
    GL_ARB_texture_storage_multisample
    GL_ARB_vertex_array_object
    GL_KHR_debug
Using driver workarounds:
    no-forward-compatible-core-context
    nv-egl-incorrect-gl11-function-pointers
    no-layout-qualifiers-on-old-glsl
    nv-zero-context-profile-mask
    nv-implementation-color-read-format-dsa-broken
    nv-cubemap-inconsistent-compressed-image-size
    nv-cubemap-broken-full-compressed-image-query
    nv-compressed-block-size-in-bits
I0924 10:55:28.889217 2919684 ResourceManager.cpp:234] ResourceManager::loadStage : Not loading semantic mesh
I0924 10:55:28.889225 2919684 ResourceManager.cpp:262] ResourceManager::loadStage : start load render asset /mnt/data_nas/deeprobotics/daiyang/vla/third_party/ETP-R1/data/scene_datasets/mp3d/8194nk5LbLH/8194nk5LbLH.glb.
I0924 10:55:28.889228 2919684 ResourceManager.cpp:569] ResourceManager::loadStageInternal : Attempting to load stage /mnt/data_nas/deeprobotics/daiyang/vla/third_party/ETP-R1/data/scene_datasets/mp3d/8194nk5LbLH/8194nk5LbLH.glb 
I0924 10:55:28.889245 2919684 ResourceManager.cpp:1119] Importing Basis files as BC7 for 8194nk5LbLH.glb
W0924 10:55:30.092492 2919684 Simulator.cpp:248] :
---
 The active scene does not contain semantic annotations. 
---
I0924 10:55:30.111101 2919684 simulator.py:213] Loaded navmesh /mnt/data_nas/deeprobotics/daiyang/vla/third_party/ETP-R1/data/scene_datasets/mp3d/8194nk5LbLH/8194nk5LbLH.navmesh
I0924 10:55:49.258093 2919684 Simulator.cpp:49] Deconstructing Simulator
I0924 11:02:53.375804 2919684 PhysicsManager.cpp:33] Deconstructing PhysicsManager
I0924 11:02:53.375854 2919684 SemanticScene.h:41] Deconstructing SemanticScene
I0924 11:02:53.376654 2919684 SceneManager.h:25] Deconstructing SceneManager
I0924 11:02:53.376659 2919684 SceneGraph.h:26] Deconstructing SceneGraph
I0924 11:02:53.377130 2919684 Sensor.h:87] Deconstructing Sensor
I0924 11:02:53.378316 2919684 Renderer.cpp:34] Deconstructing Renderer
I0924 11:02:53.378334 2919684 WindowlessContext.h:17] Deconstructing WindowlessContext
I0924 11:02:53.382436 2919684 ManagedContainerBase.cpp:19] ManagedContainerBase::convertFilenameToJSON : Filename : default changed to proposed JSON configuration filename : default.scene_dataset_config.json
I0924 11:02:53.382452 2919684 AttributesManagerBase.h:283] AttributesManager<T>::createFromJsonOrDefaultInternal  (Dataset) : Proposing JSON name : default.scene_dataset_config.json from original name : default | This file  does not exist.
I0924 11:02:53.382536 2919684 AssetAttributesManager.cpp:117] Asset attributes (capsule3DSolid : capsule3DSolid_hemiRings_4_cylRings_1_segments_12_halfLen_0.75_useTexCoords_false_useTangents_false) created and registered.
I0924 11:02:53.382571 2919684 AssetAttributesManager.cpp:117] Asset attributes (capsule3DWireframe : capsule3DWireframe_hemiRings_8_cylRings_1_segments_16_halfLen_1) created and registered.
I0924 11:02:53.382598 2919684 AssetAttributesManager.cpp:117] Asset attributes (coneSolid : coneSolid_segments_12_halfLen_1.25_rings_1_useTexCoords_false_useTangents_false_capEnd_true) created and registered.
I0924 11:02:53.382615 2919684 AssetAttributesManager.cpp:117] Asset attributes (coneWireframe : coneWireframe_segments_32_halfLen_1.25) created and registered.
I0924 11:02:53.382628 2919684 AssetAttributesManager.cpp:117] Asset attributes (cubeSolid : cubeSolid) created and registered.
I0924 11:02:53.382660 2919684 AssetAttributesManager.cpp:117] Asset attributes (cubeWireframe : cubeWireframe) created and registered.
I0924 11:02:53.382682 2919684 AssetAttributesManager.cpp:117] Asset attributes (cylinderSolid : cylinderSolid_rings_1_segments_12_halfLen_1_useTexCoords_false_useTangents_false_capEnds_true) created and registered.
I0924 11:02:53.382700 2919684 AssetAttributesManager.cpp:117] Asset attributes (cylinderWireframe : cylinderWireframe_rings_1_segments_32_halfLen_1) created and registered.
I0924 11:02:53.382712 2919684 AssetAttributesManager.cpp:117] Asset attributes (icosphereSolid : icosphereSolid_subdivs_1) created and registered.
I0924 11:02:53.382722 2919684 AssetAttributesManager.cpp:117] Asset attributes (icosphereWireframe : icosphereWireframe_subdivs_1) created and registered.
I0924 11:02:53.382738 2919684 AssetAttributesManager.cpp:117] Asset attributes (uvSphereSolid : uvSphereSolid_rings_8_segments_16_useTexCoords_false_useTangents_false) created and registered.
I0924 11:02:53.382752 2919684 AssetAttributesManager.cpp:117] Asset attributes (uvSphereWireframe : uvSphereWireframe_rings_16_segments_32) created and registered.
I0924 11:02:53.382758 2919684 AssetAttributesManager.cpp:105] AssetAttributesManager::buildCtorFuncPtrMaps : Built default primitive asset templates : 12
I0924 11:02:53.383206 2919684 SceneDatasetAttributesManager.cpp:23] File (default) not found, so new default dataset attributes created and registered.
I0924 11:02:53.383208 2919684 MetadataMediator.cpp:47] MetadataMediator::createDataset : Dataset default successfully created.
I0924 11:02:53.383409 2919684 AttributesManagerBase.h:283] AttributesManager<T>::createFromJsonOrDefaultInternal  (Physics Manager) : Proposing JSON name : ./data/default.physics_config.json from original name : ./data/default.physics_config.json | This file  does not exist.
I0924 11:02:53.383422 2919684 PhysicsAttributesManager.cpp:27] File (./data/default.physics_config.json) not found, so new default physics manager attributes created and registered.
I0924 11:02:53.383426 2919684 AbstractObjectAttributesManagerBase.h:175] AbstractObjectAttributesManager<T>::createObject  (Stage) : Making attributes with handle : /mnt/data_nas/deeprobotics/daiyang/vla/third_party/ETP-R1/data/scene_datasets/mp3d/EU6Fwq7SyZv/EU6Fwq7SyZv.glb
I0924 11:02:53.383430 2919684 ManagedContainerBase.cpp:19] ManagedContainerBase::convertFilenameToJSON : Filename : /mnt/data_nas/deeprobotics/daiyang/vla/third_party/ETP-R1/data/scene_datasets/mp3d/EU6Fwq7SyZv/EU6Fwq7SyZv.glb changed to proposed JSON configuration filename : /mnt/data_nas/deeprobotics/daiyang/vla/third_party/ETP-R1/data/scene_datasets/mp3d/EU6Fwq7SyZv/EU6Fwq7SyZv.stage_config.json
I0924 11:02:53.388104 2919684 AttributesManagerBase.h:283] AttributesManager<T>::createFromJsonOrDefaultInternal  (Stage) : Proposing JSON name : /mnt/data_nas/deeprobotics/daiyang/vla/third_party/ETP-R1/data/scene_datasets/mp3d/EU6Fwq7SyZv/EU6Fwq7SyZv.stage_config.json from original name : /mnt/data_nas/deeprobotics/daiyang/vla/third_party/ETP-R1/data/scene_datasets/mp3d/EU6Fwq7SyZv/EU6Fwq7SyZv.glb | This file  does not exist.
I0924 11:02:53.388154 2919684 AbstractObjectAttributesManagerBase.h:181] AbstractObjectAttributesManager<T>::createObject  (Stage) : Done making attributes with handle : /mnt/data_nas/deeprobotics/daiyang/vla/third_party/ETP-R1/data/scene_datasets/mp3d/EU6Fwq7SyZv/EU6Fwq7SyZv.glb
I0924 11:02:53.388161 2919684 AbstractObjectAttributesManagerBase.h:188] File (/mnt/data_nas/deeprobotics/daiyang/vla/third_party/ETP-R1/data/scene_datasets/mp3d/EU6Fwq7SyZv/EU6Fwq7SyZv.glb) exists but is not a recognized config filename extension, so new default Stage attributes created and registered.
I0924 11:02:53.388165 2919684 Simulator.cpp:156] Loading navmesh from /mnt/data_nas/deeprobotics/daiyang/vla/third_party/ETP-R1/data/scene_datasets/mp3d/EU6Fwq7SyZv/EU6Fwq7SyZv.navmesh
I0924 11:02:53.389302 2919684 Simulator.cpp:158] Loaded.
I0924 11:02:53.389307 2919684 SceneGraph.h:93] Created DrawableGroup: 
Renderer: NVIDIA GeForce RTX 5090/PCIe/SSE2 by NVIDIA Corporation
OpenGL version: 4.6.0 NVIDIA 580.126.09
Using optional features:
    GL_ARB_ES2_compatibility
    GL_ARB_direct_state_access
    GL_ARB_get_texture_sub_image
    GL_ARB_invalidate_subdata
    GL_ARB_multi_bind
    GL_ARB_robustness
    GL_ARB_separate_shader_objects
    GL_ARB_texture_filter_anisotropic
    GL_ARB_texture_storage
    GL_ARB_texture_storage_multisample
    GL_ARB_vertex_array_object
    GL_KHR_debug
Using driver workarounds:
    no-forward-compatible-core-context
    nv-egl-incorrect-gl11-function-pointers
    no-layout-qualifiers-on-old-glsl
    nv-zero-context-profile-mask
    nv-implementation-color-read-format-dsa-broken
    nv-cubemap-inconsistent-compressed-image-size
    nv-cubemap-broken-full-compressed-image-query
    nv-compressed-block-size-in-bits
I0924 11:02:53.392829 2919684 ResourceManager.cpp:234] ResourceManager::loadStage : Not loading semantic mesh
I0924 11:02:53.392839 2919684 ResourceManager.cpp:262] ResourceManager::loadStage : start load render asset /mnt/data_nas/deeprobotics/daiyang/vla/third_party/ETP-R1/data/scene_datasets/mp3d/EU6Fwq7SyZv/EU6Fwq7SyZv.glb.
I0924 11:02:53.392841 2919684 ResourceManager.cpp:569] ResourceManager::loadStageInternal : Attempting to load stage /mnt/data_nas/deeprobotics/daiyang/vla/third_party/ETP-R1/data/scene_datasets/mp3d/EU6Fwq7SyZv/EU6Fwq7SyZv.glb 
I0924 11:02:53.392854 2919684 ResourceManager.cpp:1119] Importing Basis files as BC7 for EU6Fwq7SyZv.glb
W0924 11:02:56.722858 2919684 Simulator.cpp:248] :
---
 The active scene does not contain semantic annotations. 
---
I0924 11:02:56.765206 2919684 simulator.py:213] Loaded navmesh /mnt/data_nas/deeprobotics/daiyang/vla/third_party/ETP-R1/data/scene_datasets/mp3d/EU6Fwq7SyZv/EU6Fwq7SyZv.navmesh
I0924 11:09:05.123251 2919684 Simulator.cpp:49] Deconstructing Simulator
