WARNING: Logging before InitGoogleLogging() is written to STDERR
I0924 09:32:28.247305 2899570 ManagedContainerBase.cpp:19] ManagedContainerBase::convertFilenameToJSON : Filename : default changed to proposed JSON configuration filename : default.scene_dataset_config.json
I0924 09:32:28.247330 2899570 AttributesManagerBase.h:283] AttributesManager<T>::createFromJsonOrDefaultInternal  (Dataset) : Proposing JSON name : default.scene_dataset_config.json from original name : default | This file  does not exist.
I0924 09:32:28.247390 2899570 AssetAttributesManager.cpp:117] Asset attributes (capsule3DSolid : capsule3DSolid_hemiRings_4_cylRings_1_segments_12_halfLen_0.75_useTexCoords_false_useTangents_false) created and registered.
I0924 09:32:28.247414 2899570 AssetAttributesManager.cpp:117] Asset attributes (capsule3DWireframe : capsule3DWireframe_hemiRings_8_cylRings_1_segments_16_halfLen_1) created and registered.
I0924 09:32:28.247437 2899570 AssetAttributesManager.cpp:117] Asset attributes (coneSolid : coneSolid_segments_12_halfLen_1.25_rings_1_useTexCoords_false_useTangents_false_capEnd_true) created and registered.
I0924 09:32:28.247450 2899570 AssetAttributesManager.cpp:117] Asset attributes (coneWireframe : coneWireframe_segments_32_halfLen_1.25) created and registered.
I0924 09:32:28.247457 2899570 AssetAttributesManager.cpp:117] Asset attributes (cubeSolid : cubeSolid) created and registered.
I0924 09:32:28.247463 2899570 AssetAttributesManager.cpp:117] Asset attributes (cubeWireframe : cubeWireframe) created and registered.
I0924 09:32:28.247481 2899570 AssetAttributesManager.cpp:117] Asset attributes (cylinderSolid : cylinderSolid_rings_1_segments_12_halfLen_1_useTexCoords_false_useTangents_false_capEnds_true) created and registered.
I0924 09:32:28.247498 2899570 AssetAttributesManager.cpp:117] Asset attributes (cylinderWireframe : cylinderWireframe_rings_1_segments_32_halfLen_1) created and registered.
I0924 09:32:28.247505 2899570 AssetAttributesManager.cpp:117] Asset attributes (icosphereSolid : icosphereSolid_subdivs_1) created and registered.
I0924 09:32:28.247514 2899570 AssetAttributesManager.cpp:117] Asset attributes (icosphereWireframe : icosphereWireframe_subdivs_1) created and registered.
I0924 09:32:28.247525 2899570 AssetAttributesManager.cpp:117] Asset attributes (uvSphereSolid : uvSphereSolid_rings_8_segments_16_useTexCoords_false_useTangents_false) created and registered.
I0924 09:32:28.247537 2899570 AssetAttributesManager.cpp:117] Asset attributes (uvSphereWireframe : uvSphereWireframe_rings_16_segments_32) created and registered.
I0924 09:32:28.247541 2899570 AssetAttributesManager.cpp:105] AssetAttributesManager::buildCtorFuncPtrMaps : Built default primitive asset templates : 12
I0924 09:32:28.247921 2899570 SceneDatasetAttributesManager.cpp:23] File (default) not found, so new default dataset attributes created and registered.
I0924 09:32:28.247923 2899570 MetadataMediator.cpp:47] MetadataMediator::createDataset : Dataset default successfully created.
I0924 09:32:28.250599 2899570 AttributesManagerBase.h:283] AttributesManager<T>::createFromJsonOrDefaultInternal  (Physics Manager) : Proposing JSON name : ./data/default.physics_config.json from original name : ./data/default.physics_config.json | This file  does not exist.
I0924 09:32:28.250609 2899570 PhysicsAttributesManager.cpp:27] File (./data/default.physics_config.json) not found, so new default physics manager attributes created and registered.
I0924 09:32:28.250612 2899570 AbstractObjectAttributesManagerBase.h:175] AbstractObjectAttributesManager<T>::createObject  (Stage) : Making attributes with handle : /mnt/data_nas/deeprobotics/daiyang/vla/third_party/ETP-R1/data/scene_datasets/mp3d/2azQ1b91cZZ/2azQ1b91cZZ.glb
I0924 09:32:28.250615 2899570 ManagedContainerBase.cpp:19] ManagedContainerBase::convertFilenameToJSON : Filename : /mnt/data_nas/deeprobotics/daiyang/vla/third_party/ETP-R1/data/scene_datasets/mp3d/2azQ1b91cZZ/2azQ1b91cZZ.glb changed to proposed JSON configuration filename : /mnt/data_nas/deeprobotics/daiyang/vla/third_party/ETP-R1/data/scene_datasets/mp3d/2azQ1b91cZZ/2azQ1b91cZZ.stage_config.json
I0924 09:32:28.252563 2899570 AttributesManagerBase.h:283] AttributesManager<T>::createFromJsonOrDefaultInternal  (Stage) : Proposing JSON name : /mnt/data_nas/deeprobotics/daiyang/vla/third_party/ETP-R1/data/scene_datasets/mp3d/2azQ1b91cZZ/2azQ1b91cZZ.stage_config.json from original name : /mnt/data_nas/deeprobotics/daiyang/vla/third_party/ETP-R1/data/scene_datasets/mp3d/2azQ1b91cZZ/2azQ1b91cZZ.glb | This file  does not exist.
I0924 09:32:28.252614 2899570 AbstractObjectAttributesManagerBase.h:181] AbstractObjectAttributesManager<T>::createObject  (Stage) : Done making attributes with handle : /mnt/data_nas/deeprobotics/daiyang/vla/third_party/ETP-R1/data/scene_datasets/mp3d/2azQ1b91cZZ/2azQ1b91cZZ.glb
I0924 09:32:28.252615 2899570 AbstractObjectAttributesManagerBase.h:188] File (/mnt/data_nas/deeprobotics/daiyang/vla/third_party/ETP-R1/data/scene_datasets/mp3d/2azQ1b91cZZ/2azQ1b91cZZ.glb) exists but is not a recognized config filename extension, so new default Stage attributes created and registered.
I0924 09:32:28.252622 2899570 Simulator.cpp:156] Loading navmesh from /mnt/data_nas/deeprobotics/daiyang/vla/third_party/ETP-R1/data/scene_datasets/mp3d/2azQ1b91cZZ/2azQ1b91cZZ.navmesh
I0924 09:32:28.255300 2899570 Simulator.cpp:158] Loaded.
I0924 09:32:28.255308 2899570 SceneGraph.h:93] Created DrawableGroup: 
Renderer: NVIDIA GeForce RTX 5090/PCIe/SSE2 by NVIDIA Corporation
OpenGL version: 4.6.0 NVIDIA 580.126.09
Using optional features:
    GL_ARB_ES2_compatibility
    GL_ARB_direct_state_access
    GL_ARB_get_texture_sub_image
    GL_ARB_invalidate_subdata
    GL_ARB_multi_bind
    GL_ARB_robustness
    GL_ARB_separate_shader_objects
    GL_ARB_texture_filter_anisotropic
    GL_ARB_texture_storage
    GL_ARB_texture_storage_multisample
    GL_ARB_vertex_array_object
    GL_KHR_debug
Using driver workarounds:
    no-forward-compatible-core-context
    nv-egl-incorrect-gl11-function-pointers
    no-layout-qualifiers-on-old-glsl
    nv-zero-context-profile-mask
    nv-implementation-color-read-format-dsa-broken
    nv-cubemap-inconsistent-compressed-image-size
    nv-cubemap-broken-full-compressed-image-query
    nv-compressed-block-size-in-bits
I0924 09:32:28.972545 2899570 ResourceManager.cpp:234] ResourceManager::loadStage : Not loading semantic mesh
I0924 09:32:28.972555 2899570 ResourceManager.cpp:262] ResourceManager::loadStage : start load render asset /mnt/data_nas/deeprobotics/daiyang/vla/third_party/ETP-R1/data/scene_datasets/mp3d/2azQ1b91cZZ/2azQ1b91cZZ.glb.
I0924 09:32:28.972558 2899570 ResourceManager.cpp:569] ResourceManager::loadStageInternal : Attempting to load stage /mnt/data_nas/deeprobotics/daiyang/vla/third_party/ETP-R1/data/scene_datasets/mp3d/2azQ1b91cZZ/2azQ1b91cZZ.glb 
I0924 09:32:28.972577 2899570 ResourceManager.cpp:1119] Importing Basis files as BC7 for 2azQ1b91cZZ.glb
W0924 09:32:33.363996 2899570 Simulator.cpp:248] :
---
 The active scene does not contain semantic annotations. 
---
I0924 09:32:33.445547 2899570 simulator.py:213] Loaded navmesh /mnt/data_nas/deeprobotics/daiyang/vla/third_party/ETP-R1/data/scene_datasets/mp3d/2azQ1b91cZZ/2azQ1b91cZZ.navmesh
I0924 09:47:07.315106 2899570 PhysicsManager.cpp:33] Deconstructing PhysicsManager
I0924 09:47:07.315160 2899570 SemanticScene.h:41] Deconstructing SemanticScene
I0924 09:47:07.321197 2899570 SceneManager.h:25] Deconstructing SceneManager
I0924 09:47:07.321206 2899570 SceneGraph.h:26] Deconstructing SceneGraph
I0924 09:47:07.321547 2899570 Sensor.h:87] Deconstructing Sensor
I0924 09:47:07.329008 2899570 Renderer.cpp:34] Deconstructing Renderer
I0924 09:47:07.329043 2899570 WindowlessContext.h:17] Deconstructing WindowlessContext
I0924 09:47:07.341907 2899570 ManagedContainerBase.cpp:19] ManagedContainerBase::convertFilenameToJSON : Filename : default changed to proposed JSON configuration filename : default.scene_dataset_config.json
I0924 09:47:07.341924 2899570 AttributesManagerBase.h:283] AttributesManager<T>::createFromJsonOrDefaultInternal  (Dataset) : Proposing JSON name : default.scene_dataset_config.json from original name : default | This file  does not exist.
I0924 09:47:07.342013 2899570 AssetAttributesManager.cpp:117] Asset attributes (capsule3DSolid : capsule3DSolid_hemiRings_4_cylRings_1_segments_12_halfLen_0.75_useTexCoords_false_useTangents_false) created and registered.
I0924 09:47:07.342038 2899570 AssetAttributesManager.cpp:117] Asset attributes (capsule3DWireframe : capsule3DWireframe_hemiRings_8_cylRings_1_segments_16_halfLen_1) created and registered.
I0924 09:47:07.342061 2899570 AssetAttributesManager.cpp:117] Asset attributes (coneSolid : coneSolid_segments_12_halfLen_1.25_rings_1_useTexCoords_false_useTangents_false_capEnd_true) created and registered.
I0924 09:47:07.342075 2899570 AssetAttributesManager.cpp:117] Asset attributes (coneWireframe : coneWireframe_segments_32_halfLen_1.25) created and registered.
I0924 09:47:07.342084 2899570 AssetAttributesManager.cpp:117] Asset attributes (cubeSolid : cubeSolid) created and registered.
I0924 09:47:07.342092 2899570 AssetAttributesManager.cpp:117] Asset attributes (cubeWireframe : cubeWireframe) created and registered.
I0924 09:47:07.342109 2899570 AssetAttributesManager.cpp:117] Asset attributes (cylinderSolid : cylinderSolid_rings_1_segments_12_halfLen_1_useTexCoords_false_useTangents_false_capEnds_true) created and registered.
I0924 09:47:07.342125 2899570 AssetAttributesManager.cpp:117] Asset attributes (cylinderWireframe : cylinderWireframe_rings_1_segments_32_halfLen_1) created and registered.
I0924 09:47:07.342136 2899570 AssetAttributesManager.cpp:117] Asset attributes (icosphereSolid : icosphereSolid_subdivs_1) created and registered.
I0924 09:47:07.342145 2899570 AssetAttributesManager.cpp:117] Asset attributes (icosphereWireframe : icosphereWireframe_subdivs_1) created and registered.
I0924 09:47:07.342159 2899570 AssetAttributesManager.cpp:117] Asset attributes (uvSphereSolid : uvSphereSolid_rings_8_segments_16_useTexCoords_false_useTangents_false) created and registered.
I0924 09:47:07.342171 2899570 AssetAttributesManager.cpp:117] Asset attributes (uvSphereWireframe : uvSphereWireframe_rings_16_segments_32) created and registered.
I0924 09:47:07.342178 2899570 AssetAttributesManager.cpp:105] AssetAttributesManager::buildCtorFuncPtrMaps : Built default primitive asset templates : 12
I0924 09:47:07.342574 2899570 SceneDatasetAttributesManager.cpp:23] File (default) not found, so new default dataset attributes created and registered.
I0924 09:47:07.342576 2899570 MetadataMediator.cpp:47] MetadataMediator::createDataset : Dataset default successfully created.
I0924 09:47:07.342762 2899570 AttributesManagerBase.h:283] AttributesManager<T>::createFromJsonOrDefaultInternal  (Physics Manager) : Proposing JSON name : ./data/default.physics_config.json from original name : ./data/default.physics_config.json | This file  does not exist.
I0924 09:47:07.342773 2899570 PhysicsAttributesManager.cpp:27] File (./data/default.physics_config.json) not found, so new default physics manager attributes created and registered.
I0924 09:47:07.342777 2899570 AbstractObjectAttributesManagerBase.h:175] AbstractObjectAttributesManager<T>::createObject  (Stage) : Making attributes with handle : /mnt/data_nas/deeprobotics/daiyang/vla/third_party/ETP-R1/data/scene_datasets/mp3d/8194nk5LbLH/8194nk5LbLH.glb
I0924 09:47:07.342780 2899570 ManagedContainerBase.cpp:19] ManagedContainerBase::convertFilenameToJSON : Filename : /mnt/data_nas/deeprobotics/daiyang/vla/third_party/ETP-R1/data/scene_datasets/mp3d/8194nk5LbLH/8194nk5LbLH.glb changed to proposed JSON configuration filename : /mnt/data_nas/deeprobotics/daiyang/vla/third_party/ETP-R1/data/scene_datasets/mp3d/8194nk5LbLH/8194nk5LbLH.stage_config.json
I0924 09:47:07.343830 2899570 AttributesManagerBase.h:283] AttributesManager<T>::createFromJsonOrDefaultInternal  (Stage) : Proposing JSON name : /mnt/data_nas/deeprobotics/daiyang/vla/third_party/ETP-R1/data/scene_datasets/mp3d/8194nk5LbLH/8194nk5LbLH.stage_config.json from original name : /mnt/data_nas/deeprobotics/daiyang/vla/third_party/ETP-R1/data/scene_datasets/mp3d/8194nk5LbLH/8194nk5LbLH.glb | This file  does not exist.
I0924 09:47:07.343883 2899570 AbstractObjectAttributesManagerBase.h:181] AbstractObjectAttributesManager<T>::createObject  (Stage) : Done making attributes with handle : /mnt/data_nas/deeprobotics/daiyang/vla/third_party/ETP-R1/data/scene_datasets/mp3d/8194nk5LbLH/8194nk5LbLH.glb
I0924 09:47:07.343885 2899570 AbstractObjectAttributesManagerBase.h:188] File (/mnt/data_nas/deeprobotics/daiyang/vla/third_party/ETP-R1/data/scene_datasets/mp3d/8194nk5LbLH/8194nk5LbLH.glb) exists but is not a recognized config filename extension, so new default Stage attributes created and registered.
I0924 09:47:07.343890 2899570 Simulator.cpp:156] Loading navmesh from /mnt/data_nas/deeprobotics/daiyang/vla/third_party/ETP-R1/data/scene_datasets/mp3d/8194nk5LbLH/8194nk5LbLH.navmesh
I0924 09:47:07.345659 2899570 Simulator.cpp:158] Loaded.
I0924 09:47:07.345665 2899570 SceneGraph.h:93] Created DrawableGroup: 
Renderer: NVIDIA GeForce RTX 5090/PCIe/SSE2 by NVIDIA Corporation
OpenGL version: 4.6.0 NVIDIA 580.126.09
Using optional features:
    GL_ARB_ES2_compatibility
    GL_ARB_direct_state_access
    GL_ARB_get_texture_sub_image
    GL_ARB_invalidate_subdata
    GL_ARB_multi_bind
    GL_ARB_robustness
    GL_ARB_separate_shader_objects
    GL_ARB_texture_filter_anisotropic
    GL_ARB_texture_storage
    GL_ARB_texture_storage_multisample
    GL_ARB_vertex_array_object
    GL_KHR_debug
Using driver workarounds:
    no-forward-compatible-core-context
    nv-egl-incorrect-gl11-function-pointers
    no-layout-qualifiers-on-old-glsl
    nv-zero-context-profile-mask
    nv-implementation-color-read-format-dsa-broken
    nv-cubemap-inconsistent-compressed-image-size
    nv-cubemap-broken-full-compressed-image-query
    nv-compressed-block-size-in-bits
I0924 09:47:07.349393 2899570 ResourceManager.cpp:234] ResourceManager::loadStage : Not loading semantic mesh
I0924 09:47:07.349402 2899570 ResourceManager.cpp:262] ResourceManager::loadStage : start load render asset /mnt/data_nas/deeprobotics/daiyang/vla/third_party/ETP-R1/data/scene_datasets/mp3d/8194nk5LbLH/8194nk5LbLH.glb.
I0924 09:47:07.349406 2899570 ResourceManager.cpp:569] ResourceManager::loadStageInternal : Attempting to load stage /mnt/data_nas/deeprobotics/daiyang/vla/third_party/ETP-R1/data/scene_datasets/mp3d/8194nk5LbLH/8194nk5LbLH.glb 
I0924 09:47:07.349419 2899570 ResourceManager.cpp:1119] Importing Basis files as BC7 for 8194nk5LbLH.glb
W0924 09:47:08.622164 2899570 Simulator.cpp:248] :
---
 The active scene does not contain semantic annotations. 
---
I0924 09:47:08.641591 2899570 simulator.py:213] Loaded navmesh /mnt/data_nas/deeprobotics/daiyang/vla/third_party/ETP-R1/data/scene_datasets/mp3d/8194nk5LbLH/8194nk5LbLH.navmesh
I0924 09:48:57.167356 2899570 PhysicsManager.cpp:33] Deconstructing PhysicsManager
I0924 09:48:57.167407 2899570 SemanticScene.h:41] Deconstructing SemanticScene
I0924 09:48:57.168305 2899570 SceneManager.h:25] Deconstructing SceneManager
I0924 09:48:57.168310 2899570 SceneGraph.h:26] Deconstructing SceneGraph
I0924 09:48:57.168767 2899570 Sensor.h:87] Deconstructing Sensor
I0924 09:48:57.170161 2899570 Renderer.cpp:34] Deconstructing Renderer
I0924 09:48:57.170182 2899570 WindowlessContext.h:17] Deconstructing WindowlessContext
I0924 09:48:57.174623 2899570 ManagedContainerBase.cpp:19] ManagedContainerBase::convertFilenameToJSON : Filename : default changed to proposed JSON configuration filename : default.scene_dataset_config.json
I0924 09:48:57.174638 2899570 AttributesManagerBase.h:283] AttributesManager<T>::createFromJsonOrDefaultInternal  (Dataset) : Proposing JSON name : default.scene_dataset_config.json from original name : default | This file  does not exist.
I0924 09:48:57.174721 2899570 AssetAttributesManager.cpp:117] Asset attributes (capsule3DSolid : capsule3DSolid_hemiRings_4_cylRings_1_segments_12_halfLen_0.75_useTexCoords_false_useTangents_false) created and registered.
I0924 09:48:57.174746 2899570 AssetAttributesManager.cpp:117] Asset attributes (capsule3DWireframe : capsule3DWireframe_hemiRings_8_cylRings_1_segments_16_halfLen_1) created and registered.
I0924 09:48:57.174775 2899570 AssetAttributesManager.cpp:117] Asset attributes (coneSolid : coneSolid_segments_12_halfLen_1.25_rings_1_useTexCoords_false_useTangents_false_capEnd_true) created and registered.
I0924 09:48:57.174790 2899570 AssetAttributesManager.cpp:117] Asset attributes (coneWireframe : coneWireframe_segments_32_halfLen_1.25) created and registered.
I0924 09:48:57.174799 2899570 AssetAttributesManager.cpp:117] Asset attributes (cubeSolid : cubeSolid) created and registered.
I0924 09:48:57.174806 2899570 AssetAttributesManager.cpp:117] Asset attributes (cubeWireframe : cubeWireframe) created and registered.
I0924 09:48:57.174826 2899570 AssetAttributesManager.cpp:117] Asset attributes (cylinderSolid : cylinderSolid_rings_1_segments_12_halfLen_1_useTexCoords_false_useTangents_false_capEnds_true) created and registered.
I0924 09:48:57.174844 2899570 AssetAttributesManager.cpp:117] Asset attributes (cylinderWireframe : cylinderWireframe_rings_1_segments_32_halfLen_1) created and registered.
I0924 09:48:57.174854 2899570 AssetAttributesManager.cpp:117] Asset attributes (icosphereSolid : icosphereSolid_subdivs_1) created and registered.
I0924 09:48:57.174862 2899570 AssetAttributesManager.cpp:117] Asset attributes (icosphereWireframe : icosphereWireframe_subdivs_1) created and registered.
I0924 09:48:57.174876 2899570 AssetAttributesManager.cpp:117] Asset attributes (uvSphereSolid : uvSphereSolid_rings_8_segments_16_useTexCoords_false_useTangents_false) created and registered.
I0924 09:48:57.174889 2899570 AssetAttributesManager.cpp:117] Asset attributes (uvSphereWireframe : uvSphereWireframe_rings_16_segments_32) created and registered.
I0924 09:48:57.174896 2899570 AssetAttributesManager.cpp:105] AssetAttributesManager::buildCtorFuncPtrMaps : Built default primitive asset templates : 12
I0924 09:48:57.175293 2899570 SceneDatasetAttributesManager.cpp:23] File (default) not found, so new default dataset attributes created and registered.
I0924 09:48:57.175295 2899570 MetadataMediator.cpp:47] MetadataMediator::createDataset : Dataset default successfully created.
I0924 09:48:57.175478 2899570 AttributesManagerBase.h:283] AttributesManager<T>::createFromJsonOrDefaultInternal  (Physics Manager) : Proposing JSON name : ./data/default.physics_config.json from original name : ./data/default.physics_config.json | This file  does not exist.
I0924 09:48:57.175489 2899570 PhysicsAttributesManager.cpp:27] File (./data/default.physics_config.json) not found, so new default physics manager attributes created and registered.
I0924 09:48:57.175493 2899570 AbstractObjectAttributesManagerBase.h:175] AbstractObjectAttributesManager<T>::createObject  (Stage) : Making attributes with handle : /mnt/data_nas/deeprobotics/daiyang/vla/third_party/ETP-R1/data/scene_datasets/mp3d/EU6Fwq7SyZv/EU6Fwq7SyZv.glb
I0924 09:48:57.175496 2899570 ManagedContainerBase.cpp:19] ManagedContainerBase::convertFilenameToJSON : Filename : /mnt/data_nas/deeprobotics/daiyang/vla/third_party/ETP-R1/data/scene_datasets/mp3d/EU6Fwq7SyZv/EU6Fwq7SyZv.glb changed to proposed JSON configuration filename : /mnt/data_nas/deeprobotics/daiyang/vla/third_party/ETP-R1/data/scene_datasets/mp3d/EU6Fwq7SyZv/EU6Fwq7SyZv.stage_config.json
I0924 09:48:57.176721 2899570 AttributesManagerBase.h:283] AttributesManager<T>::createFromJsonOrDefaultInternal  (Stage) : Proposing JSON name : /mnt/data_nas/deeprobotics/daiyang/vla/third_party/ETP-R1/data/scene_datasets/mp3d/EU6Fwq7SyZv/EU6Fwq7SyZv.stage_config.json from original name : /mnt/data_nas/deeprobotics/daiyang/vla/third_party/ETP-R1/data/scene_datasets/mp3d/EU6Fwq7SyZv/EU6Fwq7SyZv.glb | This file  does not exist.
I0924 09:48:57.176770 2899570 AbstractObjectAttributesManagerBase.h:181] AbstractObjectAttributesManager<T>::createObject  (Stage) : Done making attributes with handle : /mnt/data_nas/deeprobotics/daiyang/vla/third_party/ETP-R1/data/scene_datasets/mp3d/EU6Fwq7SyZv/EU6Fwq7SyZv.glb
I0924 09:48:57.176771 2899570 AbstractObjectAttributesManagerBase.h:188] File (/mnt/data_nas/deeprobotics/daiyang/vla/third_party/ETP-R1/data/scene_datasets/mp3d/EU6Fwq7SyZv/EU6Fwq7SyZv.glb) exists but is not a recognized config filename extension, so new default Stage attributes created and registered.
I0924 09:48:57.176779 2899570 Simulator.cpp:156] Loading navmesh from /mnt/data_nas/deeprobotics/daiyang/vla/third_party/ETP-R1/data/scene_datasets/mp3d/EU6Fwq7SyZv/EU6Fwq7SyZv.navmesh
I0924 09:48:57.179023 2899570 Simulator.cpp:158] Loaded.
I0924 09:48:57.179028 2899570 SceneGraph.h:93] Created DrawableGroup: 
Renderer: NVIDIA GeForce RTX 5090/PCIe/SSE2 by NVIDIA Corporation
OpenGL version: 4.6.0 NVIDIA 580.126.09
Using optional features:
    GL_ARB_ES2_compatibility
    GL_ARB_direct_state_access
    GL_ARB_get_texture_sub_image
    GL_ARB_invalidate_subdata
    GL_ARB_multi_bind
    GL_ARB_robustness
    GL_ARB_separate_shader_objects
    GL_ARB_texture_filter_anisotropic
    GL_ARB_texture_storage
    GL_ARB_texture_storage_multisample
    GL_ARB_vertex_array_object
    GL_KHR_debug
Using driver workarounds:
    no-forward-compatible-core-context
    nv-egl-incorrect-gl11-function-pointers
    no-layout-qualifiers-on-old-glsl
    nv-zero-context-profile-mask
    nv-implementation-color-read-format-dsa-broken
    nv-cubemap-inconsistent-compressed-image-size
    nv-cubemap-broken-full-compressed-image-query
    nv-compressed-block-size-in-bits
I0924 09:48:57.182453 2899570 ResourceManager.cpp:234] ResourceManager::loadStage : Not loading semantic mesh
I0924 09:48:57.182461 2899570 ResourceManager.cpp:262] ResourceManager::loadStage : start load render asset /mnt/data_nas/deeprobotics/daiyang/vla/third_party/ETP-R1/data/scene_datasets/mp3d/EU6Fwq7SyZv/EU6Fwq7SyZv.glb.
I0924 09:48:57.182464 2899570 ResourceManager.cpp:569] ResourceManager::loadStageInternal : Attempting to load stage /mnt/data_nas/deeprobotics/daiyang/vla/third_party/ETP-R1/data/scene_datasets/mp3d/EU6Fwq7SyZv/EU6Fwq7SyZv.glb 
I0924 09:48:57.182478 2899570 ResourceManager.cpp:1119] Importing Basis files as BC7 for EU6Fwq7SyZv.glb
W0924 09:49:00.540833 2899570 Simulator.cpp:248] :
---
 The active scene does not contain semantic annotations. 
---
I0924 09:49:00.581681 2899570 simulator.py:213] Loaded navmesh /mnt/data_nas/deeprobotics/daiyang/vla/third_party/ETP-R1/data/scene_datasets/mp3d/EU6Fwq7SyZv/EU6Fwq7SyZv.navmesh
I0924 09:51:04.870225 2899570 Simulator.cpp:49] Deconstructing Simulator
I0924 09:51:04.870464 2899570 Simulator.cpp:49] Deconstructing Simulator
I0924 09:59:43.653609 2899570 PhysicsManager.cpp:33] Deconstructing PhysicsManager
I0924 09:59:43.653647 2899570 SemanticScene.h:41] Deconstructing SemanticScene
I0924 09:59:43.655786 2899570 SceneManager.h:25] Deconstructing SceneManager
I0924 09:59:43.655794 2899570 SceneGraph.h:26] Deconstructing SceneGraph
I0924 09:59:43.656361 2899570 Sensor.h:87] Deconstructing Sensor
I0924 09:59:43.660162 2899570 Renderer.cpp:34] Deconstructing Renderer
I0924 09:59:43.660187 2899570 WindowlessContext.h:17] Deconstructing WindowlessContext
I0924 09:59:43.669117 2899570 ManagedContainerBase.cpp:19] ManagedContainerBase::convertFilenameToJSON : Filename : default changed to proposed JSON configuration filename : default.scene_dataset_config.json
I0924 09:59:43.669135 2899570 AttributesManagerBase.h:283] AttributesManager<T>::createFromJsonOrDefaultInternal  (Dataset) : Proposing JSON name : default.scene_dataset_config.json from original name : default | This file  does not exist.
I0924 09:59:43.669209 2899570 AssetAttributesManager.cpp:117] Asset attributes (capsule3DSolid : capsule3DSolid_hemiRings_4_cylRings_1_segments_12_halfLen_0.75_useTexCoords_false_useTangents_false) created and registered.
I0924 09:59:43.669241 2899570 AssetAttributesManager.cpp:117] Asset attributes (capsule3DWireframe : capsule3DWireframe_hemiRings_8_cylRings_1_segments_16_halfLen_1) created and registered.
I0924 09:59:43.669265 2899570 AssetAttributesManager.cpp:117] Asset attributes (coneSolid : coneSolid_segments_12_halfLen_1.25_rings_1_useTexCoords_false_useTangents_false_capEnd_true) created and registered.
I0924 09:59:43.669293 2899570 AssetAttributesManager.cpp:117] Asset attributes (coneWireframe : coneWireframe_segments_32_halfLen_1.25) created and registered.
I0924 09:59:43.669310 2899570 AssetAttributesManager.cpp:117] Asset attributes (cubeSolid : cubeSolid) created and registered.
I0924 09:59:43.669317 2899570 AssetAttributesManager.cpp:117] Asset attributes (cubeWireframe : cubeWireframe) created and registered.
I0924 09:59:43.669335 2899570 AssetAttributesManager.cpp:117] Asset attributes (cylinderSolid : cylinderSolid_rings_1_segments_12_halfLen_1_useTexCoords_false_useTangents_false_capEnds_true) created and registered.
I0924 09:59:43.669374 2899570 AssetAttributesManager.cpp:117] Asset attributes (cylinderWireframe : cylinderWireframe_rings_1_segments_32_halfLen_1) created and registered.
I0924 09:59:43.669384 2899570 AssetAttributesManager.cpp:117] Asset attributes (icosphereSolid : icosphereSolid_subdivs_1) created and registered.
I0924 09:59:43.669394 2899570 AssetAttributesManager.cpp:117] Asset attributes (icosphereWireframe : icosphereWireframe_subdivs_1) created and registered.
I0924 09:59:43.669409 2899570 AssetAttributesManager.cpp:117] Asset attributes (uvSphereSolid : uvSphereSolid_rings_8_segments_16_useTexCoords_false_useTangents_false) created and registered.
I0924 09:59:43.669420 2899570 AssetAttributesManager.cpp:117] Asset attributes (uvSphereWireframe : uvSphereWireframe_rings_16_segments_32) created and registered.
I0924 09:59:43.669430 2899570 AssetAttributesManager.cpp:105] AssetAttributesManager::buildCtorFuncPtrMaps : Built default primitive asset templates : 12
I0924 09:59:43.669869 2899570 SceneDatasetAttributesManager.cpp:23] File (default) not found, so new default dataset attributes created and registered.
I0924 09:59:43.669871 2899570 MetadataMediator.cpp:47] MetadataMediator::createDataset : Dataset default successfully created.
I0924 09:59:43.670105 2899570 AttributesManagerBase.h:283] AttributesManager<T>::createFromJsonOrDefaultInternal  (Physics Manager) : Proposing JSON name : ./data/default.physics_config.json from original name : ./data/default.physics_config.json | This file  does not exist.
I0924 09:59:43.670116 2899570 PhysicsAttributesManager.cpp:27] File (./data/default.physics_config.json) not found, so new default physics manager attributes created and registered.
I0924 09:59:43.670120 2899570 AbstractObjectAttributesManagerBase.h:175] AbstractObjectAttributesManager<T>::createObject  (Stage) : Making attributes with handle : /mnt/data_nas/deeprobotics/daiyang/vla/third_party/ETP-R1/data/scene_datasets/mp3d/QUCTc6BB5sX/QUCTc6BB5sX.glb
I0924 09:59:43.670123 2899570 ManagedContainerBase.cpp:19] ManagedContainerBase::convertFilenameToJSON : Filename : /mnt/data_nas/deeprobotics/daiyang/vla/third_party/ETP-R1/data/scene_datasets/mp3d/QUCTc6BB5sX/QUCTc6BB5sX.glb changed to proposed JSON configuration filename : /mnt/data_nas/deeprobotics/daiyang/vla/third_party/ETP-R1/data/scene_datasets/mp3d/QUCTc6BB5sX/QUCTc6BB5sX.stage_config.json
I0924 09:59:43.671290 2899570 AttributesManagerBase.h:283] AttributesManager<T>::createFromJsonOrDefaultInternal  (Stage) : Proposing JSON name : /mnt/data_nas/deeprobotics/daiyang/vla/third_party/ETP-R1/data/scene_datasets/mp3d/QUCTc6BB5sX/QUCTc6BB5sX.stage_config.json from original name : /mnt/data_nas/deeprobotics/daiyang/vla/third_party/ETP-R1/data/scene_datasets/mp3d/QUCTc6BB5sX/QUCTc6BB5sX.glb | This file  does not exist.
I0924 09:59:43.671341 2899570 AbstractObjectAttributesManagerBase.h:181] AbstractObjectAttributesManager<T>::createObject  (Stage) : Done making attributes with handle : /mnt/data_nas/deeprobotics/daiyang/vla/third_party/ETP-R1/data/scene_datasets/mp3d/QUCTc6BB5sX/QUCTc6BB5sX.glb
I0924 09:59:43.671343 2899570 AbstractObjectAttributesManagerBase.h:188] File (/mnt/data_nas/deeprobotics/daiyang/vla/third_party/ETP-R1/data/scene_datasets/mp3d/QUCTc6BB5sX/QUCTc6BB5sX.glb) exists but is not a recognized config filename extension, so new default Stage attributes created and registered.
I0924 09:59:43.671351 2899570 Simulator.cpp:156] Loading navmesh from /mnt/data_nas/deeprobotics/daiyang/vla/third_party/ETP-R1/data/scene_datasets/mp3d/QUCTc6BB5sX/QUCTc6BB5sX.navmesh
I0924 09:59:43.674041 2899570 Simulator.cpp:158] Loaded.
I0924 09:59:43.674047 2899570 SceneGraph.h:93] Created DrawableGroup: 
Renderer: NVIDIA GeForce RTX 5090/PCIe/SSE2 by NVIDIA Corporation
OpenGL version: 4.6.0 NVIDIA 580.126.09
Using optional features:
    GL_ARB_ES2_compatibility
    GL_ARB_direct_state_access
    GL_ARB_get_texture_sub_image
    GL_ARB_invalidate_subdata
    GL_ARB_multi_bind
    GL_ARB_robustness
    GL_ARB_separate_shader_objects
    GL_ARB_texture_filter_anisotropic
    GL_ARB_texture_storage
    GL_ARB_texture_storage_multisample
    GL_ARB_vertex_array_object
    GL_KHR_debug
Using driver workarounds:
    no-forward-compatible-core-context
    nv-egl-incorrect-gl11-function-pointers
    no-layout-qualifiers-on-old-glsl
    nv-zero-context-profile-mask
    nv-implementation-color-read-format-dsa-broken
    nv-cubemap-inconsistent-compressed-image-size
    nv-cubemap-broken-full-compressed-image-query
    nv-compressed-block-size-in-bits
I0924 09:59:43.677536 2899570 ResourceManager.cpp:234] ResourceManager::loadStage : Not loading semantic mesh
I0924 09:59:43.677544 2899570 ResourceManager.cpp:262] ResourceManager::loadStage : start load render asset /mnt/data_nas/deeprobotics/daiyang/vla/third_party/ETP-R1/data/scene_datasets/mp3d/QUCTc6BB5sX/QUCTc6BB5sX.glb.
I0924 09:59:43.677546 2899570 ResourceManager.cpp:569] ResourceManager::loadStageInternal : Attempting to load stage /mnt/data_nas/deeprobotics/daiyang/vla/third_party/ETP-R1/data/scene_datasets/mp3d/QUCTc6BB5sX/QUCTc6BB5sX.glb 
I0924 09:59:43.677559 2899570 ResourceManager.cpp:1119] Importing Basis files as BC7 for QUCTc6BB5sX.glb
W0924 09:59:48.240842 2899570 Simulator.cpp:248] :
---
 The active scene does not contain semantic annotations. 
---
I0924 09:59:48.324060 2899570 simulator.py:213] Loaded navmesh /mnt/data_nas/deeprobotics/daiyang/vla/third_party/ETP-R1/data/scene_datasets/mp3d/QUCTc6BB5sX/QUCTc6BB5sX.navmesh
I0924 10:05:29.679100 2899570 Simulator.cpp:49] Deconstructing Simulator
I0924 10:19:24.563090 2899570 PhysicsManager.cpp:33] Deconstructing PhysicsManager
I0924 10:19:24.563139 2899570 SemanticScene.h:41] Deconstructing SemanticScene
I0924 10:19:24.568034 2899570 SceneManager.h:25] Deconstructing SceneManager
I0924 10:19:24.568042 2899570 SceneGraph.h:26] Deconstructing SceneGraph
I0924 10:19:24.568696 2899570 Sensor.h:87] Deconstructing Sensor
I0924 10:19:24.572146 2899570 Renderer.cpp:34] Deconstructing Renderer
I0924 10:19:24.572165 2899570 WindowlessContext.h:17] Deconstructing WindowlessContext
I0924 10:19:24.590691 2899570 ManagedContainerBase.cpp:19] ManagedContainerBase::convertFilenameToJSON : Filename : default changed to proposed JSON configuration filename : default.scene_dataset_config.json
I0924 10:19:24.590706 2899570 AttributesManagerBase.h:283] AttributesManager<T>::createFromJsonOrDefaultInternal  (Dataset) : Proposing JSON name : default.scene_dataset_config.json from original name : default | This file  does not exist.
I0924 10:19:24.590799 2899570 AssetAttributesManager.cpp:117] Asset attributes (capsule3DSolid : capsule3DSolid_hemiRings_4_cylRings_1_segments_12_halfLen_0.75_useTexCoords_false_useTangents_false) created and registered.
I0924 10:19:24.590824 2899570 AssetAttributesManager.cpp:117] Asset attributes (capsule3DWireframe : capsule3DWireframe_hemiRings_8_cylRings_1_segments_16_halfLen_1) created and registered.
I0924 10:19:24.590849 2899570 AssetAttributesManager.cpp:117] Asset attributes (coneSolid : coneSolid_segments_12_halfLen_1.25_rings_1_useTexCoords_false_useTangents_false_capEnd_true) created and registered.
I0924 10:19:24.590864 2899570 AssetAttributesManager.cpp:117] Asset attributes (coneWireframe : coneWireframe_segments_32_halfLen_1.25) created and registered.
I0924 10:19:24.590873 2899570 AssetAttributesManager.cpp:117] Asset attributes (cubeSolid : cubeSolid) created and registered.
I0924 10:19:24.590883 2899570 AssetAttributesManager.cpp:117] Asset attributes (cubeWireframe : cubeWireframe) created and registered.
I0924 10:19:24.590904 2899570 AssetAttributesManager.cpp:117] Asset attributes (cylinderSolid : cylinderSolid_rings_1_segments_12_halfLen_1_useTexCoords_false_useTangents_false_capEnds_true) created and registered.
I0924 10:19:24.590920 2899570 AssetAttributesManager.cpp:117] Asset attributes (cylinderWireframe : cylinderWireframe_rings_1_segments_32_halfLen_1) created and registered.
I0924 10:19:24.590931 2899570 AssetAttributesManager.cpp:117] Asset attributes (icosphereSolid : icosphereSolid_subdivs_1) created and registered.
I0924 10:19:24.590939 2899570 AssetAttributesManager.cpp:117] Asset attributes (icosphereWireframe : icosphereWireframe_subdivs_1) created and registered.
I0924 10:19:24.590955 2899570 AssetAttributesManager.cpp:117] Asset attributes (uvSphereSolid : uvSphereSolid_rings_8_segments_16_useTexCoords_false_useTangents_false) created and registered.
I0924 10:19:24.590965 2899570 AssetAttributesManager.cpp:117] Asset attributes (uvSphereWireframe : uvSphereWireframe_rings_16_segments_32) created and registered.
I0924 10:19:24.590971 2899570 AssetAttributesManager.cpp:105] AssetAttributesManager::buildCtorFuncPtrMaps : Built default primitive asset templates : 12
I0924 10:19:24.591360 2899570 SceneDatasetAttributesManager.cpp:23] File (default) not found, so new default dataset attributes created and registered.
I0924 10:19:24.591362 2899570 MetadataMediator.cpp:47] MetadataMediator::createDataset : Dataset default successfully created.
I0924 10:19:24.591537 2899570 AttributesManagerBase.h:283] AttributesManager<T>::createFromJsonOrDefaultInternal  (Physics Manager) : Proposing JSON name : ./data/default.physics_config.json from original name : ./data/default.physics_config.json | This file  does not exist.
I0924 10:19:24.591548 2899570 PhysicsAttributesManager.cpp:27] File (./data/default.physics_config.json) not found, so new default physics manager attributes created and registered.
I0924 10:19:24.591552 2899570 AbstractObjectAttributesManagerBase.h:175] AbstractObjectAttributesManager<T>::createObject  (Stage) : Making attributes with handle : /mnt/data_nas/deeprobotics/daiyang/vla/third_party/ETP-R1/data/scene_datasets/mp3d/TbHJrupSAjP/TbHJrupSAjP.glb
I0924 10:19:24.591554 2899570 ManagedContainerBase.cpp:19] ManagedContainerBase::convertFilenameToJSON : Filename : /mnt/data_nas/deeprobotics/daiyang/vla/third_party/ETP-R1/data/scene_datasets/mp3d/TbHJrupSAjP/TbHJrupSAjP.glb changed to proposed JSON configuration filename : /mnt/data_nas/deeprobotics/daiyang/vla/third_party/ETP-R1/data/scene_datasets/mp3d/TbHJrupSAjP/TbHJrupSAjP.stage_config.json
I0924 10:19:24.596650 2899570 AttributesManagerBase.h:283] AttributesManager<T>::createFromJsonOrDefaultInternal  (Stage) : Proposing JSON name : /mnt/data_nas/deeprobotics/daiyang/vla/third_party/ETP-R1/data/scene_datasets/mp3d/TbHJrupSAjP/TbHJrupSAjP.stage_config.json from original name : /mnt/data_nas/deeprobotics/daiyang/vla/third_party/ETP-R1/data/scene_datasets/mp3d/TbHJrupSAjP/TbHJrupSAjP.glb | This file  does not exist.
I0924 10:19:24.596697 2899570 AbstractObjectAttributesManagerBase.h:181] AbstractObjectAttributesManager<T>::createObject  (Stage) : Done making attributes with handle : /mnt/data_nas/deeprobotics/daiyang/vla/third_party/ETP-R1/data/scene_datasets/mp3d/TbHJrupSAjP/TbHJrupSAjP.glb
I0924 10:19:24.596699 2899570 AbstractObjectAttributesManagerBase.h:188] File (/mnt/data_nas/deeprobotics/daiyang/vla/third_party/ETP-R1/data/scene_datasets/mp3d/TbHJrupSAjP/TbHJrupSAjP.glb) exists but is not a recognized config filename extension, so new default Stage attributes created and registered.
I0924 10:19:24.596704 2899570 Simulator.cpp:156] Loading navmesh from /mnt/data_nas/deeprobotics/daiyang/vla/third_party/ETP-R1/data/scene_datasets/mp3d/TbHJrupSAjP/TbHJrupSAjP.navmesh
I0924 10:19:24.598485 2899570 Simulator.cpp:158] Loaded.
I0924 10:19:24.598490 2899570 SceneGraph.h:93] Created DrawableGroup: 
Renderer: NVIDIA GeForce RTX 5090/PCIe/SSE2 by NVIDIA Corporation
OpenGL version: 4.6.0 NVIDIA 580.126.09
Using optional features:
    GL_ARB_ES2_compatibility
    GL_ARB_direct_state_access
    GL_ARB_get_texture_sub_image
    GL_ARB_invalidate_subdata
    GL_ARB_multi_bind
    GL_ARB_robustness
    GL_ARB_separate_shader_objects
    GL_ARB_texture_filter_anisotropic
    GL_ARB_texture_storage
    GL_ARB_texture_storage_multisample
    GL_ARB_vertex_array_object
    GL_KHR_debug
Using driver workarounds:
    no-forward-compatible-core-context
    nv-egl-incorrect-gl11-function-pointers
    no-layout-qualifiers-on-old-glsl
    nv-zero-context-profile-mask
    nv-implementation-color-read-format-dsa-broken
    nv-cubemap-inconsistent-compressed-image-size
    nv-cubemap-broken-full-compressed-image-query
    nv-compressed-block-size-in-bits
I0924 10:19:24.602463 2899570 ResourceManager.cpp:234] ResourceManager::loadStage : Not loading semantic mesh
I0924 10:19:24.602471 2899570 ResourceManager.cpp:262] ResourceManager::loadStage : start load render asset /mnt/data_nas/deeprobotics/daiyang/vla/third_party/ETP-R1/data/scene_datasets/mp3d/TbHJrupSAjP/TbHJrupSAjP.glb.
I0924 10:19:24.602474 2899570 ResourceManager.cpp:569] ResourceManager::loadStageInternal : Attempting to load stage /mnt/data_nas/deeprobotics/daiyang/vla/third_party/ETP-R1/data/scene_datasets/mp3d/TbHJrupSAjP/TbHJrupSAjP.glb 
I0924 10:19:24.602490 2899570 ResourceManager.cpp:1119] Importing Basis files as BC7 for TbHJrupSAjP.glb
W0924 10:19:27.553100 2899570 Simulator.cpp:248] :
---
 The active scene does not contain semantic annotations. 
---
I0924 10:19:27.619179 2899570 simulator.py:213] Loaded navmesh /mnt/data_nas/deeprobotics/daiyang/vla/third_party/ETP-R1/data/scene_datasets/mp3d/TbHJrupSAjP/TbHJrupSAjP.navmesh
I0924 10:19:44.170153 2899570 Simulator.cpp:49] Deconstructing Simulator
I0924 10:34:08.300865 2899570 PhysicsManager.cpp:33] Deconstructing PhysicsManager
I0924 10:34:08.300904 2899570 SemanticScene.h:41] Deconstructing SemanticScene
I0924 10:34:08.304257 2899570 SceneManager.h:25] Deconstructing SceneManager
I0924 10:34:08.304266 2899570 SceneGraph.h:26] Deconstructing SceneGraph
I0924 10:34:08.304481 2899570 Sensor.h:87] Deconstructing Sensor
I0924 10:34:08.308360 2899570 Renderer.cpp:34] Deconstructing Renderer
I0924 10:34:08.308382 2899570 WindowlessContext.h:17] Deconstructing WindowlessContext
I0924 10:34:08.318842 2899570 ManagedContainerBase.cpp:19] ManagedContainerBase::convertFilenameToJSON : Filename : default changed to proposed JSON configuration filename : default.scene_dataset_config.json
I0924 10:34:08.318858 2899570 AttributesManagerBase.h:283] AttributesManager<T>::createFromJsonOrDefaultInternal  (Dataset) : Proposing JSON name : default.scene_dataset_config.json from original name : default | This file  does not exist.
I0924 10:34:08.318953 2899570 AssetAttributesManager.cpp:117] Asset attributes (capsule3DSolid : capsule3DSolid_hemiRings_4_cylRings_1_segments_12_halfLen_0.75_useTexCoords_false_useTangents_false) created and registered.
I0924 10:34:08.318979 2899570 AssetAttributesManager.cpp:117] Asset attributes (capsule3DWireframe : capsule3DWireframe_hemiRings_8_cylRings_1_segments_16_halfLen_1) created and registered.
I0924 10:34:08.319003 2899570 AssetAttributesManager.cpp:117] Asset attributes (coneSolid : coneSolid_segments_12_halfLen_1.25_rings_1_useTexCoords_false_useTangents_false_capEnd_true) created and registered.
I0924 10:34:08.319021 2899570 AssetAttributesManager.cpp:117] Asset attributes (coneWireframe : coneWireframe_segments_32_halfLen_1.25) created and registered.
I0924 10:34:08.319028 2899570 AssetAttributesManager.cpp:117] Asset attributes (cubeSolid : cubeSolid) created and registered.
I0924 10:34:08.319034 2899570 AssetAttributesManager.cpp:117] Asset attributes (cubeWireframe : cubeWireframe) created and registered.
I0924 10:34:08.319053 2899570 AssetAttributesManager.cpp:117] Asset attributes (cylinderSolid : cylinderSolid_rings_1_segments_12_halfLen_1_useTexCoords_false_useTangents_false_capEnds_true) created and registered.
I0924 10:34:08.319077 2899570 AssetAttributesManager.cpp:117] Asset attributes (cylinderWireframe : cylinderWireframe_rings_1_segments_32_halfLen_1) created and registered.
I0924 10:34:08.319085 2899570 AssetAttributesManager.cpp:117] Asset attributes (icosphereSolid : icosphereSolid_subdivs_1) created and registered.
I0924 10:34:08.319100 2899570 AssetAttributesManager.cpp:117] Asset attributes (icosphereWireframe : icosphereWireframe_subdivs_1) created and registered.
I0924 10:34:08.319113 2899570 AssetAttributesManager.cpp:117] Asset attributes (uvSphereSolid : uvSphereSolid_rings_8_segments_16_useTexCoords_false_useTangents_false) created and registered.
I0924 10:34:08.319125 2899570 AssetAttributesManager.cpp:117] Asset attributes (uvSphereWireframe : uvSphereWireframe_rings_16_segments_32) created and registered.
I0924 10:34:08.319130 2899570 AssetAttributesManager.cpp:105] AssetAttributesManager::buildCtorFuncPtrMaps : Built default primitive asset templates : 12
I0924 10:34:08.319535 2899570 SceneDatasetAttributesManager.cpp:23] File (default) not found, so new default dataset attributes created and registered.
I0924 10:34:08.319538 2899570 MetadataMediator.cpp:47] MetadataMediator::createDataset : Dataset default successfully created.
I0924 10:34:08.319713 2899570 AttributesManagerBase.h:283] AttributesManager<T>::createFromJsonOrDefaultInternal  (Physics Manager) : Proposing JSON name : ./data/default.physics_config.json from original name : ./data/default.physics_config.json | This file  does not exist.
I0924 10:34:08.319723 2899570 PhysicsAttributesManager.cpp:27] File (./data/default.physics_config.json) not found, so new default physics manager attributes created and registered.
I0924 10:34:08.319726 2899570 AbstractObjectAttributesManagerBase.h:175] AbstractObjectAttributesManager<T>::createObject  (Stage) : Making attributes with handle : /mnt/data_nas/deeprobotics/daiyang/vla/third_party/ETP-R1/data/scene_datasets/mp3d/X7HyMhZNoso/X7HyMhZNoso.glb
I0924 10:34:08.319730 2899570 ManagedContainerBase.cpp:19] ManagedContainerBase::convertFilenameToJSON : Filename : /mnt/data_nas/deeprobotics/daiyang/vla/third_party/ETP-R1/data/scene_datasets/mp3d/X7HyMhZNoso/X7HyMhZNoso.glb changed to proposed JSON configuration filename : /mnt/data_nas/deeprobotics/daiyang/vla/third_party/ETP-R1/data/scene_datasets/mp3d/X7HyMhZNoso/X7HyMhZNoso.stage_config.json
I0924 10:34:08.323762 2899570 AttributesManagerBase.h:283] AttributesManager<T>::createFromJsonOrDefaultInternal  (Stage) : Proposing JSON name : /mnt/data_nas/deeprobotics/daiyang/vla/third_party/ETP-R1/data/scene_datasets/mp3d/X7HyMhZNoso/X7HyMhZNoso.stage_config.json from original name : /mnt/data_nas/deeprobotics/daiyang/vla/third_party/ETP-R1/data/scene_datasets/mp3d/X7HyMhZNoso/X7HyMhZNoso.glb | This file  does not exist.
I0924 10:34:08.323809 2899570 AbstractObjectAttributesManagerBase.h:181] AbstractObjectAttributesManager<T>::createObject  (Stage) : Done making attributes with handle : /mnt/data_nas/deeprobotics/daiyang/vla/third_party/ETP-R1/data/scene_datasets/mp3d/X7HyMhZNoso/X7HyMhZNoso.glb
I0924 10:34:08.323812 2899570 AbstractObjectAttributesManagerBase.h:188] File (/mnt/data_nas/deeprobotics/daiyang/vla/third_party/ETP-R1/data/scene_datasets/mp3d/X7HyMhZNoso/X7HyMhZNoso.glb) exists but is not a recognized config filename extension, so new default Stage attributes created and registered.
I0924 10:34:08.323815 2899570 Simulator.cpp:156] Loading navmesh from /mnt/data_nas/deeprobotics/daiyang/vla/third_party/ETP-R1/data/scene_datasets/mp3d/X7HyMhZNoso/X7HyMhZNoso.navmesh
I0924 10:34:08.325742 2899570 Simulator.cpp:158] Loaded.
I0924 10:34:08.325747 2899570 SceneGraph.h:93] Created DrawableGroup: 
Renderer: NVIDIA GeForce RTX 5090/PCIe/SSE2 by NVIDIA Corporation
OpenGL version: 4.6.0 NVIDIA 580.126.09
Using optional features:
    GL_ARB_ES2_compatibility
    GL_ARB_direct_state_access
    GL_ARB_get_texture_sub_image
    GL_ARB_invalidate_subdata
    GL_ARB_multi_bind
    GL_ARB_robustness
    GL_ARB_separate_shader_objects
    GL_ARB_texture_filter_anisotropic
    GL_ARB_texture_storage
    GL_ARB_texture_storage_multisample
    GL_ARB_vertex_array_object
    GL_KHR_debug
Using driver workarounds:
    no-forward-compatible-core-context
    nv-egl-incorrect-gl11-function-pointers
    no-layout-qualifiers-on-old-glsl
    nv-zero-context-profile-mask
    nv-implementation-color-read-format-dsa-broken
    nv-cubemap-inconsistent-compressed-image-size
    nv-cubemap-broken-full-compressed-image-query
    nv-compressed-block-size-in-bits
I0924 10:34:08.329241 2899570 ResourceManager.cpp:234] ResourceManager::loadStage : Not loading semantic mesh
I0924 10:34:08.329249 2899570 ResourceManager.cpp:262] ResourceManager::loadStage : start load render asset /mnt/data_nas/deeprobotics/daiyang/vla/third_party/ETP-R1/data/scene_datasets/mp3d/X7HyMhZNoso/X7HyMhZNoso.glb.
I0924 10:34:08.329252 2899570 ResourceManager.cpp:569] ResourceManager::loadStageInternal : Attempting to load stage /mnt/data_nas/deeprobotics/daiyang/vla/third_party/ETP-R1/data/scene_datasets/mp3d/X7HyMhZNoso/X7HyMhZNoso.glb 
I0924 10:34:08.329263 2899570 ResourceManager.cpp:1119] Importing Basis files as BC7 for X7HyMhZNoso.glb
W0924 10:34:10.320137 2899570 Simulator.cpp:248] :
---
 The active scene does not contain semantic annotations. 
---
I0924 10:34:10.362249 2899570 simulator.py:213] Loaded navmesh /mnt/data_nas/deeprobotics/daiyang/vla/third_party/ETP-R1/data/scene_datasets/mp3d/X7HyMhZNoso/X7HyMhZNoso.navmesh
I0924 10:39:22.232129 2899570 Simulator.cpp:49] Deconstructing Simulator
I0924 10:43:21.915737 2899570 PhysicsManager.cpp:33] Deconstructing PhysicsManager
I0924 10:43:21.915782 2899570 SemanticScene.h:41] Deconstructing SemanticScene
I0924 10:43:21.917815 2899570 SceneManager.h:25] Deconstructing SceneManager
I0924 10:43:21.917824 2899570 SceneGraph.h:26] Deconstructing SceneGraph
I0924 10:43:21.917991 2899570 Sensor.h:87] Deconstructing Sensor
I0924 10:43:21.920543 2899570 Renderer.cpp:34] Deconstructing Renderer
I0924 10:43:21.920567 2899570 WindowlessContext.h:17] Deconstructing WindowlessContext
I0924 10:43:21.928333 2899570 ManagedContainerBase.cpp:19] ManagedContainerBase::convertFilenameToJSON : Filename : default changed to proposed JSON configuration filename : default.scene_dataset_config.json
I0924 10:43:21.928347 2899570 AttributesManagerBase.h:283] AttributesManager<T>::createFromJsonOrDefaultInternal  (Dataset) : Proposing JSON name : default.scene_dataset_config.json from original name : default | This file  does not exist.
I0924 10:43:21.928469 2899570 AssetAttributesManager.cpp:117] Asset attributes (capsule3DSolid : capsule3DSolid_hemiRings_4_cylRings_1_segments_12_halfLen_0.75_useTexCoords_false_useTangents_false) created and registered.
I0924 10:43:21.928495 2899570 AssetAttributesManager.cpp:117] Asset attributes (capsule3DWireframe : capsule3DWireframe_hemiRings_8_cylRings_1_segments_16_halfLen_1) created and registered.
I0924 10:43:21.928521 2899570 AssetAttributesManager.cpp:117] Asset attributes (coneSolid : coneSolid_segments_12_halfLen_1.25_rings_1_useTexCoords_false_useTangents_false_capEnd_true) created and registered.
I0924 10:43:21.928536 2899570 AssetAttributesManager.cpp:117] Asset attributes (coneWireframe : coneWireframe_segments_32_halfLen_1.25) created and registered.
I0924 10:43:21.928545 2899570 AssetAttributesManager.cpp:117] Asset attributes (cubeSolid : cubeSolid) created and registered.
I0924 10:43:21.928551 2899570 AssetAttributesManager.cpp:117] Asset attributes (cubeWireframe : cubeWireframe) created and registered.
I0924 10:43:21.928572 2899570 AssetAttributesManager.cpp:117] Asset attributes (cylinderSolid : cylinderSolid_rings_1_segments_12_halfLen_1_useTexCoords_false_useTangents_false_capEnds_true) created and registered.
I0924 10:43:21.928591 2899570 AssetAttributesManager.cpp:117] Asset attributes (cylinderWireframe : cylinderWireframe_rings_1_segments_32_halfLen_1) created and registered.
I0924 10:43:21.928601 2899570 AssetAttributesManager.cpp:117] Asset attributes (icosphereSolid : icosphereSolid_subdivs_1) created and registered.
I0924 10:43:21.928614 2899570 AssetAttributesManager.cpp:117] Asset attributes (icosphereWireframe : icosphereWireframe_subdivs_1) created and registered.
I0924 10:43:21.928629 2899570 AssetAttributesManager.cpp:117] Asset attributes (uvSphereSolid : uvSphereSolid_rings_8_segments_16_useTexCoords_false_useTangents_false) created and registered.
I0924 10:43:21.928642 2899570 AssetAttributesManager.cpp:117] Asset attributes (uvSphereWireframe : uvSphereWireframe_rings_16_segments_32) created and registered.
I0924 10:43:21.928648 2899570 AssetAttributesManager.cpp:105] AssetAttributesManager::buildCtorFuncPtrMaps : Built default primitive asset templates : 12
I0924 10:43:21.929060 2899570 SceneDatasetAttributesManager.cpp:23] File (default) not found, so new default dataset attributes created and registered.
I0924 10:43:21.929062 2899570 MetadataMediator.cpp:47] MetadataMediator::createDataset : Dataset default successfully created.
I0924 10:43:21.929257 2899570 AttributesManagerBase.h:283] AttributesManager<T>::createFromJsonOrDefaultInternal  (Physics Manager) : Proposing JSON name : ./data/default.physics_config.json from original name : ./data/default.physics_config.json | This file  does not exist.
I0924 10:43:21.929268 2899570 PhysicsAttributesManager.cpp:27] File (./data/default.physics_config.json) not found, so new default physics manager attributes created and registered.
I0924 10:43:21.929275 2899570 AbstractObjectAttributesManagerBase.h:175] AbstractObjectAttributesManager<T>::createObject  (Stage) : Making attributes with handle : /mnt/data_nas/deeprobotics/daiyang/vla/third_party/ETP-R1/data/scene_datasets/mp3d/Z6MFQCViBuw/Z6MFQCViBuw.glb
I0924 10:43:21.929279 2899570 ManagedContainerBase.cpp:19] ManagedContainerBase::convertFilenameToJSON : Filename : /mnt/data_nas/deeprobotics/daiyang/vla/third_party/ETP-R1/data/scene_datasets/mp3d/Z6MFQCViBuw/Z6MFQCViBuw.glb changed to proposed JSON configuration filename : /mnt/data_nas/deeprobotics/daiyang/vla/third_party/ETP-R1/data/scene_datasets/mp3d/Z6MFQCViBuw/Z6MFQCViBuw.stage_config.json
I0924 10:43:21.934605 2899570 AttributesManagerBase.h:283] AttributesManager<T>::createFromJsonOrDefaultInternal  (Stage) : Proposing JSON name : /mnt/data_nas/deeprobotics/daiyang/vla/third_party/ETP-R1/data/scene_datasets/mp3d/Z6MFQCViBuw/Z6MFQCViBuw.stage_config.json from original name : /mnt/data_nas/deeprobotics/daiyang/vla/third_party/ETP-R1/data/scene_datasets/mp3d/Z6MFQCViBuw/Z6MFQCViBuw.glb | This file  does not exist.
I0924 10:43:21.934654 2899570 AbstractObjectAttributesManagerBase.h:181] AbstractObjectAttributesManager<T>::createObject  (Stage) : Done making attributes with handle : /mnt/data_nas/deeprobotics/daiyang/vla/third_party/ETP-R1/data/scene_datasets/mp3d/Z6MFQCViBuw/Z6MFQCViBuw.glb
I0924 10:43:21.934655 2899570 AbstractObjectAttributesManagerBase.h:188] File (/mnt/data_nas/deeprobotics/daiyang/vla/third_party/ETP-R1/data/scene_datasets/mp3d/Z6MFQCViBuw/Z6MFQCViBuw.glb) exists but is not a recognized config filename extension, so new default Stage attributes created and registered.
I0924 10:43:21.934660 2899570 Simulator.cpp:156] Loading navmesh from /mnt/data_nas/deeprobotics/daiyang/vla/third_party/ETP-R1/data/scene_datasets/mp3d/Z6MFQCViBuw/Z6MFQCViBuw.navmesh
I0924 10:43:21.936517 2899570 Simulator.cpp:158] Loaded.
I0924 10:43:21.936523 2899570 SceneGraph.h:93] Created DrawableGroup: 
Renderer: NVIDIA GeForce RTX 5090/PCIe/SSE2 by NVIDIA Corporation
OpenGL version: 4.6.0 NVIDIA 580.126.09
Using optional features:
    GL_ARB_ES2_compatibility
    GL_ARB_direct_state_access
    GL_ARB_get_texture_sub_image
    GL_ARB_invalidate_subdata
    GL_ARB_multi_bind
    GL_ARB_robustness
    GL_ARB_separate_shader_objects
    GL_ARB_texture_filter_anisotropic
    GL_ARB_texture_storage
    GL_ARB_texture_storage_multisample
    GL_ARB_vertex_array_object
    GL_KHR_debug
Using driver workarounds:
    no-forward-compatible-core-context
    nv-egl-incorrect-gl11-function-pointers
    no-layout-qualifiers-on-old-glsl
    nv-zero-context-profile-mask
    nv-implementation-color-read-format-dsa-broken
    nv-cubemap-inconsistent-compressed-image-size
    nv-cubemap-broken-full-compressed-image-query
    nv-compressed-block-size-in-bits
I0924 10:43:21.940024 2899570 ResourceManager.cpp:234] ResourceManager::loadStage : Not loading semantic mesh
I0924 10:43:21.940032 2899570 ResourceManager.cpp:262] ResourceManager::loadStage : start load render asset /mnt/data_nas/deeprobotics/daiyang/vla/third_party/ETP-R1/data/scene_datasets/mp3d/Z6MFQCViBuw/Z6MFQCViBuw.glb.
I0924 10:43:21.940034 2899570 ResourceManager.cpp:569] ResourceManager::loadStageInternal : Attempting to load stage /mnt/data_nas/deeprobotics/daiyang/vla/third_party/ETP-R1/data/scene_datasets/mp3d/Z6MFQCViBuw/Z6MFQCViBuw.glb 
I0924 10:43:21.940049 2899570 ResourceManager.cpp:1119] Importing Basis files as BC7 for Z6MFQCViBuw.glb
W0924 10:43:27.699386 2899570 Simulator.cpp:248] :
---
 The active scene does not contain semantic annotations. 
---
I0924 10:43:27.744141 2899570 simulator.py:213] Loaded navmesh /mnt/data_nas/deeprobotics/daiyang/vla/third_party/ETP-R1/data/scene_datasets/mp3d/Z6MFQCViBuw/Z6MFQCViBuw.navmesh
I0924 10:46:01.711452 2899570 Simulator.cpp:49] Deconstructing Simulator
I0924 10:53:30.499943 2899570 PhysicsManager.cpp:33] Deconstructing PhysicsManager
I0924 10:53:30.499982 2899570 SemanticScene.h:41] Deconstructing SemanticScene
I0924 10:53:30.501876 2899570 SceneManager.h:25] Deconstructing SceneManager
I0924 10:53:30.501885 2899570 SceneGraph.h:26] Deconstructing SceneGraph
I0924 10:53:30.502110 2899570 Sensor.h:87] Deconstructing Sensor
I0924 10:53:30.507320 2899570 Renderer.cpp:34] Deconstructing Renderer
I0924 10:53:30.507345 2899570 WindowlessContext.h:17] Deconstructing WindowlessContext
I0924 10:53:30.524586 2899570 ManagedContainerBase.cpp:19] ManagedContainerBase::convertFilenameToJSON : Filename : default changed to proposed JSON configuration filename : default.scene_dataset_config.json
I0924 10:53:30.524603 2899570 AttributesManagerBase.h:283] AttributesManager<T>::createFromJsonOrDefaultInternal  (Dataset) : Proposing JSON name : default.scene_dataset_config.json from original name : default | This file  does not exist.
I0924 10:53:30.524688 2899570 AssetAttributesManager.cpp:117] Asset attributes (capsule3DSolid : capsule3DSolid_hemiRings_4_cylRings_1_segments_12_halfLen_0.75_useTexCoords_false_useTangents_false) created and registered.
I0924 10:53:30.524719 2899570 AssetAttributesManager.cpp:117] Asset attributes (capsule3DWireframe : capsule3DWireframe_hemiRings_8_cylRings_1_segments_16_halfLen_1) created and registered.
I0924 10:53:30.524742 2899570 AssetAttributesManager.cpp:117] Asset attributes (coneSolid : coneSolid_segments_12_halfLen_1.25_rings_1_useTexCoords_false_useTangents_false_capEnd_true) created and registered.
I0924 10:53:30.524762 2899570 AssetAttributesManager.cpp:117] Asset attributes (coneWireframe : coneWireframe_segments_32_halfLen_1.25) created and registered.
I0924 10:53:30.524780 2899570 AssetAttributesManager.cpp:117] Asset attributes (cubeSolid : cubeSolid) created and registered.
I0924 10:53:30.524825 2899570 AssetAttributesManager.cpp:117] Asset attributes (cubeWireframe : cubeWireframe) created and registered.
I0924 10:53:30.524844 2899570 AssetAttributesManager.cpp:117] Asset attributes (cylinderSolid : cylinderSolid_rings_1_segments_12_halfLen_1_useTexCoords_false_useTangents_false_capEnds_true) created and registered.
I0924 10:53:30.524864 2899570 AssetAttributesManager.cpp:117] Asset attributes (cylinderWireframe : cylinderWireframe_rings_1_segments_32_halfLen_1) created and registered.
I0924 10:53:30.524875 2899570 AssetAttributesManager.cpp:117] Asset attributes (icosphereSolid : icosphereSolid_subdivs_1) created and registered.
I0924 10:53:30.524887 2899570 AssetAttributesManager.cpp:117] Asset attributes (icosphereWireframe : icosphereWireframe_subdivs_1) created and registered.
I0924 10:53:30.524901 2899570 AssetAttributesManager.cpp:117] Asset attributes (uvSphereSolid : uvSphereSolid_rings_8_segments_16_useTexCoords_false_useTangents_false) created and registered.
I0924 10:53:30.524919 2899570 AssetAttributesManager.cpp:117] Asset attributes (uvSphereWireframe : uvSphereWireframe_rings_16_segments_32) created and registered.
I0924 10:53:30.524924 2899570 AssetAttributesManager.cpp:105] AssetAttributesManager::buildCtorFuncPtrMaps : Built default primitive asset templates : 12
I0924 10:53:30.525357 2899570 SceneDatasetAttributesManager.cpp:23] File (default) not found, so new default dataset attributes created and registered.
I0924 10:53:30.525360 2899570 MetadataMediator.cpp:47] MetadataMediator::createDataset : Dataset default successfully created.
I0924 10:53:30.525545 2899570 AttributesManagerBase.h:283] AttributesManager<T>::createFromJsonOrDefaultInternal  (Physics Manager) : Proposing JSON name : ./data/default.physics_config.json from original name : ./data/default.physics_config.json | This file  does not exist.
I0924 10:53:30.525556 2899570 PhysicsAttributesManager.cpp:27] File (./data/default.physics_config.json) not found, so new default physics manager attributes created and registered.
I0924 10:53:30.525559 2899570 AbstractObjectAttributesManagerBase.h:175] AbstractObjectAttributesManager<T>::createObject  (Stage) : Making attributes with handle : /mnt/data_nas/deeprobotics/daiyang/vla/third_party/ETP-R1/data/scene_datasets/mp3d/oLBMNvg9in8/oLBMNvg9in8.glb
I0924 10:53:30.525563 2899570 ManagedContainerBase.cpp:19] ManagedContainerBase::convertFilenameToJSON : Filename : /mnt/data_nas/deeprobotics/daiyang/vla/third_party/ETP-R1/data/scene_datasets/mp3d/oLBMNvg9in8/oLBMNvg9in8.glb changed to proposed JSON configuration filename : /mnt/data_nas/deeprobotics/daiyang/vla/third_party/ETP-R1/data/scene_datasets/mp3d/oLBMNvg9in8/oLBMNvg9in8.stage_config.json
I0924 10:53:30.528838 2899570 AttributesManagerBase.h:283] AttributesManager<T>::createFromJsonOrDefaultInternal  (Stage) : Proposing JSON name : /mnt/data_nas/deeprobotics/daiyang/vla/third_party/ETP-R1/data/scene_datasets/mp3d/oLBMNvg9in8/oLBMNvg9in8.stage_config.json from original name : /mnt/data_nas/deeprobotics/daiyang/vla/third_party/ETP-R1/data/scene_datasets/mp3d/oLBMNvg9in8/oLBMNvg9in8.glb | This file  does not exist.
I0924 10:53:30.528887 2899570 AbstractObjectAttributesManagerBase.h:181] AbstractObjectAttributesManager<T>::createObject  (Stage) : Done making attributes with handle : /mnt/data_nas/deeprobotics/daiyang/vla/third_party/ETP-R1/data/scene_datasets/mp3d/oLBMNvg9in8/oLBMNvg9in8.glb
I0924 10:53:30.528889 2899570 AbstractObjectAttributesManagerBase.h:188] File (/mnt/data_nas/deeprobotics/daiyang/vla/third_party/ETP-R1/data/scene_datasets/mp3d/oLBMNvg9in8/oLBMNvg9in8.glb) exists but is not a recognized config filename extension, so new default Stage attributes created and registered.
I0924 10:53:30.528894 2899570 Simulator.cpp:156] Loading navmesh from /mnt/data_nas/deeprobotics/daiyang/vla/third_party/ETP-R1/data/scene_datasets/mp3d/oLBMNvg9in8/oLBMNvg9in8.navmesh
I0924 10:53:30.530608 2899570 Simulator.cpp:158] Loaded.
I0924 10:53:30.530613 2899570 SceneGraph.h:93] Created DrawableGroup: 
Renderer: NVIDIA GeForce RTX 5090/PCIe/SSE2 by NVIDIA Corporation
OpenGL version: 4.6.0 NVIDIA 580.126.09
Using optional features:
    GL_ARB_ES2_compatibility
    GL_ARB_direct_state_access
    GL_ARB_get_texture_sub_image
    GL_ARB_invalidate_subdata
    GL_ARB_multi_bind
    GL_ARB_robustness
    GL_ARB_separate_shader_objects
    GL_ARB_texture_filter_anisotropic
    GL_ARB_texture_storage
    GL_ARB_texture_storage_multisample
    GL_ARB_vertex_array_object
    GL_KHR_debug
Using driver workarounds:
    no-forward-compatible-core-context
    nv-egl-incorrect-gl11-function-pointers
    no-layout-qualifiers-on-old-glsl
    nv-zero-context-profile-mask
    nv-implementation-color-read-format-dsa-broken
    nv-cubemap-inconsistent-compressed-image-size
    nv-cubemap-broken-full-compressed-image-query
    nv-compressed-block-size-in-bits
I0924 10:53:30.534154 2899570 ResourceManager.cpp:234] ResourceManager::loadStage : Not loading semantic mesh
I0924 10:53:30.534163 2899570 ResourceManager.cpp:262] ResourceManager::loadStage : start load render asset /mnt/data_nas/deeprobotics/daiyang/vla/third_party/ETP-R1/data/scene_datasets/mp3d/oLBMNvg9in8/oLBMNvg9in8.glb.
I0924 10:53:30.534169 2899570 ResourceManager.cpp:569] ResourceManager::loadStageInternal : Attempting to load stage /mnt/data_nas/deeprobotics/daiyang/vla/third_party/ETP-R1/data/scene_datasets/mp3d/oLBMNvg9in8/oLBMNvg9in8.glb 
I0924 10:53:30.534183 2899570 ResourceManager.cpp:1119] Importing Basis files as BC7 for oLBMNvg9in8.glb
W0924 10:53:34.031867 2899570 Simulator.cpp:248] :
---
 The active scene does not contain semantic annotations. 
---
I0924 10:53:34.111621 2899570 simulator.py:213] Loaded navmesh /mnt/data_nas/deeprobotics/daiyang/vla/third_party/ETP-R1/data/scene_datasets/mp3d/oLBMNvg9in8/oLBMNvg9in8.navmesh
I0924 10:57:43.002817 2899570 Simulator.cpp:49] Deconstructing Simulator
