WARNING: Logging before InitGoogleLogging() is written to STDERR
I0921 08:44:35.345724 4127975 ManagedContainerBase.cpp:19] ManagedContainerBase::convertFilenameToJSON : Filename : default changed to proposed JSON configuration filename : default.scene_dataset_config.json
I0921 08:44:35.346540 4127975 AttributesManagerBase.h:283] AttributesManager<T>::createFromJsonOrDefaultInternal  (Dataset) : Proposing JSON name : default.scene_dataset_config.json from original name : default | This file  does not exist.
I0921 08:44:35.346638 4127975 AssetAttributesManager.cpp:117] Asset attributes (capsule3DSolid : capsule3DSolid_hemiRings_4_cylRings_1_segments_12_halfLen_0.75_useTexCoords_false_useTangents_false) created and registered.
I0921 08:44:35.346666 4127975 AssetAttributesManager.cpp:117] Asset attributes (capsule3DWireframe : capsule3DWireframe_hemiRings_8_cylRings_1_segments_16_halfLen_1) created and registered.
I0921 08:44:35.346691 4127975 AssetAttributesManager.cpp:117] Asset attributes (coneSolid : coneSolid_segments_12_halfLen_1.25_rings_1_useTexCoords_false_useTangents_false_capEnd_true) created and registered.
I0921 08:44:35.346706 4127975 AssetAttributesManager.cpp:117] Asset attributes (coneWireframe : coneWireframe_segments_32_halfLen_1.25) created and registered.
I0921 08:44:35.346714 4127975 AssetAttributesManager.cpp:117] Asset attributes (cubeSolid : cubeSolid) created and registered.
I0921 08:44:35.346721 4127975 AssetAttributesManager.cpp:117] Asset attributes (cubeWireframe : cubeWireframe) created and registered.
I0921 08:44:35.346741 4127975 AssetAttributesManager.cpp:117] Asset attributes (cylinderSolid : cylinderSolid_rings_1_segments_12_halfLen_1_useTexCoords_false_useTangents_false_capEnds_true) created and registered.
I0921 08:44:35.346760 4127975 AssetAttributesManager.cpp:117] Asset attributes (cylinderWireframe : cylinderWireframe_rings_1_segments_32_halfLen_1) created and registered.
I0921 08:44:35.346768 4127975 AssetAttributesManager.cpp:117] Asset attributes (icosphereSolid : icosphereSolid_subdivs_1) created and registered.
I0921 08:44:35.346777 4127975 AssetAttributesManager.cpp:117] Asset attributes (icosphereWireframe : icosphereWireframe_subdivs_1) created and registered.
I0921 08:44:35.346789 4127975 AssetAttributesManager.cpp:117] Asset attributes (uvSphereSolid : uvSphereSolid_rings_8_segments_16_useTexCoords_false_useTangents_false) created and registered.
I0921 08:44:35.346803 4127975 AssetAttributesManager.cpp:117] Asset attributes (uvSphereWireframe : uvSphereWireframe_rings_16_segments_32) created and registered.
I0921 08:44:35.346807 4127975 AssetAttributesManager.cpp:105] AssetAttributesManager::buildCtorFuncPtrMaps : Built default primitive asset templates : 12
I0921 08:44:35.349992 4127975 SceneDatasetAttributesManager.cpp:23] File (default) not found, so new default dataset attributes created and registered.
I0921 08:44:35.349994 4127975 MetadataMediator.cpp:47] MetadataMediator::createDataset : Dataset default successfully created.
I0921 08:44:35.354110 4127975 AttributesManagerBase.h:283] AttributesManager<T>::createFromJsonOrDefaultInternal  (Physics Manager) : Proposing JSON name : ./data/default.physics_config.json from original name : ./data/default.physics_config.json | This file  does not exist.
I0921 08:44:35.354125 4127975 PhysicsAttributesManager.cpp:27] File (./data/default.physics_config.json) not found, so new default physics manager attributes created and registered.
I0921 08:44:35.354128 4127975 AbstractObjectAttributesManagerBase.h:175] AbstractObjectAttributesManager<T>::createObject  (Stage) : Making attributes with handle : /mnt/data_nas/deeprobotics/daiyang/vla/third_party/ETP-R1/data/scene_datasets/mp3d/5ZKStnWn8Zo/5ZKStnWn8Zo.glb
I0921 08:44:35.354132 4127975 ManagedContainerBase.cpp:19] ManagedContainerBase::convertFilenameToJSON : Filename : /mnt/data_nas/deeprobotics/daiyang/vla/third_party/ETP-R1/data/scene_datasets/mp3d/5ZKStnWn8Zo/5ZKStnWn8Zo.glb changed to proposed JSON configuration filename : /mnt/data_nas/deeprobotics/daiyang/vla/third_party/ETP-R1/data/scene_datasets/mp3d/5ZKStnWn8Zo/5ZKStnWn8Zo.stage_config.json
I0921 08:44:35.355082 4127975 AttributesManagerBase.h:283] AttributesManager<T>::createFromJsonOrDefaultInternal  (Stage) : Proposing JSON name : /mnt/data_nas/deeprobotics/daiyang/vla/third_party/ETP-R1/data/scene_datasets/mp3d/5ZKStnWn8Zo/5ZKStnWn8Zo.stage_config.json from original name : /mnt/data_nas/deeprobotics/daiyang/vla/third_party/ETP-R1/data/scene_datasets/mp3d/5ZKStnWn8Zo/5ZKStnWn8Zo.glb | This file  does not exist.
I0921 08:44:35.355129 4127975 AbstractObjectAttributesManagerBase.h:181] AbstractObjectAttributesManager<T>::createObject  (Stage) : Done making attributes with handle : /mnt/data_nas/deeprobotics/daiyang/vla/third_party/ETP-R1/data/scene_datasets/mp3d/5ZKStnWn8Zo/5ZKStnWn8Zo.glb
I0921 08:44:35.355131 4127975 AbstractObjectAttributesManagerBase.h:188] File (/mnt/data_nas/deeprobotics/daiyang/vla/third_party/ETP-R1/data/scene_datasets/mp3d/5ZKStnWn8Zo/5ZKStnWn8Zo.glb) exists but is not a recognized config filename extension, so new default Stage attributes created and registered.
I0921 08:44:35.355142 4127975 Simulator.cpp:156] Loading navmesh from /mnt/data_nas/deeprobotics/daiyang/vla/third_party/ETP-R1/data/scene_datasets/mp3d/5ZKStnWn8Zo/5ZKStnWn8Zo.navmesh
I0921 08:44:35.364578 4127975 Simulator.cpp:158] Loaded.
I0921 08:44:35.364600 4127975 SceneGraph.h:93] Created DrawableGroup: 
Renderer: NVIDIA GeForce RTX 5090/PCIe/SSE2 by NVIDIA Corporation
OpenGL version: 4.6.0 NVIDIA 580.126.09
Using optional features:
    GL_ARB_ES2_compatibility
    GL_ARB_direct_state_access
    GL_ARB_get_texture_sub_image
    GL_ARB_invalidate_subdata
    GL_ARB_multi_bind
    GL_ARB_robustness
    GL_ARB_separate_shader_objects
    GL_ARB_texture_filter_anisotropic
    GL_ARB_texture_storage
    GL_ARB_texture_storage_multisample
    GL_ARB_vertex_array_object
    GL_KHR_debug
Using driver workarounds:
    no-forward-compatible-core-context
    nv-egl-incorrect-gl11-function-pointers
    no-layout-qualifiers-on-old-glsl
    nv-zero-context-profile-mask
    nv-implementation-color-read-format-dsa-broken
    nv-cubemap-inconsistent-compressed-image-size
    nv-cubemap-broken-full-compressed-image-query
    nv-compressed-block-size-in-bits
I0921 08:44:36.270651 4127975 ResourceManager.cpp:193] ResourceManager::loadStage : Loading Semantic Stage mesh : /mnt/data_nas/deeprobotics/daiyang/vla/third_party/ETP-R1/data/scene_datasets/mp3d/5ZKStnWn8Zo/5ZKStnWn8Zo_semantic.ply
I0921 08:44:36.270668 4127975 SceneGraph.h:93] Created DrawableGroup: 
I0921 08:44:36.270671 4127975 ResourceManager.cpp:569] ResourceManager::loadStageInternal : Attempting to load stage /mnt/data_nas/deeprobotics/daiyang/vla/third_party/ETP-R1/data/scene_datasets/mp3d/5ZKStnWn8Zo/5ZKStnWn8Zo_semantic.ply 
I0921 08:44:46.102507 4127975 ResourceManager.cpp:224] ResourceManager::loadStage : Semantic Stage mesh : /mnt/data_nas/deeprobotics/daiyang/vla/third_party/ETP-R1/data/scene_datasets/mp3d/5ZKStnWn8Zo/5ZKStnWn8Zo_semantic.ply loaded.
I0921 08:44:46.102553 4127975 ResourceManager.cpp:262] ResourceManager::loadStage : start load render asset /mnt/data_nas/deeprobotics/daiyang/vla/third_party/ETP-R1/data/scene_datasets/mp3d/5ZKStnWn8Zo/5ZKStnWn8Zo.glb.
I0921 08:44:46.102557 4127975 ResourceManager.cpp:569] ResourceManager::loadStageInternal : Attempting to load stage /mnt/data_nas/deeprobotics/daiyang/vla/third_party/ETP-R1/data/scene_datasets/mp3d/5ZKStnWn8Zo/5ZKStnWn8Zo.glb 
I0921 08:44:46.102604 4127975 ResourceManager.cpp:1119] Importing Basis files as BC7 for 5ZKStnWn8Zo.glb
I0921 08:44:50.741374 4127975 simulator.py:213] Loaded navmesh /mnt/data_nas/deeprobotics/daiyang/vla/third_party/ETP-R1/data/scene_datasets/mp3d/5ZKStnWn8Zo/5ZKStnWn8Zo.navmesh
{"family": "V16_6cea708164a799fb935f", "seconds": 3.883870902005583, "comparisons": [{"a": "L3", "b": "R3", "raw_equal": false, "pose_equal": false}, {"a": "L3", "b": "L6", "raw_equal": false, "pose_equal": false}, {"a": "L3", "b": "R6", "raw_equal": false, "pose_equal": false}, {"a": "L3", "b": "L9", "raw_equal": false, "pose_equal": false}, {"a": "L3", "b": "R9", "raw_equal": false, "pose_equal": false}, {"a": "R3", "b": "L6", "raw_equal": false, "pose_equal": false}, {"a": "R3", "b": "R6", "raw_equal": false, "pose_equal": false}, {"a": "R3", "b": "L9", "raw_equal": false, "pose_equal": false}, {"a": "R3", "b": "R9", "raw_equal": false, "pose_equal": false}, {"a": "L6", "b": "R6", "raw_equal": false, "pose_equal": false}, {"a": "L6", "b": "L9", "raw_equal": false, "pose_equal": false}, {"a": "L6", "b": "R9", "raw_equal": false, "pose_equal": false}, {"a": "R6", "b": "L9", "raw_equal": false, "pose_equal": false}, {"a": "R6", "b": "R9", "raw_equal": false, "pose_equal": false}, {"a": "L9", "b": "R9", "raw_equal": false, "pose_equal": false}], "backend_counts": {"simulator_constructions": 1, "primitive_actions": 456, "trace_initializations": 6, "explicit_resets": 6, "observation_records": 462, "explicit_reconstructions": 0}, "new_certified_families": 0}
I0921 08:44:54.657248 4127975 PhysicsManager.cpp:33] Deconstructing PhysicsManager
I0921 08:44:54.657289 4127975 SemanticScene.h:41] Deconstructing SemanticScene
I0921 08:44:54.660714 4127975 SceneManager.h:25] Deconstructing SceneManager
I0921 08:44:54.660723 4127975 SceneGraph.h:26] Deconstructing SceneGraph
I0921 08:44:54.661392 4127975 Sensor.h:87] Deconstructing Sensor
I0921 08:44:54.661425 4127975 Sensor.h:87] Deconstructing Sensor
I0921 08:44:54.661433 4127975 SceneGraph.h:26] Deconstructing SceneGraph
I0921 08:44:54.678704 4127975 Renderer.cpp:34] Deconstructing Renderer
I0921 08:44:54.678732 4127975 WindowlessContext.h:17] Deconstructing WindowlessContext
I0921 08:44:54.778952 4127975 Simulator.cpp:49] Deconstructing Simulator
